INFO: [VRFC 10-163] Analyzing VHDL file "C:/Users/matte/Downloads/project_pixV2.xpr/project_pix/project_pix.sim/sim_1/impl/func/xsim/TB_TOP_PIX_func_impl.vhd" into library xil_defaultlib
INFO: [VRFC 10-3107] analyzing entity 'FA'
INFO: [VRFC 10-3107] analyzing entity '\FA__1\'
INFO: [VRFC 10-3107] analyzing entity '\FA__10\'
INFO: [VRFC 10-3107] analyzing entity '\FA__100\'
INFO: [VRFC 10-3107] analyzing entity '\FA__101\'
INFO: [VRFC 10-3107] analyzing entity '\FA__102\'
INFO: [VRFC 10-3107] analyzing entity '\FA__103\'
INFO: [VRFC 10-3107] analyzing entity '\FA__107\'
INFO: [VRFC 10-3107] analyzing entity '\FA__108\'
INFO: [VRFC 10-3107] analyzing entity '\FA__109\'
INFO: [VRFC 10-3107] analyzing entity '\FA__11\'
INFO: [VRFC 10-3107] analyzing entity '\FA__110\'
INFO: [VRFC 10-3107] analyzing entity '\FA__111\'
INFO: [VRFC 10-3107] analyzing entity '\FA__112\'
INFO: [VRFC 10-3107] analyzing entity '\FA__113\'
INFO: [VRFC 10-3107] analyzing entity '\FA__114\'
INFO: [VRFC 10-3107] analyzing entity '\FA__115\'
INFO: [VRFC 10-3107] analyzing entity '\FA__116\'
INFO: [VRFC 10-3107] analyzing entity '\FA__117\'
INFO: [VRFC 10-3107] analyzing entity '\FA__118\'
INFO: [VRFC 10-3107] analyzing entity '\FA__119\'
INFO: [VRFC 10-3107] analyzing entity '\FA__12\'
INFO: [VRFC 10-3107] analyzing entity '\FA__120\'
INFO: [VRFC 10-3107] analyzing entity '\FA__121\'
INFO: [VRFC 10-3107] analyzing entity '\FA__122\'
INFO: [VRFC 10-3107] analyzing entity '\FA__123\'
INFO: [VRFC 10-3107] analyzing entity '\FA__126\'
INFO: [VRFC 10-3107] analyzing entity '\FA__127\'
INFO: [VRFC 10-3107] analyzing entity '\FA__128\'
INFO: [VRFC 10-3107] analyzing entity '\FA__129\'
INFO: [VRFC 10-3107] analyzing entity '\FA__13\'
INFO: [VRFC 10-3107] analyzing entity '\FA__130\'
INFO: [VRFC 10-3107] analyzing entity '\FA__131\'
INFO: [VRFC 10-3107] analyzing entity '\FA__132\'
INFO: [VRFC 10-3107] analyzing entity '\FA__133\'
INFO: [VRFC 10-3107] analyzing entity '\FA__134\'
INFO: [VRFC 10-3107] analyzing entity '\FA__135\'
INFO: [VRFC 10-3107] analyzing entity '\FA__136\'
INFO: [VRFC 10-3107] analyzing entity '\FA__137\'
INFO: [VRFC 10-3107] analyzing entity '\FA__138\'
INFO: [VRFC 10-3107] analyzing entity '\FA__139\'
INFO: [VRFC 10-3107] analyzing entity '\FA__14\'
INFO: [VRFC 10-3107] analyzing entity '\FA__144\'
INFO: [VRFC 10-3107] analyzing entity '\FA__145\'
INFO: [VRFC 10-3107] analyzing entity '\FA__146\'
INFO: [VRFC 10-3107] analyzing entity '\FA__147\'
INFO: [VRFC 10-3107] analyzing entity '\FA__148\'
INFO: [VRFC 10-3107] analyzing entity '\FA__149\'
INFO: [VRFC 10-3107] analyzing entity '\FA__15\'
INFO: [VRFC 10-3107] analyzing entity '\FA__150\'
INFO: [VRFC 10-3107] analyzing entity '\FA__151\'
INFO: [VRFC 10-3107] analyzing entity '\FA__152\'
INFO: [VRFC 10-3107] analyzing entity '\FA__153\'
INFO: [VRFC 10-3107] analyzing entity '\FA__154\'
INFO: [VRFC 10-3107] analyzing entity '\FA__155\'
INFO: [VRFC 10-3107] analyzing entity '\FA__156\'
INFO: [VRFC 10-3107] analyzing entity '\FA__157\'
INFO: [VRFC 10-3107] analyzing entity '\FA__158\'
INFO: [VRFC 10-3107] analyzing entity '\FA__159\'
INFO: [VRFC 10-3107] analyzing entity '\FA__16\'
INFO: [VRFC 10-3107] analyzing entity '\FA__160\'
INFO: [VRFC 10-3107] analyzing entity '\FA__161\'
INFO: [VRFC 10-3107] analyzing entity '\FA__162\'
INFO: [VRFC 10-3107] analyzing entity '\FA__163\'
INFO: [VRFC 10-3107] analyzing entity '\FA__164\'
INFO: [VRFC 10-3107] analyzing entity '\FA__165\'
INFO: [VRFC 10-3107] analyzing entity '\FA__166\'
INFO: [VRFC 10-3107] analyzing entity '\FA__167\'
INFO: [VRFC 10-3107] analyzing entity '\FA__168\'
INFO: [VRFC 10-3107] analyzing entity '\FA__169\'
INFO: [VRFC 10-3107] analyzing entity '\FA__170\'
INFO: [VRFC 10-3107] analyzing entity '\FA__171\'
INFO: [VRFC 10-3107] analyzing entity '\FA__172\'
INFO: [VRFC 10-3107] analyzing entity '\FA__173\'
INFO: [VRFC 10-3107] analyzing entity '\FA__174\'
INFO: [VRFC 10-3107] analyzing entity '\FA__175\'
INFO: [VRFC 10-3107] analyzing entity '\FA__176\'
INFO: [VRFC 10-3107] analyzing entity '\FA__177\'
INFO: [VRFC 10-3107] analyzing entity '\FA__178\'
INFO: [VRFC 10-3107] analyzing entity '\FA__179\'
INFO: [VRFC 10-3107] analyzing entity '\FA__180\'
INFO: [VRFC 10-3107] analyzing entity '\FA__181\'
INFO: [VRFC 10-3107] analyzing entity '\FA__182\'
INFO: [VRFC 10-3107] analyzing entity '\FA__183\'
INFO: [VRFC 10-3107] analyzing entity '\FA__184\'
INFO: [VRFC 10-3107] analyzing entity '\FA__185\'
INFO: [VRFC 10-3107] analyzing entity '\FA__186\'
INFO: [VRFC 10-3107] analyzing entity '\FA__187\'
INFO: [VRFC 10-3107] analyzing entity '\FA__188\'
INFO: [VRFC 10-3107] analyzing entity '\FA__189\'
INFO: [VRFC 10-3107] analyzing entity '\FA__190\'
INFO: [VRFC 10-3107] analyzing entity '\FA__191\'
INFO: [VRFC 10-3107] analyzing entity '\FA__192\'
INFO: [VRFC 10-3107] analyzing entity '\FA__193\'
INFO: [VRFC 10-3107] analyzing entity '\FA__194\'
INFO: [VRFC 10-3107] analyzing entity '\FA__197\'
INFO: [VRFC 10-3107] analyzing entity '\FA__198\'
INFO: [VRFC 10-3107] analyzing entity '\FA__199\'
INFO: [VRFC 10-3107] analyzing entity '\FA__2\'
INFO: [VRFC 10-3107] analyzing entity '\FA__200\'
INFO: [VRFC 10-3107] analyzing entity '\FA__201\'
INFO: [VRFC 10-3107] analyzing entity '\FA__202\'
INFO: [VRFC 10-3107] analyzing entity '\FA__203\'
INFO: [VRFC 10-3107] analyzing entity '\FA__204\'
INFO: [VRFC 10-3107] analyzing entity '\FA__205\'
INFO: [VRFC 10-3107] analyzing entity '\FA__206\'
INFO: [VRFC 10-3107] analyzing entity '\FA__207\'
INFO: [VRFC 10-3107] analyzing entity '\FA__208\'
INFO: [VRFC 10-3107] analyzing entity '\FA__209\'
INFO: [VRFC 10-3107] analyzing entity '\FA__21\'
INFO: [VRFC 10-3107] analyzing entity '\FA__210\'
INFO: [VRFC 10-3107] analyzing entity '\FA__214\'
INFO: [VRFC 10-3107] analyzing entity '\FA__215\'
INFO: [VRFC 10-3107] analyzing entity '\FA__216\'
INFO: [VRFC 10-3107] analyzing entity '\FA__217\'
INFO: [VRFC 10-3107] analyzing entity '\FA__218\'
INFO: [VRFC 10-3107] analyzing entity '\FA__219\'
INFO: [VRFC 10-3107] analyzing entity '\FA__22\'
INFO: [VRFC 10-3107] analyzing entity '\FA__220\'
INFO: [VRFC 10-3107] analyzing entity '\FA__221\'
INFO: [VRFC 10-3107] analyzing entity '\FA__222\'
INFO: [VRFC 10-3107] analyzing entity '\FA__223\'
INFO: [VRFC 10-3107] analyzing entity '\FA__224\'
INFO: [VRFC 10-3107] analyzing entity '\FA__225\'
INFO: [VRFC 10-3107] analyzing entity '\FA__226\'
INFO: [VRFC 10-3107] analyzing entity '\FA__227\'
INFO: [VRFC 10-3107] analyzing entity '\FA__228\'
INFO: [VRFC 10-3107] analyzing entity '\FA__229\'
INFO: [VRFC 10-3107] analyzing entity '\FA__23\'
INFO: [VRFC 10-3107] analyzing entity '\FA__230\'
INFO: [VRFC 10-3107] analyzing entity '\FA__233\'
INFO: [VRFC 10-3107] analyzing entity '\FA__234\'
INFO: [VRFC 10-3107] analyzing entity '\FA__235\'
INFO: [VRFC 10-3107] analyzing entity '\FA__236\'
INFO: [VRFC 10-3107] analyzing entity '\FA__237\'
INFO: [VRFC 10-3107] analyzing entity '\FA__238\'
INFO: [VRFC 10-3107] analyzing entity '\FA__239\'
INFO: [VRFC 10-3107] analyzing entity '\FA__24\'
INFO: [VRFC 10-3107] analyzing entity '\FA__240\'
INFO: [VRFC 10-3107] analyzing entity '\FA__241\'
INFO: [VRFC 10-3107] analyzing entity '\FA__242\'
INFO: [VRFC 10-3107] analyzing entity '\FA__243\'
INFO: [VRFC 10-3107] analyzing entity '\FA__244\'
INFO: [VRFC 10-3107] analyzing entity '\FA__245\'
INFO: [VRFC 10-3107] analyzing entity '\FA__246\'
INFO: [VRFC 10-3107] analyzing entity '\FA__25\'
INFO: [VRFC 10-3107] analyzing entity '\FA__250\'
INFO: [VRFC 10-3107] analyzing entity '\FA__251\'
INFO: [VRFC 10-3107] analyzing entity '\FA__252\'
INFO: [VRFC 10-3107] analyzing entity '\FA__253\'
INFO: [VRFC 10-3107] analyzing entity '\FA__254\'
INFO: [VRFC 10-3107] analyzing entity '\FA__255\'
INFO: [VRFC 10-3107] analyzing entity '\FA__256\'
INFO: [VRFC 10-3107] analyzing entity '\FA__257\'
INFO: [VRFC 10-3107] analyzing entity '\FA__258\'
INFO: [VRFC 10-3107] analyzing entity '\FA__259\'
INFO: [VRFC 10-3107] analyzing entity '\FA__26\'
INFO: [VRFC 10-3107] analyzing entity '\FA__260\'
INFO: [VRFC 10-3107] analyzing entity '\FA__261\'
INFO: [VRFC 10-3107] analyzing entity '\FA__262\'
INFO: [VRFC 10-3107] analyzing entity '\FA__263\'
INFO: [VRFC 10-3107] analyzing entity '\FA__264\'
INFO: [VRFC 10-3107] analyzing entity '\FA__265\'
INFO: [VRFC 10-3107] analyzing entity '\FA__266\'
INFO: [VRFC 10-3107] analyzing entity '\FA__269\'
INFO: [VRFC 10-3107] analyzing entity '\FA__27\'
INFO: [VRFC 10-3107] analyzing entity '\FA__270\'
INFO: [VRFC 10-3107] analyzing entity '\FA__271\'
INFO: [VRFC 10-3107] analyzing entity '\FA__272\'
INFO: [VRFC 10-3107] analyzing entity '\FA__273\'
INFO: [VRFC 10-3107] analyzing entity '\FA__274\'
INFO: [VRFC 10-3107] analyzing entity '\FA__275\'
INFO: [VRFC 10-3107] analyzing entity '\FA__276\'
INFO: [VRFC 10-3107] analyzing entity '\FA__277\'
INFO: [VRFC 10-3107] analyzing entity '\FA__278\'
INFO: [VRFC 10-3107] analyzing entity '\FA__279\'
INFO: [VRFC 10-3107] analyzing entity '\FA__28\'
INFO: [VRFC 10-3107] analyzing entity '\FA__280\'
INFO: [VRFC 10-3107] analyzing entity '\FA__281\'
INFO: [VRFC 10-3107] analyzing entity '\FA__282\'
INFO: [VRFC 10-3107] analyzing entity '\FA__287\'
INFO: [VRFC 10-3107] analyzing entity '\FA__288\'
INFO: [VRFC 10-3107] analyzing entity '\FA__289\'
INFO: [VRFC 10-3107] analyzing entity '\FA__29\'
INFO: [VRFC 10-3107] analyzing entity '\FA__290\'
INFO: [VRFC 10-3107] analyzing entity '\FA__291\'
INFO: [VRFC 10-3107] analyzing entity '\FA__292\'
INFO: [VRFC 10-3107] analyzing entity '\FA__293\'
INFO: [VRFC 10-3107] analyzing entity '\FA__294\'
INFO: [VRFC 10-3107] analyzing entity '\FA__295\'
INFO: [VRFC 10-3107] analyzing entity '\FA__296\'
INFO: [VRFC 10-3107] analyzing entity '\FA__297\'
INFO: [VRFC 10-3107] analyzing entity '\FA__298\'
INFO: [VRFC 10-3107] analyzing entity '\FA__299\'
INFO: [VRFC 10-3107] analyzing entity '\FA__3\'
INFO: [VRFC 10-3107] analyzing entity '\FA__30\'
INFO: [VRFC 10-3107] analyzing entity '\FA__300\'
INFO: [VRFC 10-3107] analyzing entity '\FA__301\'
INFO: [VRFC 10-3107] analyzing entity '\FA__302\'
INFO: [VRFC 10-3107] analyzing entity '\FA__304\'
INFO: [VRFC 10-3107] analyzing entity '\FA__305\'
INFO: [VRFC 10-3107] analyzing entity '\FA__306\'
INFO: [VRFC 10-3107] analyzing entity '\FA__307\'
INFO: [VRFC 10-3107] analyzing entity '\FA__308\'
INFO: [VRFC 10-3107] analyzing entity '\FA__309\'
INFO: [VRFC 10-3107] analyzing entity '\FA__31\'
INFO: [VRFC 10-3107] analyzing entity '\FA__310\'
INFO: [VRFC 10-3107] analyzing entity '\FA__311\'
INFO: [VRFC 10-3107] analyzing entity '\FA__312\'
INFO: [VRFC 10-3107] analyzing entity '\FA__313\'
INFO: [VRFC 10-3107] analyzing entity '\FA__314\'
INFO: [VRFC 10-3107] analyzing entity '\FA__315\'
INFO: [VRFC 10-3107] analyzing entity '\FA__316\'
INFO: [VRFC 10-3107] analyzing entity '\FA__317\'
INFO: [VRFC 10-3107] analyzing entity '\FA__318\'
INFO: [VRFC 10-3107] analyzing entity '\FA__319\'
INFO: [VRFC 10-3107] analyzing entity '\FA__32\'
INFO: [VRFC 10-3107] analyzing entity '\FA__320\'
INFO: [VRFC 10-3107] analyzing entity '\FA__321\'
INFO: [VRFC 10-3107] analyzing entity '\FA__322\'
INFO: [VRFC 10-3107] analyzing entity '\FA__323\'
INFO: [VRFC 10-3107] analyzing entity '\FA__324\'
INFO: [VRFC 10-3107] analyzing entity '\FA__325\'
INFO: [VRFC 10-3107] analyzing entity '\FA__326\'
INFO: [VRFC 10-3107] analyzing entity '\FA__327\'
INFO: [VRFC 10-3107] analyzing entity '\FA__328\'
INFO: [VRFC 10-3107] analyzing entity '\FA__329\'
INFO: [VRFC 10-3107] analyzing entity '\FA__33\'
INFO: [VRFC 10-3107] analyzing entity '\FA__330\'
INFO: [VRFC 10-3107] analyzing entity '\FA__331\'
INFO: [VRFC 10-3107] analyzing entity '\FA__332\'
INFO: [VRFC 10-3107] analyzing entity '\FA__333\'
INFO: [VRFC 10-3107] analyzing entity '\FA__334\'
INFO: [VRFC 10-3107] analyzing entity '\FA__335\'
INFO: [VRFC 10-3107] analyzing entity '\FA__336\'
INFO: [VRFC 10-3107] analyzing entity '\FA__337\'
INFO: [VRFC 10-3107] analyzing entity '\FA__338\'
INFO: [VRFC 10-3107] analyzing entity '\FA__339\'
INFO: [VRFC 10-3107] analyzing entity '\FA__34\'
INFO: [VRFC 10-3107] analyzing entity '\FA__340\'
INFO: [VRFC 10-3107] analyzing entity '\FA__341\'
INFO: [VRFC 10-3107] analyzing entity '\FA__342\'
INFO: [VRFC 10-3107] analyzing entity '\FA__343\'
INFO: [VRFC 10-3107] analyzing entity '\FA__344\'
INFO: [VRFC 10-3107] analyzing entity '\FA__345\'
INFO: [VRFC 10-3107] analyzing entity '\FA__346\'
INFO: [VRFC 10-3107] analyzing entity '\FA__347\'
INFO: [VRFC 10-3107] analyzing entity '\FA__348\'
INFO: [VRFC 10-3107] analyzing entity '\FA__349\'
INFO: [VRFC 10-3107] analyzing entity '\FA__350\'
INFO: [VRFC 10-3107] analyzing entity '\FA__351\'
INFO: [VRFC 10-3107] analyzing entity '\FA__352\'
INFO: [VRFC 10-3107] analyzing entity '\FA__353\'
INFO: [VRFC 10-3107] analyzing entity '\FA__354\'
INFO: [VRFC 10-3107] analyzing entity '\FA__357\'
INFO: [VRFC 10-3107] analyzing entity '\FA__358\'
INFO: [VRFC 10-3107] analyzing entity '\FA__359\'
INFO: [VRFC 10-3107] analyzing entity '\FA__360\'
INFO: [VRFC 10-3107] analyzing entity '\FA__361\'
INFO: [VRFC 10-3107] analyzing entity '\FA__362\'
INFO: [VRFC 10-3107] analyzing entity '\FA__363\'
INFO: [VRFC 10-3107] analyzing entity '\FA__364\'
INFO: [VRFC 10-3107] analyzing entity '\FA__365\'
INFO: [VRFC 10-3107] analyzing entity '\FA__366\'
INFO: [VRFC 10-3107] analyzing entity '\FA__367\'
INFO: [VRFC 10-3107] analyzing entity '\FA__368\'
INFO: [VRFC 10-3107] analyzing entity '\FA__369\'
INFO: [VRFC 10-3107] analyzing entity '\FA__37\'
INFO: [VRFC 10-3107] analyzing entity '\FA__370\'
INFO: [VRFC 10-3107] analyzing entity '\FA__374\'
INFO: [VRFC 10-3107] analyzing entity '\FA__375\'
INFO: [VRFC 10-3107] analyzing entity '\FA__376\'
INFO: [VRFC 10-3107] analyzing entity '\FA__377\'
INFO: [VRFC 10-3107] analyzing entity '\FA__378\'
INFO: [VRFC 10-3107] analyzing entity '\FA__379\'
INFO: [VRFC 10-3107] analyzing entity '\FA__38\'
INFO: [VRFC 10-3107] analyzing entity '\FA__380\'
INFO: [VRFC 10-3107] analyzing entity '\FA__381\'
INFO: [VRFC 10-3107] analyzing entity '\FA__382\'
INFO: [VRFC 10-3107] analyzing entity '\FA__383\'
INFO: [VRFC 10-3107] analyzing entity '\FA__384\'
INFO: [VRFC 10-3107] analyzing entity '\FA__385\'
INFO: [VRFC 10-3107] analyzing entity '\FA__386\'
INFO: [VRFC 10-3107] analyzing entity '\FA__387\'
INFO: [VRFC 10-3107] analyzing entity '\FA__388\'
INFO: [VRFC 10-3107] analyzing entity '\FA__389\'
INFO: [VRFC 10-3107] analyzing entity '\FA__39\'
INFO: [VRFC 10-3107] analyzing entity '\FA__390\'
INFO: [VRFC 10-3107] analyzing entity '\FA__393\'
INFO: [VRFC 10-3107] analyzing entity '\FA__394\'
INFO: [VRFC 10-3107] analyzing entity '\FA__395\'
INFO: [VRFC 10-3107] analyzing entity '\FA__396\'
INFO: [VRFC 10-3107] analyzing entity '\FA__397\'
INFO: [VRFC 10-3107] analyzing entity '\FA__398\'
INFO: [VRFC 10-3107] analyzing entity '\FA__399\'
INFO: [VRFC 10-3107] analyzing entity '\FA__4\'
INFO: [VRFC 10-3107] analyzing entity '\FA__40\'
INFO: [VRFC 10-3107] analyzing entity '\FA__400\'
INFO: [VRFC 10-3107] analyzing entity '\FA__401\'
INFO: [VRFC 10-3107] analyzing entity '\FA__402\'
INFO: [VRFC 10-3107] analyzing entity '\FA__403\'
INFO: [VRFC 10-3107] analyzing entity '\FA__404\'
INFO: [VRFC 10-3107] analyzing entity '\FA__405\'
INFO: [VRFC 10-3107] analyzing entity '\FA__406\'
INFO: [VRFC 10-3107] analyzing entity '\FA__41\'
INFO: [VRFC 10-3107] analyzing entity '\FA__410\'
INFO: [VRFC 10-3107] analyzing entity '\FA__411\'
INFO: [VRFC 10-3107] analyzing entity '\FA__412\'
INFO: [VRFC 10-3107] analyzing entity '\FA__413\'
INFO: [VRFC 10-3107] analyzing entity '\FA__414\'
INFO: [VRFC 10-3107] analyzing entity '\FA__415\'
INFO: [VRFC 10-3107] analyzing entity '\FA__416\'
INFO: [VRFC 10-3107] analyzing entity '\FA__417\'
INFO: [VRFC 10-3107] analyzing entity '\FA__418\'
INFO: [VRFC 10-3107] analyzing entity '\FA__419\'
INFO: [VRFC 10-3107] analyzing entity '\FA__42\'
INFO: [VRFC 10-3107] analyzing entity '\FA__420\'
INFO: [VRFC 10-3107] analyzing entity '\FA__421\'
INFO: [VRFC 10-3107] analyzing entity '\FA__422\'
INFO: [VRFC 10-3107] analyzing entity '\FA__423\'
INFO: [VRFC 10-3107] analyzing entity '\FA__424\'
INFO: [VRFC 10-3107] analyzing entity '\FA__425\'
INFO: [VRFC 10-3107] analyzing entity '\FA__426\'
INFO: [VRFC 10-3107] analyzing entity '\FA__429\'
INFO: [VRFC 10-3107] analyzing entity '\FA__43\'
INFO: [VRFC 10-3107] analyzing entity '\FA__430\'
INFO: [VRFC 10-3107] analyzing entity '\FA__431\'
INFO: [VRFC 10-3107] analyzing entity '\FA__432\'
INFO: [VRFC 10-3107] analyzing entity '\FA__433\'
INFO: [VRFC 10-3107] analyzing entity '\FA__434\'
INFO: [VRFC 10-3107] analyzing entity '\FA__435\'
INFO: [VRFC 10-3107] analyzing entity '\FA__436\'
INFO: [VRFC 10-3107] analyzing entity '\FA__437\'
INFO: [VRFC 10-3107] analyzing entity '\FA__438\'
INFO: [VRFC 10-3107] analyzing entity '\FA__439\'
INFO: [VRFC 10-3107] analyzing entity '\FA__44\'
INFO: [VRFC 10-3107] analyzing entity '\FA__440\'
INFO: [VRFC 10-3107] analyzing entity '\FA__441\'
INFO: [VRFC 10-3107] analyzing entity '\FA__442\'
INFO: [VRFC 10-3107] analyzing entity '\FA__447\'
INFO: [VRFC 10-3107] analyzing entity '\FA__448\'
INFO: [VRFC 10-3107] analyzing entity '\FA__449\'
INFO: [VRFC 10-3107] analyzing entity '\FA__45\'
INFO: [VRFC 10-3107] analyzing entity '\FA__450\'
INFO: [VRFC 10-3107] analyzing entity '\FA__451\'
INFO: [VRFC 10-3107] analyzing entity '\FA__452\'
INFO: [VRFC 10-3107] analyzing entity '\FA__453\'
INFO: [VRFC 10-3107] analyzing entity '\FA__454\'
INFO: [VRFC 10-3107] analyzing entity '\FA__455\'
INFO: [VRFC 10-3107] analyzing entity '\FA__456\'
INFO: [VRFC 10-3107] analyzing entity '\FA__457\'
INFO: [VRFC 10-3107] analyzing entity '\FA__458\'
INFO: [VRFC 10-3107] analyzing entity '\FA__459\'
INFO: [VRFC 10-3107] analyzing entity '\FA__46\'
INFO: [VRFC 10-3107] analyzing entity '\FA__460\'
INFO: [VRFC 10-3107] analyzing entity '\FA__461\'
INFO: [VRFC 10-3107] analyzing entity '\FA__462\'
INFO: [VRFC 10-3107] analyzing entity '\FA__464\'
INFO: [VRFC 10-3107] analyzing entity '\FA__465\'
INFO: [VRFC 10-3107] analyzing entity '\FA__466\'
INFO: [VRFC 10-3107] analyzing entity '\FA__467\'
INFO: [VRFC 10-3107] analyzing entity '\FA__468\'
INFO: [VRFC 10-3107] analyzing entity '\FA__469\'
INFO: [VRFC 10-3107] analyzing entity '\FA__47\'
INFO: [VRFC 10-3107] analyzing entity '\FA__470\'
INFO: [VRFC 10-3107] analyzing entity '\FA__471\'
INFO: [VRFC 10-3107] analyzing entity '\FA__472\'
INFO: [VRFC 10-3107] analyzing entity '\FA__473\'
INFO: [VRFC 10-3107] analyzing entity '\FA__474\'
INFO: [VRFC 10-3107] analyzing entity '\FA__475\'
INFO: [VRFC 10-3107] analyzing entity '\FA__476\'
INFO: [VRFC 10-3107] analyzing entity '\FA__477\'
INFO: [VRFC 10-3107] analyzing entity '\FA__478\'
INFO: [VRFC 10-3107] analyzing entity '\FA__479\'
INFO: [VRFC 10-3107] analyzing entity '\FA__48\'
INFO: [VRFC 10-3107] analyzing entity '\FA__49\'
INFO: [VRFC 10-3107] analyzing entity '\FA__5\'
INFO: [VRFC 10-3107] analyzing entity '\FA__50\'
INFO: [VRFC 10-3107] analyzing entity '\FA__51\'
INFO: [VRFC 10-3107] analyzing entity '\FA__52\'
INFO: [VRFC 10-3107] analyzing entity '\FA__53\'
INFO: [VRFC 10-3107] analyzing entity '\FA__54\'
INFO: [VRFC 10-3107] analyzing entity '\FA__55\'
INFO: [VRFC 10-3107] analyzing entity '\FA__56\'
INFO: [VRFC 10-3107] analyzing entity '\FA__57\'
INFO: [VRFC 10-3107] analyzing entity '\FA__58\'
INFO: [VRFC 10-3107] analyzing entity '\FA__59\'
INFO: [VRFC 10-3107] analyzing entity '\FA__6\'
INFO: [VRFC 10-3107] analyzing entity '\FA__60\'
INFO: [VRFC 10-3107] analyzing entity '\FA__61\'
INFO: [VRFC 10-3107] analyzing entity '\FA__62\'
INFO: [VRFC 10-3107] analyzing entity '\FA__63\'
INFO: [VRFC 10-3107] analyzing entity '\FA__64\'
INFO: [VRFC 10-3107] analyzing entity '\FA__65\'
INFO: [VRFC 10-3107] analyzing entity '\FA__66\'
INFO: [VRFC 10-3107] analyzing entity '\FA__67\'
INFO: [VRFC 10-3107] analyzing entity '\FA__68\'
INFO: [VRFC 10-3107] analyzing entity '\FA__69\'
INFO: [VRFC 10-3107] analyzing entity '\FA__7\'
INFO: [VRFC 10-3107] analyzing entity '\FA__70\'
INFO: [VRFC 10-3107] analyzing entity '\FA__71\'
INFO: [VRFC 10-3107] analyzing entity '\FA__72\'
INFO: [VRFC 10-3107] analyzing entity '\FA__73\'
INFO: [VRFC 10-3107] analyzing entity '\FA__74\'
INFO: [VRFC 10-3107] analyzing entity '\FA__75\'
INFO: [VRFC 10-3107] analyzing entity '\FA__76\'
INFO: [VRFC 10-3107] analyzing entity '\FA__77\'
INFO: [VRFC 10-3107] analyzing entity '\FA__78\'
INFO: [VRFC 10-3107] analyzing entity '\FA__79\'
INFO: [VRFC 10-3107] analyzing entity '\FA__8\'
INFO: [VRFC 10-3107] analyzing entity '\FA__80\'
INFO: [VRFC 10-3107] analyzing entity '\FA__81\'
INFO: [VRFC 10-3107] analyzing entity '\FA__82\'
INFO: [VRFC 10-3107] analyzing entity '\FA__83\'
INFO: [VRFC 10-3107] analyzing entity '\FA__84\'
INFO: [VRFC 10-3107] analyzing entity '\FA__85\'
INFO: [VRFC 10-3107] analyzing entity '\FA__86\'
INFO: [VRFC 10-3107] analyzing entity '\FA__87\'
INFO: [VRFC 10-3107] analyzing entity '\FA__9\'
INFO: [VRFC 10-3107] analyzing entity '\FA__90\'
INFO: [VRFC 10-3107] analyzing entity '\FA__91\'
INFO: [VRFC 10-3107] analyzing entity '\FA__92\'
INFO: [VRFC 10-3107] analyzing entity '\FA__93\'
INFO: [VRFC 10-3107] analyzing entity '\FA__94\'
INFO: [VRFC 10-3107] analyzing entity '\FA__95\'
INFO: [VRFC 10-3107] analyzing entity '\FA__96\'
INFO: [VRFC 10-3107] analyzing entity '\FA__97\'
INFO: [VRFC 10-3107] analyzing entity '\FA__98\'
INFO: [VRFC 10-3107] analyzing entity '\FA__99\'
INFO: [VRFC 10-3107] analyzing entity 'FastRCA_4bit'
INFO: [VRFC 10-3107] analyzing entity '\FastRCA_4bit__1\'
INFO: [VRFC 10-3107] analyzing entity '\FastRCA_4bit__10\'
INFO: [VRFC 10-3107] analyzing entity '\FastRCA_4bit__11\'
INFO: [VRFC 10-3107] analyzing entity '\FastRCA_4bit__12\'
INFO: [VRFC 10-3107] analyzing entity '\FastRCA_4bit__13\'
INFO: [VRFC 10-3107] analyzing entity '\FastRCA_4bit__14\'
INFO: [VRFC 10-3107] analyzing entity '\FastRCA_4bit__15\'
INFO: [VRFC 10-3107] analyzing entity '\FastRCA_4bit__16\'
INFO: [VRFC 10-3107] analyzing entity '\FastRCA_4bit__17\'
INFO: [VRFC 10-3107] analyzing entity '\FastRCA_4bit__18\'
INFO: [VRFC 10-3107] analyzing entity '\FastRCA_4bit__19\'
INFO: [VRFC 10-3107] analyzing entity '\FastRCA_4bit__2\'
INFO: [VRFC 10-3107] analyzing entity '\FastRCA_4bit__20\'
INFO: [VRFC 10-3107] analyzing entity '\FastRCA_4bit__21\'
INFO: [VRFC 10-3107] analyzing entity '\FastRCA_4bit__22\'
INFO: [VRFC 10-3107] analyzing entity '\FastRCA_4bit__23\'
INFO: [VRFC 10-3107] analyzing entity '\FastRCA_4bit__24\'
INFO: [VRFC 10-3107] analyzing entity '\FastRCA_4bit__25\'
INFO: [VRFC 10-3107] analyzing entity '\FastRCA_4bit__26\'
INFO: [VRFC 10-3107] analyzing entity '\FastRCA_4bit__27\'
INFO: [VRFC 10-3107] analyzing entity '\FastRCA_4bit__28\'
INFO: [VRFC 10-3107] analyzing entity '\FastRCA_4bit__29\'
INFO: [VRFC 10-3107] analyzing entity '\FastRCA_4bit__3\'
INFO: [VRFC 10-3107] analyzing entity '\FastRCA_4bit__30\'
INFO: [VRFC 10-3107] analyzing entity '\FastRCA_4bit__31\'
INFO: [VRFC 10-3107] analyzing entity '\FastRCA_4bit__32\'
INFO: [VRFC 10-3107] analyzing entity '\FastRCA_4bit__33\'
INFO: [VRFC 10-3107] analyzing entity '\FastRCA_4bit__34\'
INFO: [VRFC 10-3107] analyzing entity '\FastRCA_4bit__35\'
INFO: [VRFC 10-3107] analyzing entity '\FastRCA_4bit__36\'
INFO: [VRFC 10-3107] analyzing entity '\FastRCA_4bit__37\'
INFO: [VRFC 10-3107] analyzing entity '\FastRCA_4bit__38\'
INFO: [VRFC 10-3107] analyzing entity '\FastRCA_4bit__39\'
INFO: [VRFC 10-3107] analyzing entity '\FastRCA_4bit__4\'
INFO: [VRFC 10-3107] analyzing entity '\FastRCA_4bit__40\'
INFO: [VRFC 10-3107] analyzing entity '\FastRCA_4bit__41\'
INFO: [VRFC 10-3107] analyzing entity '\FastRCA_4bit__42\'
INFO: [VRFC 10-3107] analyzing entity '\FastRCA_4bit__43\'
INFO: [VRFC 10-3107] analyzing entity '\FastRCA_4bit__44\'
INFO: [VRFC 10-3107] analyzing entity '\FastRCA_4bit__45\'
INFO: [VRFC 10-3107] analyzing entity '\FastRCA_4bit__46\'
INFO: [VRFC 10-3107] analyzing entity '\FastRCA_4bit__47\'
INFO: [VRFC 10-3107] analyzing entity '\FastRCA_4bit__48\'
INFO: [VRFC 10-3107] analyzing entity '\FastRCA_4bit__49\'
INFO: [VRFC 10-3107] analyzing entity '\FastRCA_4bit__5\'
INFO: [VRFC 10-3107] analyzing entity '\FastRCA_4bit__50\'
INFO: [VRFC 10-3107] analyzing entity '\FastRCA_4bit__51\'
INFO: [VRFC 10-3107] analyzing entity '\FastRCA_4bit__52\'
INFO: [VRFC 10-3107] analyzing entity '\FastRCA_4bit__53\'
INFO: [VRFC 10-3107] analyzing entity '\FastRCA_4bit__54\'
INFO: [VRFC 10-3107] analyzing entity '\FastRCA_4bit__55\'
INFO: [VRFC 10-3107] analyzing entity '\FastRCA_4bit__56\'
INFO: [VRFC 10-3107] analyzing entity '\FastRCA_4bit__57\'
INFO: [VRFC 10-3107] analyzing entity '\FastRCA_4bit__58\'
INFO: [VRFC 10-3107] analyzing entity '\FastRCA_4bit__59\'
INFO: [VRFC 10-3107] analyzing entity '\FastRCA_4bit__6\'
INFO: [VRFC 10-3107] analyzing entity '\FastRCA_4bit__60\'
INFO: [VRFC 10-3107] analyzing entity '\FastRCA_4bit__61\'
INFO: [VRFC 10-3107] analyzing entity '\FastRCA_4bit__62\'
INFO: [VRFC 10-3107] analyzing entity '\FastRCA_4bit__63\'
INFO: [VRFC 10-3107] analyzing entity '\FastRCA_4bit__64\'
INFO: [VRFC 10-3107] analyzing entity '\FastRCA_4bit__65\'
INFO: [VRFC 10-3107] analyzing entity '\FastRCA_4bit__66\'
INFO: [VRFC 10-3107] analyzing entity '\FastRCA_4bit__67\'
INFO: [VRFC 10-3107] analyzing entity '\FastRCA_4bit__68\'
INFO: [VRFC 10-3107] analyzing entity '\FastRCA_4bit__69\'
INFO: [VRFC 10-3107] analyzing entity '\FastRCA_4bit__7\'
INFO: [VRFC 10-3107] analyzing entity '\FastRCA_4bit__70\'
INFO: [VRFC 10-3107] analyzing entity '\FastRCA_4bit__71\'
INFO: [VRFC 10-3107] analyzing entity '\FastRCA_4bit__72\'
INFO: [VRFC 10-3107] analyzing entity '\FastRCA_4bit__73\'
INFO: [VRFC 10-3107] analyzing entity '\FastRCA_4bit__74\'
INFO: [VRFC 10-3107] analyzing entity '\FastRCA_4bit__75\'
INFO: [VRFC 10-3107] analyzing entity '\FastRCA_4bit__76\'
INFO: [VRFC 10-3107] analyzing entity '\FastRCA_4bit__77\'
INFO: [VRFC 10-3107] analyzing entity '\FastRCA_4bit__8\'
INFO: [VRFC 10-3107] analyzing entity '\FastRCA_4bit__9\'
INFO: [VRFC 10-3107] analyzing entity 'MUX'
INFO: [VRFC 10-3107] analyzing entity '\MUX__1\'
INFO: [VRFC 10-3107] analyzing entity '\MUX__10\'
INFO: [VRFC 10-3107] analyzing entity '\MUX__11\'
INFO: [VRFC 10-3107] analyzing entity '\MUX__12\'
INFO: [VRFC 10-3107] analyzing entity '\MUX__13\'
INFO: [VRFC 10-3107] analyzing entity '\MUX__14\'
INFO: [VRFC 10-3107] analyzing entity '\MUX__15\'
INFO: [VRFC 10-3107] analyzing entity '\MUX__16\'
INFO: [VRFC 10-3107] analyzing entity '\MUX__17\'
INFO: [VRFC 10-3107] analyzing entity '\MUX__18\'
INFO: [VRFC 10-3107] analyzing entity '\MUX__19\'
INFO: [VRFC 10-3107] analyzing entity '\MUX__2\'
INFO: [VRFC 10-3107] analyzing entity '\MUX__20\'
INFO: [VRFC 10-3107] analyzing entity '\MUX__21\'
INFO: [VRFC 10-3107] analyzing entity '\MUX__22\'
INFO: [VRFC 10-3107] analyzing entity '\MUX__23\'
INFO: [VRFC 10-3107] analyzing entity '\MUX__24\'
INFO: [VRFC 10-3107] analyzing entity '\MUX__25\'
INFO: [VRFC 10-3107] analyzing entity '\MUX__26\'
INFO: [VRFC 10-3107] analyzing entity '\MUX__27\'
INFO: [VRFC 10-3107] analyzing entity '\MUX__28\'
INFO: [VRFC 10-3107] analyzing entity '\MUX__29\'
INFO: [VRFC 10-3107] analyzing entity '\MUX__3\'
INFO: [VRFC 10-3107] analyzing entity '\MUX__30\'
INFO: [VRFC 10-3107] analyzing entity '\MUX__31\'
INFO: [VRFC 10-3107] analyzing entity '\MUX__32\'
INFO: [VRFC 10-3107] analyzing entity '\MUX__33\'
INFO: [VRFC 10-3107] analyzing entity '\MUX__34\'
INFO: [VRFC 10-3107] analyzing entity '\MUX__35\'
INFO: [VRFC 10-3107] analyzing entity '\MUX__4\'
INFO: [VRFC 10-3107] analyzing entity '\MUX__5\'
INFO: [VRFC 10-3107] analyzing entity '\MUX__6\'
INFO: [VRFC 10-3107] analyzing entity '\MUX__7\'
INFO: [VRFC 10-3107] analyzing entity '\MUX__8\'
INFO: [VRFC 10-3107] analyzing entity '\MUX__9\'
INFO: [VRFC 10-3107] analyzing entity 'REG8'
INFO: [VRFC 10-3107] analyzing entity '\REG8__1\'
INFO: [VRFC 10-3107] analyzing entity '\REG8__10\'
INFO: [VRFC 10-3107] analyzing entity '\REG8__100\'
INFO: [VRFC 10-3107] analyzing entity '\REG8__101\'
INFO: [VRFC 10-3107] analyzing entity '\REG8__102\'
INFO: [VRFC 10-3107] analyzing entity '\REG8__103\'
INFO: [VRFC 10-3107] analyzing entity '\REG8__104\'
INFO: [VRFC 10-3107] analyzing entity '\REG8__105\'
INFO: [VRFC 10-3107] analyzing entity '\REG8__106\'
INFO: [VRFC 10-3107] analyzing entity '\REG8__107\'
INFO: [VRFC 10-3107] analyzing entity '\REG8__108\'
INFO: [VRFC 10-3107] analyzing entity '\REG8__109\'
INFO: [VRFC 10-3107] analyzing entity '\REG8__11\'
INFO: [VRFC 10-3107] analyzing entity '\REG8__110\'
INFO: [VRFC 10-3107] analyzing entity '\REG8__111\'
INFO: [VRFC 10-3107] analyzing entity '\REG8__112\'
INFO: [VRFC 10-3107] analyzing entity '\REG8__113\'
INFO: [VRFC 10-3107] analyzing entity '\REG8__114\'
INFO: [VRFC 10-3107] analyzing entity '\REG8__115\'
INFO: [VRFC 10-3107] analyzing entity '\REG8__116\'
INFO: [VRFC 10-3107] analyzing entity '\REG8__117\'
INFO: [VRFC 10-3107] analyzing entity '\REG8__118\'
INFO: [VRFC 10-3107] analyzing entity '\REG8__119\'
INFO: [VRFC 10-3107] analyzing entity '\REG8__12\'
INFO: [VRFC 10-3107] analyzing entity '\REG8__120\'
INFO: [VRFC 10-3107] analyzing entity '\REG8__121\'
INFO: [VRFC 10-3107] analyzing entity '\REG8__122\'
INFO: [VRFC 10-3107] analyzing entity '\REG8__123\'
INFO: [VRFC 10-3107] analyzing entity '\REG8__124\'
INFO: [VRFC 10-3107] analyzing entity '\REG8__125\'
INFO: [VRFC 10-3107] analyzing entity '\REG8__126\'
INFO: [VRFC 10-3107] analyzing entity '\REG8__127\'
INFO: [VRFC 10-3107] analyzing entity '\REG8__128\'
INFO: [VRFC 10-3107] analyzing entity '\REG8__129\'
INFO: [VRFC 10-3107] analyzing entity '\REG8__13\'
INFO: [VRFC 10-3107] analyzing entity '\REG8__130\'
INFO: [VRFC 10-3107] analyzing entity '\REG8__131\'
INFO: [VRFC 10-3107] analyzing entity '\REG8__132\'
INFO: [VRFC 10-3107] analyzing entity '\REG8__133\'
INFO: [VRFC 10-3107] analyzing entity '\REG8__134\'
INFO: [VRFC 10-3107] analyzing entity '\REG8__135\'
INFO: [VRFC 10-3107] analyzing entity '\REG8__136\'
INFO: [VRFC 10-3107] analyzing entity '\REG8__137\'
INFO: [VRFC 10-3107] analyzing entity '\REG8__138\'
INFO: [VRFC 10-3107] analyzing entity '\REG8__139\'
INFO: [VRFC 10-3107] analyzing entity '\REG8__14\'
INFO: [VRFC 10-3107] analyzing entity '\REG8__140\'
INFO: [VRFC 10-3107] analyzing entity '\REG8__141\'
INFO: [VRFC 10-3107] analyzing entity '\REG8__142\'
INFO: [VRFC 10-3107] analyzing entity '\REG8__143\'
INFO: [VRFC 10-3107] analyzing entity '\REG8__144\'
INFO: [VRFC 10-3107] analyzing entity '\REG8__145\'
INFO: [VRFC 10-3107] analyzing entity '\REG8__146\'
INFO: [VRFC 10-3107] analyzing entity '\REG8__147\'
INFO: [VRFC 10-3107] analyzing entity '\REG8__148\'
INFO: [VRFC 10-3107] analyzing entity '\REG8__149\'
INFO: [VRFC 10-3107] analyzing entity '\REG8__15\'
INFO: [VRFC 10-3107] analyzing entity '\REG8__150\'
INFO: [VRFC 10-3107] analyzing entity '\REG8__151\'
INFO: [VRFC 10-3107] analyzing entity '\REG8__152\'
INFO: [VRFC 10-3107] analyzing entity '\REG8__153\'
INFO: [VRFC 10-3107] analyzing entity '\REG8__154\'
INFO: [VRFC 10-3107] analyzing entity '\REG8__155\'
INFO: [VRFC 10-3107] analyzing entity '\REG8__156\'
INFO: [VRFC 10-3107] analyzing entity '\REG8__157\'
INFO: [VRFC 10-3107] analyzing entity '\REG8__158\'
INFO: [VRFC 10-3107] analyzing entity '\REG8__159\'
INFO: [VRFC 10-3107] analyzing entity '\REG8__16\'
INFO: [VRFC 10-3107] analyzing entity '\REG8__160\'
INFO: [VRFC 10-3107] analyzing entity '\REG8__161\'
INFO: [VRFC 10-3107] analyzing entity '\REG8__162\'
INFO: [VRFC 10-3107] analyzing entity '\REG8__163\'
INFO: [VRFC 10-3107] analyzing entity '\REG8__164\'
INFO: [VRFC 10-3107] analyzing entity '\REG8__165\'
INFO: [VRFC 10-3107] analyzing entity '\REG8__166\'
INFO: [VRFC 10-3107] analyzing entity '\REG8__167\'
INFO: [VRFC 10-3107] analyzing entity '\REG8__168\'
INFO: [VRFC 10-3107] analyzing entity '\REG8__169\'
INFO: [VRFC 10-3107] analyzing entity '\REG8__17\'
INFO: [VRFC 10-3107] analyzing entity '\REG8__170\'
INFO: [VRFC 10-3107] analyzing entity '\REG8__171\'
INFO: [VRFC 10-3107] analyzing entity '\REG8__172\'
INFO: [VRFC 10-3107] analyzing entity '\REG8__173\'
INFO: [VRFC 10-3107] analyzing entity '\REG8__174\'
INFO: [VRFC 10-3107] analyzing entity '\REG8__175\'
INFO: [VRFC 10-3107] analyzing entity '\REG8__176\'
INFO: [VRFC 10-3107] analyzing entity '\REG8__177\'
INFO: [VRFC 10-3107] analyzing entity '\REG8__178\'
INFO: [VRFC 10-3107] analyzing entity '\REG8__179\'
INFO: [VRFC 10-3107] analyzing entity '\REG8__18\'
INFO: [VRFC 10-3107] analyzing entity '\REG8__180\'
INFO: [VRFC 10-3107] analyzing entity '\REG8__181\'
INFO: [VRFC 10-3107] analyzing entity '\REG8__182\'
INFO: [VRFC 10-3107] analyzing entity '\REG8__183\'
INFO: [VRFC 10-3107] analyzing entity '\REG8__184\'
INFO: [VRFC 10-3107] analyzing entity '\REG8__185\'
INFO: [VRFC 10-3107] analyzing entity '\REG8__186\'
INFO: [VRFC 10-3107] analyzing entity '\REG8__187\'
INFO: [VRFC 10-3107] analyzing entity '\REG8__188\'
INFO: [VRFC 10-3107] analyzing entity '\REG8__189\'
INFO: [VRFC 10-3107] analyzing entity '\REG8__19\'
INFO: [VRFC 10-3107] analyzing entity '\REG8__190\'
INFO: [VRFC 10-3107] analyzing entity '\REG8__191\'
INFO: [VRFC 10-3107] analyzing entity '\REG8__192\'
INFO: [VRFC 10-3107] analyzing entity '\REG8__193\'
INFO: [VRFC 10-3107] analyzing entity '\REG8__194\'
INFO: [VRFC 10-3107] analyzing entity '\REG8__195\'
INFO: [VRFC 10-3107] analyzing entity '\REG8__196\'
INFO: [VRFC 10-3107] analyzing entity '\REG8__197\'
INFO: [VRFC 10-3107] analyzing entity '\REG8__198\'
INFO: [VRFC 10-3107] analyzing entity '\REG8__199\'
INFO: [VRFC 10-3107] analyzing entity '\REG8__2\'
INFO: [VRFC 10-3107] analyzing entity '\REG8__20\'
INFO: [VRFC 10-3107] analyzing entity '\REG8__200\'
INFO: [VRFC 10-3107] analyzing entity '\REG8__21\'
INFO: [VRFC 10-3107] analyzing entity '\REG8__22\'
INFO: [VRFC 10-3107] analyzing entity '\REG8__23\'
INFO: [VRFC 10-3107] analyzing entity '\REG8__24\'
INFO: [VRFC 10-3107] analyzing entity '\REG8__25\'
INFO: [VRFC 10-3107] analyzing entity '\REG8__26\'
INFO: [VRFC 10-3107] analyzing entity '\REG8__27\'
INFO: [VRFC 10-3107] analyzing entity '\REG8__28\'
INFO: [VRFC 10-3107] analyzing entity '\REG8__29\'
INFO: [VRFC 10-3107] analyzing entity '\REG8__3\'
INFO: [VRFC 10-3107] analyzing entity '\REG8__30\'
INFO: [VRFC 10-3107] analyzing entity '\REG8__31\'
INFO: [VRFC 10-3107] analyzing entity '\REG8__32\'
INFO: [VRFC 10-3107] analyzing entity '\REG8__33\'
INFO: [VRFC 10-3107] analyzing entity '\REG8__34\'
INFO: [VRFC 10-3107] analyzing entity '\REG8__35\'
INFO: [VRFC 10-3107] analyzing entity '\REG8__36\'
INFO: [VRFC 10-3107] analyzing entity '\REG8__37\'
INFO: [VRFC 10-3107] analyzing entity '\REG8__38\'
INFO: [VRFC 10-3107] analyzing entity '\REG8__39\'
INFO: [VRFC 10-3107] analyzing entity '\REG8__4\'
INFO: [VRFC 10-3107] analyzing entity '\REG8__40\'
INFO: [VRFC 10-3107] analyzing entity '\REG8__41\'
INFO: [VRFC 10-3107] analyzing entity '\REG8__42\'
INFO: [VRFC 10-3107] analyzing entity '\REG8__43\'
INFO: [VRFC 10-3107] analyzing entity '\REG8__44\'
INFO: [VRFC 10-3107] analyzing entity '\REG8__45\'
INFO: [VRFC 10-3107] analyzing entity '\REG8__46\'
INFO: [VRFC 10-3107] analyzing entity '\REG8__47\'
INFO: [VRFC 10-3107] analyzing entity '\REG8__48\'
INFO: [VRFC 10-3107] analyzing entity '\REG8__49\'
INFO: [VRFC 10-3107] analyzing entity '\REG8__5\'
INFO: [VRFC 10-3107] analyzing entity '\REG8__50\'
INFO: [VRFC 10-3107] analyzing entity '\REG8__51\'
INFO: [VRFC 10-3107] analyzing entity '\REG8__52\'
INFO: [VRFC 10-3107] analyzing entity '\REG8__53\'
INFO: [VRFC 10-3107] analyzing entity '\REG8__54\'
INFO: [VRFC 10-3107] analyzing entity '\REG8__55\'
INFO: [VRFC 10-3107] analyzing entity '\REG8__56\'
INFO: [VRFC 10-3107] analyzing entity '\REG8__57\'
INFO: [VRFC 10-3107] analyzing entity '\REG8__58\'
INFO: [VRFC 10-3107] analyzing entity '\REG8__59\'
INFO: [VRFC 10-3107] analyzing entity '\REG8__6\'
INFO: [VRFC 10-3107] analyzing entity '\REG8__60\'
INFO: [VRFC 10-3107] analyzing entity '\REG8__61\'
INFO: [VRFC 10-3107] analyzing entity '\REG8__62\'
INFO: [VRFC 10-3107] analyzing entity '\REG8__63\'
INFO: [VRFC 10-3107] analyzing entity '\REG8__64\'
INFO: [VRFC 10-3107] analyzing entity '\REG8__65\'
INFO: [VRFC 10-3107] analyzing entity '\REG8__66\'
INFO: [VRFC 10-3107] analyzing entity '\REG8__67\'
INFO: [VRFC 10-3107] analyzing entity '\REG8__68\'
INFO: [VRFC 10-3107] analyzing entity '\REG8__69\'
INFO: [VRFC 10-3107] analyzing entity '\REG8__7\'
INFO: [VRFC 10-3107] analyzing entity '\REG8__70\'
INFO: [VRFC 10-3107] analyzing entity '\REG8__71\'
INFO: [VRFC 10-3107] analyzing entity '\REG8__72\'
INFO: [VRFC 10-3107] analyzing entity '\REG8__73\'
INFO: [VRFC 10-3107] analyzing entity '\REG8__74\'
INFO: [VRFC 10-3107] analyzing entity '\REG8__75\'
INFO: [VRFC 10-3107] analyzing entity '\REG8__76\'
INFO: [VRFC 10-3107] analyzing entity '\REG8__77\'
INFO: [VRFC 10-3107] analyzing entity '\REG8__78\'
INFO: [VRFC 10-3107] analyzing entity '\REG8__79\'
INFO: [VRFC 10-3107] analyzing entity '\REG8__8\'
INFO: [VRFC 10-3107] analyzing entity '\REG8__80\'
INFO: [VRFC 10-3107] analyzing entity '\REG8__81\'
INFO: [VRFC 10-3107] analyzing entity '\REG8__82\'
INFO: [VRFC 10-3107] analyzing entity '\REG8__83\'
INFO: [VRFC 10-3107] analyzing entity '\REG8__84\'
INFO: [VRFC 10-3107] analyzing entity '\REG8__85\'
INFO: [VRFC 10-3107] analyzing entity '\REG8__86\'
INFO: [VRFC 10-3107] analyzing entity '\REG8__87\'
INFO: [VRFC 10-3107] analyzing entity '\REG8__88\'
INFO: [VRFC 10-3107] analyzing entity '\REG8__89\'
INFO: [VRFC 10-3107] analyzing entity '\REG8__9\'
INFO: [VRFC 10-3107] analyzing entity '\REG8__90\'
INFO: [VRFC 10-3107] analyzing entity '\REG8__91\'
INFO: [VRFC 10-3107] analyzing entity '\REG8__92\'
INFO: [VRFC 10-3107] analyzing entity '\REG8__93\'
INFO: [VRFC 10-3107] analyzing entity '\REG8__94\'
INFO: [VRFC 10-3107] analyzing entity '\REG8__95\'
INFO: [VRFC 10-3107] analyzing entity '\REG8__96\'
INFO: [VRFC 10-3107] analyzing entity '\REG8__97\'
INFO: [VRFC 10-3107] analyzing entity '\REG8__98\'
INFO: [VRFC 10-3107] analyzing entity '\REG8__99\'
INFO: [VRFC 10-3107] analyzing entity 'SATURATION'
INFO: [VRFC 10-3107] analyzing entity '\SATURATION__1\'
INFO: [VRFC 10-3107] analyzing entity '\SATURATION__2\'
INFO: [VRFC 10-3107] analyzing entity 'booth'
INFO: [VRFC 10-3107] analyzing entity '\booth__1\'
INFO: [VRFC 10-3107] analyzing entity '\booth__10\'
INFO: [VRFC 10-3107] analyzing entity '\booth__11\'
INFO: [VRFC 10-3107] analyzing entity '\booth__12\'
INFO: [VRFC 10-3107] analyzing entity '\booth__13\'
INFO: [VRFC 10-3107] analyzing entity '\booth__14\'
INFO: [VRFC 10-3107] analyzing entity '\booth__15\'
INFO: [VRFC 10-3107] analyzing entity '\booth__16\'
INFO: [VRFC 10-3107] analyzing entity '\booth__17\'
INFO: [VRFC 10-3107] analyzing entity '\booth__18\'
INFO: [VRFC 10-3107] analyzing entity '\booth__19\'
INFO: [VRFC 10-3107] analyzing entity '\booth__2\'
INFO: [VRFC 10-3107] analyzing entity '\booth__20\'
INFO: [VRFC 10-3107] analyzing entity '\booth__21\'
INFO: [VRFC 10-3107] analyzing entity '\booth__22\'
INFO: [VRFC 10-3107] analyzing entity '\booth__23\'
INFO: [VRFC 10-3107] analyzing entity '\booth__24\'
INFO: [VRFC 10-3107] analyzing entity '\booth__25\'
INFO: [VRFC 10-3107] analyzing entity '\booth__26\'
INFO: [VRFC 10-3107] analyzing entity '\booth__27\'
INFO: [VRFC 10-3107] analyzing entity '\booth__28\'
INFO: [VRFC 10-3107] analyzing entity '\booth__29\'
INFO: [VRFC 10-3107] analyzing entity '\booth__3\'
INFO: [VRFC 10-3107] analyzing entity '\booth__30\'
INFO: [VRFC 10-3107] analyzing entity '\booth__31\'
INFO: [VRFC 10-3107] analyzing entity '\booth__32\'
INFO: [VRFC 10-3107] analyzing entity '\booth__33\'
INFO: [VRFC 10-3107] analyzing entity '\booth__34\'
INFO: [VRFC 10-3107] analyzing entity '\booth__35\'
INFO: [VRFC 10-3107] analyzing entity '\booth__4\'
INFO: [VRFC 10-3107] analyzing entity '\booth__5\'
INFO: [VRFC 10-3107] analyzing entity '\booth__6\'
INFO: [VRFC 10-3107] analyzing entity '\booth__7\'
INFO: [VRFC 10-3107] analyzing entity '\booth__8\'
INFO: [VRFC 10-3107] analyzing entity '\booth__9\'
INFO: [VRFC 10-3107] analyzing entity 'mux8_72bit'
INFO: [VRFC 10-3107] analyzing entity '\mux8_72bit__1\'
INFO: [VRFC 10-3107] analyzing entity '\mux8_72bit__2\'
INFO: [VRFC 10-3107] analyzing entity '\mux8_72bit__3\'
INFO: [VRFC 10-3107] analyzing entity '\mux8_72bit__4\'
INFO: [VRFC 10-3107] analyzing entity '\mux8_72bit__5\'
INFO: [VRFC 10-3107] analyzing entity '\mux8_72bit__6\'
INFO: [VRFC 10-3107] analyzing entity '\mux8_72bit__7\'
INFO: [VRFC 10-3107] analyzing entity '\mux8_72bit__8\'
INFO: [VRFC 10-3107] analyzing entity 'plus'
INFO: [VRFC 10-3107] analyzing entity '\plus__1\'
INFO: [VRFC 10-3107] analyzing entity '\plus__2\'
INFO: [VRFC 10-3107] analyzing entity '\plus__3\'
INFO: [VRFC 10-3107] analyzing entity '\plus__4\'
INFO: [VRFC 10-3107] analyzing entity '\plus__5\'
INFO: [VRFC 10-3107] analyzing entity '\plus__6\'
INFO: [VRFC 10-3107] analyzing entity '\plus__7\'
INFO: [VRFC 10-3107] analyzing entity '\plus__8\'
INFO: [VRFC 10-3107] analyzing entity 'reg'
INFO: [VRFC 10-3107] analyzing entity '\reg__710\'
INFO: [VRFC 10-3107] analyzing entity '\reg__711\'
INFO: [VRFC 10-3107] analyzing entity '\reg__712\'
INFO: [VRFC 10-3107] analyzing entity '\reg__713\'
INFO: [VRFC 10-3107] analyzing entity '\reg__714\'
INFO: [VRFC 10-3107] analyzing entity '\reg__715\'
INFO: [VRFC 10-3107] analyzing entity '\reg__716\'
INFO: [VRFC 10-3107] analyzing entity '\reg__717\'
INFO: [VRFC 10-3107] analyzing entity '\reg__718\'
INFO: [VRFC 10-3107] analyzing entity '\reg__719\'
INFO: [VRFC 10-3107] analyzing entity '\reg__720\'
INFO: [VRFC 10-3107] analyzing entity '\reg__721\'
INFO: [VRFC 10-3107] analyzing entity '\reg__722\'
INFO: [VRFC 10-3107] analyzing entity '\reg__723\'
INFO: [VRFC 10-3107] analyzing entity '\reg__724\'
INFO: [VRFC 10-3107] analyzing entity '\reg__725\'
INFO: [VRFC 10-3107] analyzing entity '\reg__726\'
INFO: [VRFC 10-3107] analyzing entity '\reg__727\'
INFO: [VRFC 10-3107] analyzing entity '\reg__728\'
INFO: [VRFC 10-3107] analyzing entity '\reg__729\'
INFO: [VRFC 10-3107] analyzing entity '\reg__730\'
INFO: [VRFC 10-3107] analyzing entity '\reg__731\'
INFO: [VRFC 10-3107] analyzing entity '\reg__732\'
INFO: [VRFC 10-3107] analyzing entity '\reg__733\'
INFO: [VRFC 10-3107] analyzing entity '\reg__734\'
INFO: [VRFC 10-3107] analyzing entity '\reg__735\'
INFO: [VRFC 10-3107] analyzing entity '\reg__736\'
INFO: [VRFC 10-3107] analyzing entity '\reg__737\'
INFO: [VRFC 10-3107] analyzing entity '\reg__738\'
INFO: [VRFC 10-3107] analyzing entity '\reg__739\'
INFO: [VRFC 10-3107] analyzing entity '\reg__740\'
INFO: [VRFC 10-3107] analyzing entity '\reg__741\'
INFO: [VRFC 10-3107] analyzing entity '\reg__742\'
INFO: [VRFC 10-3107] analyzing entity '\reg__743\'
INFO: [VRFC 10-3107] analyzing entity '\reg__744\'
INFO: [VRFC 10-3107] analyzing entity '\reg__745\'
INFO: [VRFC 10-3107] analyzing entity '\reg__746\'
INFO: [VRFC 10-3107] analyzing entity '\reg__747\'
INFO: [VRFC 10-3107] analyzing entity '\reg__748\'
INFO: [VRFC 10-3107] analyzing entity '\reg__749\'
INFO: [VRFC 10-3107] analyzing entity '\reg__750\'
INFO: [VRFC 10-3107] analyzing entity '\reg__751\'
INFO: [VRFC 10-3107] analyzing entity '\reg__752\'
INFO: [VRFC 10-3107] analyzing entity '\reg__753\'
INFO: [VRFC 10-3107] analyzing entity '\reg__754\'
INFO: [VRFC 10-3107] analyzing entity '\reg__755\'
INFO: [VRFC 10-3107] analyzing entity '\reg__756\'
INFO: [VRFC 10-3107] analyzing entity '\reg__757\'
INFO: [VRFC 10-3107] analyzing entity '\reg__758\'
INFO: [VRFC 10-3107] analyzing entity '\reg__759\'
INFO: [VRFC 10-3107] analyzing entity '\reg__760\'
INFO: [VRFC 10-3107] analyzing entity '\reg__761\'
INFO: [VRFC 10-3107] analyzing entity '\reg__762\'
INFO: [VRFC 10-3107] analyzing entity '\reg__763\'
INFO: [VRFC 10-3107] analyzing entity '\reg__764\'
INFO: [VRFC 10-3107] analyzing entity '\reg__765\'
INFO: [VRFC 10-3107] analyzing entity '\reg__766\'
INFO: [VRFC 10-3107] analyzing entity '\reg__767\'
INFO: [VRFC 10-3107] analyzing entity '\reg__768\'
INFO: [VRFC 10-3107] analyzing entity '\reg__769\'
INFO: [VRFC 10-3107] analyzing entity '\reg__770\'
INFO: [VRFC 10-3107] analyzing entity '\reg__771\'
INFO: [VRFC 10-3107] analyzing entity '\reg__772\'
INFO: [VRFC 10-3107] analyzing entity '\reg__773\'
INFO: [VRFC 10-3107] analyzing entity '\reg__774\'
INFO: [VRFC 10-3107] analyzing entity '\reg__775\'
INFO: [VRFC 10-3107] analyzing entity '\reg__776\'
INFO: [VRFC 10-3107] analyzing entity '\reg__777\'
INFO: [VRFC 10-3107] analyzing entity '\reg__778\'
INFO: [VRFC 10-3107] analyzing entity '\reg__779\'
INFO: [VRFC 10-3107] analyzing entity '\reg__780\'
INFO: [VRFC 10-3107] analyzing entity '\reg__781\'
INFO: [VRFC 10-3107] analyzing entity '\reg__782\'
INFO: [VRFC 10-3107] analyzing entity '\reg__783\'
INFO: [VRFC 10-3107] analyzing entity '\reg__784\'
INFO: [VRFC 10-3107] analyzing entity '\reg__785\'
INFO: [VRFC 10-3107] analyzing entity '\reg__786\'
INFO: [VRFC 10-3107] analyzing entity '\reg__787\'
INFO: [VRFC 10-3107] analyzing entity '\reg__788\'
INFO: [VRFC 10-3107] analyzing entity '\reg__789\'
INFO: [VRFC 10-3107] analyzing entity '\reg__790\'
INFO: [VRFC 10-3107] analyzing entity '\reg__791\'
INFO: [VRFC 10-3107] analyzing entity '\reg__792\'
INFO: [VRFC 10-3107] analyzing entity '\reg__793\'
INFO: [VRFC 10-3107] analyzing entity '\reg__794\'
INFO: [VRFC 10-3107] analyzing entity '\reg__795\'
INFO: [VRFC 10-3107] analyzing entity '\reg__796\'
INFO: [VRFC 10-3107] analyzing entity '\reg__797\'
INFO: [VRFC 10-3107] analyzing entity '\reg__798\'
INFO: [VRFC 10-3107] analyzing entity '\reg__799\'
INFO: [VRFC 10-3107] analyzing entity '\reg__800\'
INFO: [VRFC 10-3107] analyzing entity '\reg__801\'
INFO: [VRFC 10-3107] analyzing entity '\reg__802\'
INFO: [VRFC 10-3107] analyzing entity '\reg__803\'
INFO: [VRFC 10-3107] analyzing entity '\reg__804\'
INFO: [VRFC 10-3107] analyzing entity 'state_dec'
INFO: [VRFC 10-3107] analyzing entity 'ADDER12'
INFO: [VRFC 10-3107] analyzing entity '\ADDER12__1\'
INFO: [VRFC 10-3107] analyzing entity '\ADDER12__2\'
INFO: [VRFC 10-3107] analyzing entity '\ADDER12__3\'
INFO: [VRFC 10-3107] analyzing entity '\ADDER12__4\'
INFO: [VRFC 10-3107] analyzing entity '\ADDER12__5\'
INFO: [VRFC 10-3107] analyzing entity 'ADDER20'
INFO: [VRFC 10-3107] analyzing entity '\ADDER20__1\'
INFO: [VRFC 10-3107] analyzing entity '\ADDER20__10\'
INFO: [VRFC 10-3107] analyzing entity '\ADDER20__11\'
INFO: [VRFC 10-3107] analyzing entity '\ADDER20__2\'
INFO: [VRFC 10-3107] analyzing entity '\ADDER20__3\'
INFO: [VRFC 10-3107] analyzing entity '\ADDER20__4\'
INFO: [VRFC 10-3107] analyzing entity '\ADDER20__5\'
INFO: [VRFC 10-3107] analyzing entity '\ADDER20__6\'
INFO: [VRFC 10-3107] analyzing entity '\ADDER20__7\'
INFO: [VRFC 10-3107] analyzing entity '\ADDER20__8\'
INFO: [VRFC 10-3107] analyzing entity '\ADDER20__9\'
INFO: [VRFC 10-3107] analyzing entity 'FIRST'
INFO: [VRFC 10-3107] analyzing entity '\FIRST__1\'
INFO: [VRFC 10-3107] analyzing entity '\FIRST__2\'
INFO: [VRFC 10-3107] analyzing entity '\FIRST__3\'
INFO: [VRFC 10-3107] analyzing entity '\FIRST__4\'
INFO: [VRFC 10-3107] analyzing entity '\FIRST__5\'
INFO: [VRFC 10-3107] analyzing entity 'Partial_products'
INFO: [VRFC 10-3107] analyzing entity '\Partial_products__1\'
INFO: [VRFC 10-3107] analyzing entity '\Partial_products__2\'
INFO: [VRFC 10-3107] analyzing entity '\Partial_products__3\'
INFO: [VRFC 10-3107] analyzing entity '\Partial_products__4\'
INFO: [VRFC 10-3107] analyzing entity '\Partial_products__5\'
INFO: [VRFC 10-3107] analyzing entity '\Partial_products__6\'
INFO: [VRFC 10-3107] analyzing entity '\Partial_products__7\'
INFO: [VRFC 10-3107] analyzing entity '\Partial_products__8\'
INFO: [VRFC 10-3107] analyzing entity 'SECOND'
INFO: [VRFC 10-3107] analyzing entity '\SECOND__1\'
INFO: [VRFC 10-3107] analyzing entity '\SECOND__2\'
INFO: [VRFC 10-3107] analyzing entity '\SECOND__3\'
INFO: [VRFC 10-3107] analyzing entity '\SECOND__4\'
INFO: [VRFC 10-3107] analyzing entity '\SECOND__5\'
INFO: [VRFC 10-3107] analyzing entity 'STEP1'
INFO: [VRFC 10-3107] analyzing entity 'STEP1_3'
INFO: [VRFC 10-3107] analyzing entity '\STEP1_3__1\'
INFO: [VRFC 10-3107] analyzing entity '\STEP1_3__2\'
INFO: [VRFC 10-3107] analyzing entity '\STEP1__1\'
INFO: [VRFC 10-3107] analyzing entity '\STEP1__2\'
INFO: [VRFC 10-3107] analyzing entity '\STEP1__3\'
INFO: [VRFC 10-3107] analyzing entity '\STEP1__4\'
INFO: [VRFC 10-3107] analyzing entity '\STEP1__5\'
INFO: [VRFC 10-3107] analyzing entity '\STEP1__6\'
INFO: [VRFC 10-3107] analyzing entity '\STEP1__7\'
INFO: [VRFC 10-3107] analyzing entity '\STEP1__8\'
INFO: [VRFC 10-3107] analyzing entity 'STEP2'
INFO: [VRFC 10-3107] analyzing entity '\STEP2__1\'
INFO: [VRFC 10-3107] analyzing entity '\STEP2__2\'
INFO: [VRFC 10-3107] analyzing entity '\STEP2__3\'
INFO: [VRFC 10-3107] analyzing entity '\STEP2__4\'
INFO: [VRFC 10-3107] analyzing entity '\STEP2__5\'
INFO: [VRFC 10-3107] analyzing entity '\STEP2__6\'
INFO: [VRFC 10-3107] analyzing entity '\STEP2__7\'
INFO: [VRFC 10-3107] analyzing entity '\STEP2__8\'
INFO: [VRFC 10-3107] analyzing entity 'TOP_BUF'
INFO: [VRFC 10-3107] analyzing entity '\TOP_BUF__1\'
INFO: [VRFC 10-3107] analyzing entity '\TOP_BUF__2\'
INFO: [VRFC 10-3107] analyzing entity 'fifo'
INFO: [VRFC 10-3107] analyzing entity '\fifo__parameterized1\'
INFO: [VRFC 10-3107] analyzing entity '\fifo__parameterized3\'
INFO: [VRFC 10-3107] analyzing entity 'mirror'
INFO: [VRFC 10-3107] analyzing entity '\mirror__1\'
INFO: [VRFC 10-3107] analyzing entity '\mirror__2\'
INFO: [VRFC 10-3107] analyzing entity 'padd'
INFO: [VRFC 10-3107] analyzing entity '\padd__1\'
INFO: [VRFC 10-3107] analyzing entity '\padd__2\'
INFO: [VRFC 10-3107] analyzing entity 'PIPE_TO_ADDER'
INFO: [VRFC 10-3107] analyzing entity '\PIPE_TO_ADDER__1\'
INFO: [VRFC 10-3107] analyzing entity '\PIPE_TO_ADDER__2\'
INFO: [VRFC 10-3107] analyzing entity '\PIPE_TO_ADDER__3\'
INFO: [VRFC 10-3107] analyzing entity '\PIPE_TO_ADDER__4\'
INFO: [VRFC 10-3107] analyzing entity '\PIPE_TO_ADDER__5\'
INFO: [VRFC 10-3107] analyzing entity 'Pipeline'
INFO: [VRFC 10-3107] analyzing entity 'Pipeline_3'
INFO: [VRFC 10-3107] analyzing entity '\Pipeline_3__1\'
INFO: [VRFC 10-3107] analyzing entity '\Pipeline_3__2\'
INFO: [VRFC 10-3107] analyzing entity '\Pipeline__1\'
INFO: [VRFC 10-3107] analyzing entity '\Pipeline__2\'
INFO: [VRFC 10-3107] analyzing entity '\Pipeline__3\'
INFO: [VRFC 10-3107] analyzing entity '\Pipeline__4\'
INFO: [VRFC 10-3107] analyzing entity '\Pipeline__5\'
INFO: [VRFC 10-3107] analyzing entity '\Pipeline__6\'
INFO: [VRFC 10-3107] analyzing entity '\Pipeline__7\'
INFO: [VRFC 10-3107] analyzing entity '\Pipeline__8\'
INFO: [VRFC 10-3107] analyzing entity 'bufgen'
INFO: [VRFC 10-3107] analyzing entity '\bufgen__1\'
INFO: [VRFC 10-3107] analyzing entity '\bufgen__2\'
INFO: [VRFC 10-3107] analyzing entity 'CARRY_SAVE'
INFO: [VRFC 10-3107] analyzing entity 'CARRY_SAVE4_8'
INFO: [VRFC 10-3107] analyzing entity '\CARRY_SAVE4_8__1\'
INFO: [VRFC 10-3107] analyzing entity '\CARRY_SAVE4_8__2\'
INFO: [VRFC 10-3107] analyzing entity '\CARRY_SAVE4_8__3\'
INFO: [VRFC 10-3107] analyzing entity '\CARRY_SAVE4_8__4\'
INFO: [VRFC 10-3107] analyzing entity '\CARRY_SAVE4_8__5\'
INFO: [VRFC 10-3107] analyzing entity 'CARRY_SAVE_3'
INFO: [VRFC 10-3107] analyzing entity '\CARRY_SAVE_3__1\'
INFO: [VRFC 10-3107] analyzing entity '\CARRY_SAVE_3__2\'
INFO: [VRFC 10-3107] analyzing entity '\CARRY_SAVE__1\'
INFO: [VRFC 10-3107] analyzing entity '\CARRY_SAVE__2\'
INFO: [VRFC 10-3107] analyzing entity '\CARRY_SAVE__3\'
INFO: [VRFC 10-3107] analyzing entity '\CARRY_SAVE__4\'
INFO: [VRFC 10-3107] analyzing entity '\CARRY_SAVE__5\'
INFO: [VRFC 10-3107] analyzing entity '\CARRY_SAVE__6\'
INFO: [VRFC 10-3107] analyzing entity '\CARRY_SAVE__7\'
INFO: [VRFC 10-3107] analyzing entity '\CARRY_SAVE__8\'
INFO: [VRFC 10-3107] analyzing entity 'newbuf'
INFO: [VRFC 10-3107] analyzing entity '\newbuf__1\'
INFO: [VRFC 10-3107] analyzing entity '\newbuf__2\'
INFO: [VRFC 10-3107] analyzing entity 'TOP_MULTI'
INFO: [VRFC 10-3107] analyzing entity '\TOP_MULTI__1\'
INFO: [VRFC 10-3107] analyzing entity '\TOP_MULTI__2\'
INFO: [VRFC 10-3107] analyzing entity '\TOP_MULTI__3\'
INFO: [VRFC 10-3107] analyzing entity '\TOP_MULTI__4\'
INFO: [VRFC 10-3107] analyzing entity '\TOP_MULTI__5\'
INFO: [VRFC 10-3107] analyzing entity '\TOP_MULTI__6\'
INFO: [VRFC 10-3107] analyzing entity '\TOP_MULTI__7\'
INFO: [VRFC 10-3107] analyzing entity '\TOP_MULTI__8\'
INFO: [VRFC 10-3107] analyzing entity 'TOP_PIX'
INFO: [VRFC 10-3107] analyzing entity '\TOP_PIX__1\'
INFO: [VRFC 10-3107] analyzing entity '\TOP_PIX__2\'
INFO: [VRFC 10-3107] analyzing entity 'TOP'
INFO: [VRFC 10-163] Analyzing VHDL file "C:/Users/matte/Downloads/project_pixV2.xpr/project_pix/project_pix.srcs/sim_1/imports/new/TB_TOP_PIX.vhd" into library xil_defaultlib
INFO: [VRFC 10-3107] analyzing entity 'TB_TOP_PIX'
