INFO: [VRFC 10-2263] Analyzing Verilog file "C:/Users/matte/Downloads/project_pixV2.xpr/project_pix/project_pix.sim/sim_1/impl/func/xsim/TB_TOP_PIX_func_impl.v" into library xil_defaultlib
INFO: [VRFC 10-311] analyzing module ADDER12
INFO: [VRFC 10-311] analyzing module ADDER12_18
INFO: [VRFC 10-311] analyzing module ADDER12_196
INFO: [VRFC 10-311] analyzing module ADDER12_210
INFO: [VRFC 10-311] analyzing module ADDER12_399
INFO: [VRFC 10-311] analyzing module ADDER12_413
INFO: [VRFC 10-311] analyzing module ADDER20
INFO: [VRFC 10-311] analyzing module ADDER20_118
INFO: [VRFC 10-311] analyzing module ADDER20_150
INFO: [VRFC 10-311] analyzing module ADDER20_234
INFO: [VRFC 10-311] analyzing module ADDER20_279
INFO: [VRFC 10-311] analyzing module ADDER20_318
INFO: [VRFC 10-311] analyzing module ADDER20_352
INFO: [VRFC 10-311] analyzing module ADDER20_437
INFO: [VRFC 10-311] analyzing module ADDER20_482
INFO: [VRFC 10-311] analyzing module ADDER20_521
INFO: [VRFC 10-311] analyzing module ADDER20_555
INFO: [VRFC 10-311] analyzing module ADDER20_79
INFO: [VRFC 10-311] analyzing module CARRY_SAVE
INFO: [VRFC 10-311] analyzing module CARRY_SAVE4_8
INFO: [VRFC 10-311] analyzing module CARRY_SAVE4_8_191
INFO: [VRFC 10-311] analyzing module CARRY_SAVE4_8_192
INFO: [VRFC 10-311] analyzing module CARRY_SAVE4_8_394
INFO: [VRFC 10-311] analyzing module CARRY_SAVE4_8_395
INFO: [VRFC 10-311] analyzing module CARRY_SAVE4_8_6
INFO: [VRFC 10-311] analyzing module CARRY_SAVE_105
INFO: [VRFC 10-311] analyzing module CARRY_SAVE_221
INFO: [VRFC 10-311] analyzing module CARRY_SAVE_266
INFO: [VRFC 10-311] analyzing module CARRY_SAVE_3
INFO: [VRFC 10-311] analyzing module CARRY_SAVE_305
INFO: [VRFC 10-311] analyzing module CARRY_SAVE_3_186
INFO: [VRFC 10-311] analyzing module CARRY_SAVE_3_389
INFO: [VRFC 10-311] analyzing module CARRY_SAVE_424
INFO: [VRFC 10-311] analyzing module CARRY_SAVE_469
INFO: [VRFC 10-311] analyzing module CARRY_SAVE_508
INFO: [VRFC 10-311] analyzing module CARRY_SAVE_66
INFO: [VRFC 10-311] analyzing module FA
INFO: [VRFC 10-311] analyzing module FA_10
INFO: [VRFC 10-311] analyzing module FA_100
INFO: [VRFC 10-311] analyzing module FA_101
INFO: [VRFC 10-311] analyzing module FA_102
INFO: [VRFC 10-311] analyzing module FA_103
INFO: [VRFC 10-311] analyzing module FA_104
INFO: [VRFC 10-311] analyzing module FA_11
INFO: [VRFC 10-311] analyzing module FA_12
INFO: [VRFC 10-311] analyzing module FA_124
INFO: [VRFC 10-311] analyzing module FA_125
INFO: [VRFC 10-311] analyzing module FA_126
INFO: [VRFC 10-311] analyzing module FA_127
INFO: [VRFC 10-311] analyzing module FA_128
INFO: [VRFC 10-311] analyzing module FA_129
INFO: [VRFC 10-311] analyzing module FA_13
INFO: [VRFC 10-311] analyzing module FA_130
INFO: [VRFC 10-311] analyzing module FA_131
INFO: [VRFC 10-311] analyzing module FA_132
INFO: [VRFC 10-311] analyzing module FA_133
INFO: [VRFC 10-311] analyzing module FA_134
INFO: [VRFC 10-311] analyzing module FA_135
INFO: [VRFC 10-311] analyzing module FA_136
INFO: [VRFC 10-311] analyzing module FA_137
INFO: [VRFC 10-311] analyzing module FA_138
INFO: [VRFC 10-311] analyzing module FA_139
INFO: [VRFC 10-311] analyzing module FA_14
INFO: [VRFC 10-311] analyzing module FA_140
INFO: [VRFC 10-311] analyzing module FA_141
INFO: [VRFC 10-311] analyzing module FA_142
INFO: [VRFC 10-311] analyzing module FA_143
INFO: [VRFC 10-311] analyzing module FA_144
INFO: [VRFC 10-311] analyzing module FA_145
INFO: [VRFC 10-311] analyzing module FA_146
INFO: [VRFC 10-311] analyzing module FA_147
INFO: [VRFC 10-311] analyzing module FA_148
INFO: [VRFC 10-311] analyzing module FA_149
INFO: [VRFC 10-311] analyzing module FA_156
INFO: [VRFC 10-311] analyzing module FA_157
INFO: [VRFC 10-311] analyzing module FA_158
INFO: [VRFC 10-311] analyzing module FA_159
INFO: [VRFC 10-311] analyzing module FA_160
INFO: [VRFC 10-311] analyzing module FA_161
INFO: [VRFC 10-311] analyzing module FA_162
INFO: [VRFC 10-311] analyzing module FA_163
INFO: [VRFC 10-311] analyzing module FA_164
INFO: [VRFC 10-311] analyzing module FA_165
INFO: [VRFC 10-311] analyzing module FA_166
INFO: [VRFC 10-311] analyzing module FA_167
INFO: [VRFC 10-311] analyzing module FA_168
INFO: [VRFC 10-311] analyzing module FA_169
INFO: [VRFC 10-311] analyzing module FA_170
INFO: [VRFC 10-311] analyzing module FA_171
INFO: [VRFC 10-311] analyzing module FA_172
INFO: [VRFC 10-311] analyzing module FA_173
INFO: [VRFC 10-311] analyzing module FA_200
INFO: [VRFC 10-311] analyzing module FA_201
INFO: [VRFC 10-311] analyzing module FA_202
INFO: [VRFC 10-311] analyzing module FA_203
INFO: [VRFC 10-311] analyzing module FA_204
INFO: [VRFC 10-311] analyzing module FA_205
INFO: [VRFC 10-311] analyzing module FA_206
INFO: [VRFC 10-311] analyzing module FA_214
INFO: [VRFC 10-311] analyzing module FA_215
INFO: [VRFC 10-311] analyzing module FA_216
INFO: [VRFC 10-311] analyzing module FA_217
INFO: [VRFC 10-311] analyzing module FA_218
INFO: [VRFC 10-311] analyzing module FA_219
INFO: [VRFC 10-311] analyzing module FA_22
INFO: [VRFC 10-311] analyzing module FA_220
INFO: [VRFC 10-311] analyzing module FA_23
INFO: [VRFC 10-311] analyzing module FA_24
INFO: [VRFC 10-311] analyzing module FA_240
INFO: [VRFC 10-311] analyzing module FA_241
INFO: [VRFC 10-311] analyzing module FA_242
INFO: [VRFC 10-311] analyzing module FA_243
INFO: [VRFC 10-311] analyzing module FA_244
INFO: [VRFC 10-311] analyzing module FA_245
INFO: [VRFC 10-311] analyzing module FA_246
INFO: [VRFC 10-311] analyzing module FA_247
INFO: [VRFC 10-311] analyzing module FA_248
INFO: [VRFC 10-311] analyzing module FA_249
INFO: [VRFC 10-311] analyzing module FA_25
INFO: [VRFC 10-311] analyzing module FA_250
INFO: [VRFC 10-311] analyzing module FA_251
INFO: [VRFC 10-311] analyzing module FA_252
INFO: [VRFC 10-311] analyzing module FA_253
INFO: [VRFC 10-311] analyzing module FA_254
INFO: [VRFC 10-311] analyzing module FA_255
INFO: [VRFC 10-311] analyzing module FA_256
INFO: [VRFC 10-311] analyzing module FA_257
INFO: [VRFC 10-311] analyzing module FA_258
INFO: [VRFC 10-311] analyzing module FA_259
INFO: [VRFC 10-311] analyzing module FA_26
INFO: [VRFC 10-311] analyzing module FA_260
INFO: [VRFC 10-311] analyzing module FA_261
INFO: [VRFC 10-311] analyzing module FA_262
INFO: [VRFC 10-311] analyzing module FA_263
INFO: [VRFC 10-311] analyzing module FA_264
INFO: [VRFC 10-311] analyzing module FA_265
INFO: [VRFC 10-311] analyzing module FA_27
INFO: [VRFC 10-311] analyzing module FA_28
INFO: [VRFC 10-311] analyzing module FA_285
INFO: [VRFC 10-311] analyzing module FA_286
INFO: [VRFC 10-311] analyzing module FA_287
INFO: [VRFC 10-311] analyzing module FA_288
INFO: [VRFC 10-311] analyzing module FA_289
INFO: [VRFC 10-311] analyzing module FA_290
INFO: [VRFC 10-311] analyzing module FA_291
INFO: [VRFC 10-311] analyzing module FA_292
INFO: [VRFC 10-311] analyzing module FA_293
INFO: [VRFC 10-311] analyzing module FA_294
INFO: [VRFC 10-311] analyzing module FA_295
INFO: [VRFC 10-311] analyzing module FA_296
INFO: [VRFC 10-311] analyzing module FA_297
INFO: [VRFC 10-311] analyzing module FA_298
INFO: [VRFC 10-311] analyzing module FA_299
INFO: [VRFC 10-311] analyzing module FA_300
INFO: [VRFC 10-311] analyzing module FA_301
INFO: [VRFC 10-311] analyzing module FA_302
INFO: [VRFC 10-311] analyzing module FA_303
INFO: [VRFC 10-311] analyzing module FA_304
INFO: [VRFC 10-311] analyzing module FA_324
INFO: [VRFC 10-311] analyzing module FA_325
INFO: [VRFC 10-311] analyzing module FA_326
INFO: [VRFC 10-311] analyzing module FA_327
INFO: [VRFC 10-311] analyzing module FA_328
INFO: [VRFC 10-311] analyzing module FA_329
INFO: [VRFC 10-311] analyzing module FA_330
INFO: [VRFC 10-311] analyzing module FA_331
INFO: [VRFC 10-311] analyzing module FA_332
INFO: [VRFC 10-311] analyzing module FA_333
INFO: [VRFC 10-311] analyzing module FA_334
INFO: [VRFC 10-311] analyzing module FA_335
INFO: [VRFC 10-311] analyzing module FA_336
INFO: [VRFC 10-311] analyzing module FA_337
INFO: [VRFC 10-311] analyzing module FA_338
INFO: [VRFC 10-311] analyzing module FA_339
INFO: [VRFC 10-311] analyzing module FA_340
INFO: [VRFC 10-311] analyzing module FA_341
INFO: [VRFC 10-311] analyzing module FA_342
INFO: [VRFC 10-311] analyzing module FA_343
INFO: [VRFC 10-311] analyzing module FA_344
INFO: [VRFC 10-311] analyzing module FA_345
INFO: [VRFC 10-311] analyzing module FA_346
INFO: [VRFC 10-311] analyzing module FA_347
INFO: [VRFC 10-311] analyzing module FA_348
INFO: [VRFC 10-311] analyzing module FA_349
INFO: [VRFC 10-311] analyzing module FA_358
INFO: [VRFC 10-311] analyzing module FA_359
INFO: [VRFC 10-311] analyzing module FA_360
INFO: [VRFC 10-311] analyzing module FA_361
INFO: [VRFC 10-311] analyzing module FA_362
INFO: [VRFC 10-311] analyzing module FA_363
INFO: [VRFC 10-311] analyzing module FA_364
INFO: [VRFC 10-311] analyzing module FA_365
INFO: [VRFC 10-311] analyzing module FA_366
INFO: [VRFC 10-311] analyzing module FA_367
INFO: [VRFC 10-311] analyzing module FA_368
INFO: [VRFC 10-311] analyzing module FA_369
INFO: [VRFC 10-311] analyzing module FA_370
INFO: [VRFC 10-311] analyzing module FA_371
INFO: [VRFC 10-311] analyzing module FA_372
INFO: [VRFC 10-311] analyzing module FA_373
INFO: [VRFC 10-311] analyzing module FA_374
INFO: [VRFC 10-311] analyzing module FA_375
INFO: [VRFC 10-311] analyzing module FA_40
INFO: [VRFC 10-311] analyzing module FA_403
INFO: [VRFC 10-311] analyzing module FA_404
INFO: [VRFC 10-311] analyzing module FA_405
INFO: [VRFC 10-311] analyzing module FA_406
INFO: [VRFC 10-311] analyzing module FA_407
INFO: [VRFC 10-311] analyzing module FA_408
INFO: [VRFC 10-311] analyzing module FA_409
INFO: [VRFC 10-311] analyzing module FA_41
INFO: [VRFC 10-311] analyzing module FA_417
INFO: [VRFC 10-311] analyzing module FA_418
INFO: [VRFC 10-311] analyzing module FA_419
INFO: [VRFC 10-311] analyzing module FA_42
INFO: [VRFC 10-311] analyzing module FA_420
INFO: [VRFC 10-311] analyzing module FA_421
INFO: [VRFC 10-311] analyzing module FA_422
INFO: [VRFC 10-311] analyzing module FA_423
INFO: [VRFC 10-311] analyzing module FA_43
INFO: [VRFC 10-311] analyzing module FA_44
INFO: [VRFC 10-311] analyzing module FA_443
INFO: [VRFC 10-311] analyzing module FA_444
INFO: [VRFC 10-311] analyzing module FA_445
INFO: [VRFC 10-311] analyzing module FA_446
INFO: [VRFC 10-311] analyzing module FA_447
INFO: [VRFC 10-311] analyzing module FA_448
INFO: [VRFC 10-311] analyzing module FA_449
INFO: [VRFC 10-311] analyzing module FA_45
INFO: [VRFC 10-311] analyzing module FA_450
INFO: [VRFC 10-311] analyzing module FA_451
INFO: [VRFC 10-311] analyzing module FA_452
INFO: [VRFC 10-311] analyzing module FA_453
INFO: [VRFC 10-311] analyzing module FA_454
INFO: [VRFC 10-311] analyzing module FA_455
INFO: [VRFC 10-311] analyzing module FA_456
INFO: [VRFC 10-311] analyzing module FA_457
INFO: [VRFC 10-311] analyzing module FA_458
INFO: [VRFC 10-311] analyzing module FA_459
INFO: [VRFC 10-311] analyzing module FA_46
INFO: [VRFC 10-311] analyzing module FA_460
INFO: [VRFC 10-311] analyzing module FA_461
INFO: [VRFC 10-311] analyzing module FA_462
INFO: [VRFC 10-311] analyzing module FA_463
INFO: [VRFC 10-311] analyzing module FA_464
INFO: [VRFC 10-311] analyzing module FA_465
INFO: [VRFC 10-311] analyzing module FA_466
INFO: [VRFC 10-311] analyzing module FA_467
INFO: [VRFC 10-311] analyzing module FA_468
INFO: [VRFC 10-311] analyzing module FA_47
INFO: [VRFC 10-311] analyzing module FA_48
INFO: [VRFC 10-311] analyzing module FA_488
INFO: [VRFC 10-311] analyzing module FA_489
INFO: [VRFC 10-311] analyzing module FA_49
INFO: [VRFC 10-311] analyzing module FA_490
INFO: [VRFC 10-311] analyzing module FA_491
INFO: [VRFC 10-311] analyzing module FA_492
INFO: [VRFC 10-311] analyzing module FA_493
INFO: [VRFC 10-311] analyzing module FA_494
INFO: [VRFC 10-311] analyzing module FA_495
INFO: [VRFC 10-311] analyzing module FA_496
INFO: [VRFC 10-311] analyzing module FA_497
INFO: [VRFC 10-311] analyzing module FA_498
INFO: [VRFC 10-311] analyzing module FA_499
INFO: [VRFC 10-311] analyzing module FA_50
INFO: [VRFC 10-311] analyzing module FA_500
INFO: [VRFC 10-311] analyzing module FA_501
INFO: [VRFC 10-311] analyzing module FA_502
INFO: [VRFC 10-311] analyzing module FA_503
INFO: [VRFC 10-311] analyzing module FA_504
INFO: [VRFC 10-311] analyzing module FA_505
INFO: [VRFC 10-311] analyzing module FA_506
INFO: [VRFC 10-311] analyzing module FA_507
INFO: [VRFC 10-311] analyzing module FA_51
INFO: [VRFC 10-311] analyzing module FA_52
INFO: [VRFC 10-311] analyzing module FA_527
INFO: [VRFC 10-311] analyzing module FA_528
INFO: [VRFC 10-311] analyzing module FA_529
INFO: [VRFC 10-311] analyzing module FA_53
INFO: [VRFC 10-311] analyzing module FA_530
INFO: [VRFC 10-311] analyzing module FA_531
INFO: [VRFC 10-311] analyzing module FA_532
INFO: [VRFC 10-311] analyzing module FA_533
INFO: [VRFC 10-311] analyzing module FA_534
INFO: [VRFC 10-311] analyzing module FA_535
INFO: [VRFC 10-311] analyzing module FA_536
INFO: [VRFC 10-311] analyzing module FA_537
INFO: [VRFC 10-311] analyzing module FA_538
INFO: [VRFC 10-311] analyzing module FA_539
INFO: [VRFC 10-311] analyzing module FA_54
INFO: [VRFC 10-311] analyzing module FA_540
INFO: [VRFC 10-311] analyzing module FA_541
INFO: [VRFC 10-311] analyzing module FA_542
INFO: [VRFC 10-311] analyzing module FA_543
INFO: [VRFC 10-311] analyzing module FA_544
INFO: [VRFC 10-311] analyzing module FA_545
INFO: [VRFC 10-311] analyzing module FA_546
INFO: [VRFC 10-311] analyzing module FA_547
INFO: [VRFC 10-311] analyzing module FA_548
INFO: [VRFC 10-311] analyzing module FA_549
INFO: [VRFC 10-311] analyzing module FA_55
INFO: [VRFC 10-311] analyzing module FA_550
INFO: [VRFC 10-311] analyzing module FA_551
INFO: [VRFC 10-311] analyzing module FA_552
INFO: [VRFC 10-311] analyzing module FA_56
INFO: [VRFC 10-311] analyzing module FA_561
INFO: [VRFC 10-311] analyzing module FA_562
INFO: [VRFC 10-311] analyzing module FA_563
INFO: [VRFC 10-311] analyzing module FA_564
INFO: [VRFC 10-311] analyzing module FA_565
INFO: [VRFC 10-311] analyzing module FA_566
INFO: [VRFC 10-311] analyzing module FA_567
INFO: [VRFC 10-311] analyzing module FA_568
INFO: [VRFC 10-311] analyzing module FA_569
INFO: [VRFC 10-311] analyzing module FA_57
INFO: [VRFC 10-311] analyzing module FA_570
INFO: [VRFC 10-311] analyzing module FA_571
INFO: [VRFC 10-311] analyzing module FA_572
INFO: [VRFC 10-311] analyzing module FA_573
INFO: [VRFC 10-311] analyzing module FA_574
INFO: [VRFC 10-311] analyzing module FA_575
INFO: [VRFC 10-311] analyzing module FA_576
INFO: [VRFC 10-311] analyzing module FA_577
INFO: [VRFC 10-311] analyzing module FA_578
INFO: [VRFC 10-311] analyzing module FA_58
INFO: [VRFC 10-311] analyzing module FA_59
INFO: [VRFC 10-311] analyzing module FA_60
INFO: [VRFC 10-311] analyzing module FA_61
INFO: [VRFC 10-311] analyzing module FA_62
INFO: [VRFC 10-311] analyzing module FA_63
INFO: [VRFC 10-311] analyzing module FA_64
INFO: [VRFC 10-311] analyzing module FA_65
INFO: [VRFC 10-311] analyzing module FA_85
INFO: [VRFC 10-311] analyzing module FA_86
INFO: [VRFC 10-311] analyzing module FA_87
INFO: [VRFC 10-311] analyzing module FA_88
INFO: [VRFC 10-311] analyzing module FA_89
INFO: [VRFC 10-311] analyzing module FA_9
INFO: [VRFC 10-311] analyzing module FA_90
INFO: [VRFC 10-311] analyzing module FA_91
INFO: [VRFC 10-311] analyzing module FA_92
INFO: [VRFC 10-311] analyzing module FA_93
INFO: [VRFC 10-311] analyzing module FA_94
INFO: [VRFC 10-311] analyzing module FA_95
INFO: [VRFC 10-311] analyzing module FA_96
INFO: [VRFC 10-311] analyzing module FA_97
INFO: [VRFC 10-311] analyzing module FA_98
INFO: [VRFC 10-311] analyzing module FA_99
INFO: [VRFC 10-311] analyzing module FIRST
INFO: [VRFC 10-311] analyzing module FIRST_15
INFO: [VRFC 10-311] analyzing module FIRST_193
INFO: [VRFC 10-311] analyzing module FIRST_207
INFO: [VRFC 10-311] analyzing module FIRST_396
INFO: [VRFC 10-311] analyzing module FIRST_410
INFO: [VRFC 10-311] analyzing module FSM_V2
INFO: [VRFC 10-311] analyzing module FastRCA_4bit
INFO: [VRFC 10-311] analyzing module FastRCA_4bit_119
INFO: [VRFC 10-311] analyzing module FastRCA_4bit_120
INFO: [VRFC 10-311] analyzing module FastRCA_4bit_121
INFO: [VRFC 10-311] analyzing module FastRCA_4bit_122
INFO: [VRFC 10-311] analyzing module FastRCA_4bit_123
INFO: [VRFC 10-311] analyzing module FastRCA_4bit_151
INFO: [VRFC 10-311] analyzing module FastRCA_4bit_152
INFO: [VRFC 10-311] analyzing module FastRCA_4bit_153
INFO: [VRFC 10-311] analyzing module FastRCA_4bit_154
INFO: [VRFC 10-311] analyzing module FastRCA_4bit_155
INFO: [VRFC 10-311] analyzing module FastRCA_4bit_19
INFO: [VRFC 10-311] analyzing module FastRCA_4bit_197
INFO: [VRFC 10-311] analyzing module FastRCA_4bit_198
INFO: [VRFC 10-311] analyzing module FastRCA_4bit_199
INFO: [VRFC 10-311] analyzing module FastRCA_4bit_20
INFO: [VRFC 10-311] analyzing module FastRCA_4bit_21
INFO: [VRFC 10-311] analyzing module FastRCA_4bit_211
INFO: [VRFC 10-311] analyzing module FastRCA_4bit_212
INFO: [VRFC 10-311] analyzing module FastRCA_4bit_213
INFO: [VRFC 10-311] analyzing module FastRCA_4bit_235
INFO: [VRFC 10-311] analyzing module FastRCA_4bit_236
INFO: [VRFC 10-311] analyzing module FastRCA_4bit_237
INFO: [VRFC 10-311] analyzing module FastRCA_4bit_238
INFO: [VRFC 10-311] analyzing module FastRCA_4bit_239
INFO: [VRFC 10-311] analyzing module FastRCA_4bit_280
INFO: [VRFC 10-311] analyzing module FastRCA_4bit_281
INFO: [VRFC 10-311] analyzing module FastRCA_4bit_282
INFO: [VRFC 10-311] analyzing module FastRCA_4bit_283
INFO: [VRFC 10-311] analyzing module FastRCA_4bit_284
INFO: [VRFC 10-311] analyzing module FastRCA_4bit_319
INFO: [VRFC 10-311] analyzing module FastRCA_4bit_320
INFO: [VRFC 10-311] analyzing module FastRCA_4bit_321
INFO: [VRFC 10-311] analyzing module FastRCA_4bit_322
INFO: [VRFC 10-311] analyzing module FastRCA_4bit_323
INFO: [VRFC 10-311] analyzing module FastRCA_4bit_35
INFO: [VRFC 10-311] analyzing module FastRCA_4bit_353
INFO: [VRFC 10-311] analyzing module FastRCA_4bit_354
INFO: [VRFC 10-311] analyzing module FastRCA_4bit_355
INFO: [VRFC 10-311] analyzing module FastRCA_4bit_356
INFO: [VRFC 10-311] analyzing module FastRCA_4bit_357
INFO: [VRFC 10-311] analyzing module FastRCA_4bit_36
INFO: [VRFC 10-311] analyzing module FastRCA_4bit_37
INFO: [VRFC 10-311] analyzing module FastRCA_4bit_38
INFO: [VRFC 10-311] analyzing module FastRCA_4bit_39
INFO: [VRFC 10-311] analyzing module FastRCA_4bit_400
INFO: [VRFC 10-311] analyzing module FastRCA_4bit_401
INFO: [VRFC 10-311] analyzing module FastRCA_4bit_402
INFO: [VRFC 10-311] analyzing module FastRCA_4bit_414
INFO: [VRFC 10-311] analyzing module FastRCA_4bit_415
INFO: [VRFC 10-311] analyzing module FastRCA_4bit_416
INFO: [VRFC 10-311] analyzing module FastRCA_4bit_438
INFO: [VRFC 10-311] analyzing module FastRCA_4bit_439
INFO: [VRFC 10-311] analyzing module FastRCA_4bit_440
INFO: [VRFC 10-311] analyzing module FastRCA_4bit_441
INFO: [VRFC 10-311] analyzing module FastRCA_4bit_442
INFO: [VRFC 10-311] analyzing module FastRCA_4bit_483
INFO: [VRFC 10-311] analyzing module FastRCA_4bit_484
INFO: [VRFC 10-311] analyzing module FastRCA_4bit_485
INFO: [VRFC 10-311] analyzing module FastRCA_4bit_486
INFO: [VRFC 10-311] analyzing module FastRCA_4bit_487
INFO: [VRFC 10-311] analyzing module FastRCA_4bit_522
INFO: [VRFC 10-311] analyzing module FastRCA_4bit_523
INFO: [VRFC 10-311] analyzing module FastRCA_4bit_524
INFO: [VRFC 10-311] analyzing module FastRCA_4bit_525
INFO: [VRFC 10-311] analyzing module FastRCA_4bit_526
INFO: [VRFC 10-311] analyzing module FastRCA_4bit_556
INFO: [VRFC 10-311] analyzing module FastRCA_4bit_557
INFO: [VRFC 10-311] analyzing module FastRCA_4bit_558
INFO: [VRFC 10-311] analyzing module FastRCA_4bit_559
INFO: [VRFC 10-311] analyzing module FastRCA_4bit_560
INFO: [VRFC 10-311] analyzing module FastRCA_4bit_7
INFO: [VRFC 10-311] analyzing module FastRCA_4bit_8
INFO: [VRFC 10-311] analyzing module FastRCA_4bit_80
INFO: [VRFC 10-311] analyzing module FastRCA_4bit_81
INFO: [VRFC 10-311] analyzing module FastRCA_4bit_82
INFO: [VRFC 10-311] analyzing module FastRCA_4bit_83
INFO: [VRFC 10-311] analyzing module FastRCA_4bit_84
INFO: [VRFC 10-311] analyzing module MUX
INFO: [VRFC 10-311] analyzing module MUX_107
INFO: [VRFC 10-311] analyzing module MUX_108
INFO: [VRFC 10-311] analyzing module MUX_109
INFO: [VRFC 10-311] analyzing module MUX_110
INFO: [VRFC 10-311] analyzing module MUX_223
INFO: [VRFC 10-311] analyzing module MUX_224
INFO: [VRFC 10-311] analyzing module MUX_225
INFO: [VRFC 10-311] analyzing module MUX_226
INFO: [VRFC 10-311] analyzing module MUX_268
INFO: [VRFC 10-311] analyzing module MUX_269
INFO: [VRFC 10-311] analyzing module MUX_270
INFO: [VRFC 10-311] analyzing module MUX_271
INFO: [VRFC 10-311] analyzing module MUX_29
INFO: [VRFC 10-311] analyzing module MUX_30
INFO: [VRFC 10-311] analyzing module MUX_307
INFO: [VRFC 10-311] analyzing module MUX_308
INFO: [VRFC 10-311] analyzing module MUX_309
INFO: [VRFC 10-311] analyzing module MUX_31
INFO: [VRFC 10-311] analyzing module MUX_310
INFO: [VRFC 10-311] analyzing module MUX_426
INFO: [VRFC 10-311] analyzing module MUX_427
INFO: [VRFC 10-311] analyzing module MUX_428
INFO: [VRFC 10-311] analyzing module MUX_429
INFO: [VRFC 10-311] analyzing module MUX_471
INFO: [VRFC 10-311] analyzing module MUX_472
INFO: [VRFC 10-311] analyzing module MUX_473
INFO: [VRFC 10-311] analyzing module MUX_474
INFO: [VRFC 10-311] analyzing module MUX_510
INFO: [VRFC 10-311] analyzing module MUX_511
INFO: [VRFC 10-311] analyzing module MUX_512
INFO: [VRFC 10-311] analyzing module MUX_513
INFO: [VRFC 10-311] analyzing module MUX_68
INFO: [VRFC 10-311] analyzing module MUX_69
INFO: [VRFC 10-311] analyzing module MUX_70
INFO: [VRFC 10-311] analyzing module MUX_71
INFO: [VRFC 10-311] analyzing module PIPE_TO_ADDER
INFO: [VRFC 10-311] analyzing module PIPE_TO_ADDER_17
INFO: [VRFC 10-311] analyzing module PIPE_TO_ADDER_195
INFO: [VRFC 10-311] analyzing module PIPE_TO_ADDER_209
INFO: [VRFC 10-311] analyzing module PIPE_TO_ADDER_398
INFO: [VRFC 10-311] analyzing module PIPE_TO_ADDER_412
INFO: [VRFC 10-311] analyzing module Partial_products
INFO: [VRFC 10-311] analyzing module Partial_products_114
INFO: [VRFC 10-311] analyzing module Partial_products_230
INFO: [VRFC 10-311] analyzing module Partial_products_275
INFO: [VRFC 10-311] analyzing module Partial_products_314
INFO: [VRFC 10-311] analyzing module Partial_products_433
INFO: [VRFC 10-311] analyzing module Partial_products_478
INFO: [VRFC 10-311] analyzing module Partial_products_517
INFO: [VRFC 10-311] analyzing module Partial_products_75
INFO: [VRFC 10-311] analyzing module Pipeline
INFO: [VRFC 10-311] analyzing module Pipeline_117
INFO: [VRFC 10-311] analyzing module Pipeline_233
INFO: [VRFC 10-311] analyzing module Pipeline_278
INFO: [VRFC 10-311] analyzing module Pipeline_3
INFO: [VRFC 10-311] analyzing module Pipeline_317
INFO: [VRFC 10-311] analyzing module Pipeline_3_351
INFO: [VRFC 10-311] analyzing module Pipeline_3_554
INFO: [VRFC 10-311] analyzing module Pipeline_436
INFO: [VRFC 10-311] analyzing module Pipeline_481
INFO: [VRFC 10-311] analyzing module Pipeline_520
INFO: [VRFC 10-311] analyzing module Pipeline_78
INFO: [VRFC 10-311] analyzing module REG8
INFO: [VRFC 10-311] analyzing module REG8_174
INFO: [VRFC 10-311] analyzing module REG8_175
INFO: [VRFC 10-311] analyzing module REG8_176
INFO: [VRFC 10-311] analyzing module REG8_177
INFO: [VRFC 10-311] analyzing module REG8_178
INFO: [VRFC 10-311] analyzing module REG8_179
INFO: [VRFC 10-311] analyzing module REG8_180
INFO: [VRFC 10-311] analyzing module REG8_181
INFO: [VRFC 10-311] analyzing module REG8_182
INFO: [VRFC 10-311] analyzing module REG8_183
INFO: [VRFC 10-311] analyzing module REG8_184
INFO: [VRFC 10-311] analyzing module REG8_185
INFO: [VRFC 10-311] analyzing module REG8_376
INFO: [VRFC 10-311] analyzing module REG8_377
INFO: [VRFC 10-311] analyzing module REG8_378
INFO: [VRFC 10-311] analyzing module REG8_379
INFO: [VRFC 10-311] analyzing module REG8_380
INFO: [VRFC 10-311] analyzing module REG8_381
INFO: [VRFC 10-311] analyzing module REG8_382
INFO: [VRFC 10-311] analyzing module REG8_383
INFO: [VRFC 10-311] analyzing module REG8_384
INFO: [VRFC 10-311] analyzing module REG8_385
INFO: [VRFC 10-311] analyzing module REG8_386
INFO: [VRFC 10-311] analyzing module REG8_387
INFO: [VRFC 10-311] analyzing module REG8_388
INFO: [VRFC 10-311] analyzing module REG8_579
INFO: [VRFC 10-311] analyzing module REG8_580
INFO: [VRFC 10-311] analyzing module REG8_581
INFO: [VRFC 10-311] analyzing module REG8_582
INFO: [VRFC 10-311] analyzing module REG8_583
INFO: [VRFC 10-311] analyzing module REG8_584
INFO: [VRFC 10-311] analyzing module REG8_585
INFO: [VRFC 10-311] analyzing module REG8_586
INFO: [VRFC 10-311] analyzing module REG8_587
INFO: [VRFC 10-311] analyzing module REG8_588
INFO: [VRFC 10-311] analyzing module REG8_589
INFO: [VRFC 10-311] analyzing module REG8_590
INFO: [VRFC 10-311] analyzing module REG8_591
INFO: [VRFC 10-311] analyzing module SATURATION
INFO: [VRFC 10-311] analyzing module SATURATION_190
INFO: [VRFC 10-311] analyzing module SATURATION_393
INFO: [VRFC 10-311] analyzing module SECOND
INFO: [VRFC 10-311] analyzing module SECOND_16
INFO: [VRFC 10-311] analyzing module SECOND_194
INFO: [VRFC 10-311] analyzing module SECOND_208
INFO: [VRFC 10-311] analyzing module SECOND_397
INFO: [VRFC 10-311] analyzing module SECOND_411
INFO: [VRFC 10-311] analyzing module STEP1
INFO: [VRFC 10-311] analyzing module STEP1_115
INFO: [VRFC 10-311] analyzing module STEP1_231
INFO: [VRFC 10-311] analyzing module STEP1_276
INFO: [VRFC 10-311] analyzing module STEP1_3
INFO: [VRFC 10-311] analyzing module STEP1_315
INFO: [VRFC 10-311] analyzing module STEP1_3_350
INFO: [VRFC 10-311] analyzing module STEP1_3_553
INFO: [VRFC 10-311] analyzing module STEP1_434
INFO: [VRFC 10-311] analyzing module STEP1_479
INFO: [VRFC 10-311] analyzing module STEP1_518
INFO: [VRFC 10-311] analyzing module STEP1_76
INFO: [VRFC 10-311] analyzing module STEP2
INFO: [VRFC 10-311] analyzing module STEP2_116
INFO: [VRFC 10-311] analyzing module STEP2_232
INFO: [VRFC 10-311] analyzing module STEP2_277
INFO: [VRFC 10-311] analyzing module STEP2_316
INFO: [VRFC 10-311] analyzing module STEP2_435
INFO: [VRFC 10-311] analyzing module STEP2_480
INFO: [VRFC 10-311] analyzing module STEP2_519
INFO: [VRFC 10-311] analyzing module STEP2_77
INFO: [VRFC 10-311] analyzing module TOP
INFO: [VRFC 10-311] analyzing module TOP_BUF
INFO: [VRFC 10-311] analyzing module TOP_BUF_0
INFO: [VRFC 10-311] analyzing module TOP_BUF_2
INFO: [VRFC 10-311] analyzing module TOP_MULTI
INFO: [VRFC 10-311] analyzing module TOP_MULTI_187
INFO: [VRFC 10-311] analyzing module TOP_MULTI_188
INFO: [VRFC 10-311] analyzing module TOP_MULTI_189
INFO: [VRFC 10-311] analyzing module TOP_MULTI_390
INFO: [VRFC 10-311] analyzing module TOP_MULTI_391
INFO: [VRFC 10-311] analyzing module TOP_MULTI_392
INFO: [VRFC 10-311] analyzing module TOP_MULTI_4
INFO: [VRFC 10-311] analyzing module TOP_MULTI_5
INFO: [VRFC 10-311] analyzing module TOP_PIX
INFO: [VRFC 10-311] analyzing module TOP_PIX_1
INFO: [VRFC 10-311] analyzing module TOP_PIX_3
INFO: [VRFC 10-311] analyzing module booth
INFO: [VRFC 10-311] analyzing module booth_106
INFO: [VRFC 10-311] analyzing module booth_111
INFO: [VRFC 10-311] analyzing module booth_112
INFO: [VRFC 10-311] analyzing module booth_113
INFO: [VRFC 10-311] analyzing module booth_222
INFO: [VRFC 10-311] analyzing module booth_227
INFO: [VRFC 10-311] analyzing module booth_228
INFO: [VRFC 10-311] analyzing module booth_229
INFO: [VRFC 10-311] analyzing module booth_267
INFO: [VRFC 10-311] analyzing module booth_272
INFO: [VRFC 10-311] analyzing module booth_273
INFO: [VRFC 10-311] analyzing module booth_274
INFO: [VRFC 10-311] analyzing module booth_306
INFO: [VRFC 10-311] analyzing module booth_311
INFO: [VRFC 10-311] analyzing module booth_312
INFO: [VRFC 10-311] analyzing module booth_313
INFO: [VRFC 10-311] analyzing module booth_32
INFO: [VRFC 10-311] analyzing module booth_33
INFO: [VRFC 10-311] analyzing module booth_34
INFO: [VRFC 10-311] analyzing module booth_425
INFO: [VRFC 10-311] analyzing module booth_430
INFO: [VRFC 10-311] analyzing module booth_431
INFO: [VRFC 10-311] analyzing module booth_432
INFO: [VRFC 10-311] analyzing module booth_470
INFO: [VRFC 10-311] analyzing module booth_475
INFO: [VRFC 10-311] analyzing module booth_476
INFO: [VRFC 10-311] analyzing module booth_477
INFO: [VRFC 10-311] analyzing module booth_509
INFO: [VRFC 10-311] analyzing module booth_514
INFO: [VRFC 10-311] analyzing module booth_515
INFO: [VRFC 10-311] analyzing module booth_516
INFO: [VRFC 10-311] analyzing module booth_67
INFO: [VRFC 10-311] analyzing module booth_72
INFO: [VRFC 10-311] analyzing module booth_73
INFO: [VRFC 10-311] analyzing module booth_74
INFO: [VRFC 10-311] analyzing module glbl
