#-----------------------------------------------------------
# Vivado v2018.3 (64-bit)
# SW Build 2405991 on Thu Dec  6 23:38:27 MST 2018
# IP Build 2404404 on Fri Dec  7 01:43:56 MST 2018
# Start of session at: Sat May 25 18:17:18 2024
# Process ID: 3124
# Current directory: C:/Users/matte/Downloads/project_pixV2.xpr/project_pix
# Command line: vivado.exe -gui_launcher_event rodinguilauncherevent2296 C:\Users\matte\Downloads\project_pixV2.xpr\project_pix\project_pix.xpr
# Log file: C:/Users/matte/Downloads/project_pixV2.xpr/project_pix/vivado.log
# Journal file: C:/Users/matte/Downloads/project_pixV2.xpr/project_pix\vivado.jou
#-----------------------------------------------------------
start_gui
open_project C:/Users/matte/Downloads/project_pixV2.xpr/project_pix/project_pix.xpr
Scanning sources...
Finished scanning sources
INFO: [IP_Flow 19-234] Refreshing IP repositories
INFO: [IP_Flow 19-1704] No user IP repositories specified
INFO: [IP_Flow 19-2313] Loaded Vivado IP repository 'C:/Xilinx/Vivado/2018.3/data/ip'.
open_project: Time (s): cpu = 00:00:05 ; elapsed = 00:00:08 . Memory (MB): peak = 833.898 ; gain = 160.398
update_compile_order -fileset sources_1
launch_simulation
INFO: [Vivado 12-5682] Launching behavioral simulation in 'C:/Users/matte/Downloads/project_pixV2.xpr/project_pix/project_pix.sim/sim_1/behav/xsim'
INFO: [SIM-utils-51] Simulation object is 'sim_1'
INFO: [SIM-utils-54] Inspecting design source files for 'TB_TOP_PIX' in fileset 'sim_1'...
INFO: [USF-XSim-97] Finding global include files...
INFO: [USF-XSim-98] Fetching design files from 'sim_1'...
INFO: [USF-XSim-2] XSim::Compile design
INFO: [USF-XSim-61] Executing 'COMPILE and ANALYZE' step in 'C:/Users/matte/Downloads/project_pixV2.xpr/project_pix/project_pix.sim/sim_1/behav/xsim'
"xvhdl --incr --relax -prj TB_TOP_PIX_vhdl.prj"
INFO: [VRFC 10-163] Analyzing VHDL file "C:/Users/matte/Downloads/project_pixV2.xpr/project_pix/project_pix.srcs/sim_1/imports/new/TB_TOP_PIX.vhd" into library xil_defaultlib
INFO: [VRFC 10-3107] analyzing entity 'TB_TOP_PIX'
INFO: [USF-XSim-69] 'compile' step finished in '2' seconds
INFO: [USF-XSim-3] XSim::Elaborate design
INFO: [USF-XSim-61] Executing 'ELABORATE' step in 'C:/Users/matte/Downloads/project_pixV2.xpr/project_pix/project_pix.sim/sim_1/behav/xsim'
Vivado Simulator 2018.3
Copyright 1986-1999, 2001-2018 Xilinx, Inc. All Rights Reserved.
Running: C:/Xilinx/Vivado/2018.3/bin/unwrapped/win64.o/xelab.exe -wto d3c6c427a8d54eb0b1398baf4984ab8a --incr --debug typical --relax --mt 2 -L xil_defaultlib -L secureip --snapshot TB_TOP_PIX_behav xil_defaultlib.TB_TOP_PIX -log elaborate.log 
Using 2 slave threads.
Starting static elaboration
Completed static elaboration
Starting simulation data flow analysis
Completed simulation data flow analysis
Time Resolution for simulation is 1ps
Compiling package std.standard
Compiling package std.textio
Compiling package ieee.std_logic_1164
Compiling package ieee.std_logic_arith
Compiling package ieee.numeric_std
Compiling package ieee.std_logic_textio
Compiling package ieee.std_logic_unsigned
Compiling package unisim.vcomponents
Compiling package ieee.vital_timing
Compiling package ieee.vital_primitives
Compiling package unisim.vpkg
Compiling architecture behavioral of entity xil_defaultlib.REG8 [reg8_default]
Compiling architecture behavioral of entity xil_defaultlib.TOP_BUF [\TOP_BUF(d=32)\]
Compiling architecture muxf8_v of entity unisim.MUXF8 [muxf8_default]
Compiling architecture lut6_v of entity unisim.LUT6 [\LUT6(init="11111111000000001111...]
Compiling architecture muxf7_v of entity unisim.MUXF7 [muxf7_default]
Compiling architecture behavioral of entity xil_defaultlib.mux8_72bit [mux8_72bit_default]
Compiling architecture behavioral of entity xil_defaultlib.padd [padd_default]
Compiling architecture behavioral of entity xil_defaultlib.mirror [mirror_default]
Compiling architecture behavioral of entity xil_defaultlib.bufgen [bufgen_default]
Compiling architecture behavioral of entity xil_defaultlib.newbuf [\newbuf(d=32)\]
Compiling architecture behavioral of entity xil_defaultlib.FA [fa_default]
Compiling architecture behavioral of entity xil_defaultlib.FIRST [first_default]
Compiling architecture behavioral of entity xil_defaultlib.SECOND [second_default]
Compiling architecture carry4_v of entity unisim.CARRY4 [carry4_default]
Compiling architecture behavioral of entity xil_defaultlib.FastRCA_4bit [fastrca_4bit_default]
Compiling architecture csa of entity xil_defaultlib.ADDER12 [adder12_default]
Compiling architecture behavioral of entity xil_defaultlib.PIPE_TO_ADDER [pipe_to_adder_default]
Compiling architecture behavioral of entity xil_defaultlib.CARRY_SAVE4_8 [carry_save4_8_default]
Compiling architecture behavioral of entity xil_defaultlib.MUX [mux_default]
Compiling architecture behavioral of entity xil_defaultlib.booth [booth_default]
Compiling architecture behavioral of entity xil_defaultlib.plus [plus_default]
Compiling architecture behavioral of entity xil_defaultlib.Partial_products [partial_products_default]
Compiling architecture behavioral of entity xil_defaultlib.STEP1 [step1_default]
Compiling architecture behavioral of entity xil_defaultlib.STEP2 [step2_default]
Compiling architecture csa of entity xil_defaultlib.ADDER20 [adder20_default]
Compiling architecture behavioral of entity xil_defaultlib.Pipeline [pipeline_default]
Compiling architecture behavioral of entity xil_defaultlib.CARRY_SAVE [carry_save_default]
Compiling architecture behavioral of entity xil_defaultlib.TOP_MULTI [top_multi_default]
Compiling architecture behavioral of entity xil_defaultlib.STEP1_3 [step1_3_default]
Compiling architecture behavioral of entity xil_defaultlib.Pipeline_3 [pipeline_3_default]
Compiling architecture behavioral of entity xil_defaultlib.CARRY_SAVE_3 [carry_save_3_default]
Compiling architecture behavioral of entity xil_defaultlib.SATURATION [saturation_default]
Compiling architecture behavioral of entity xil_defaultlib.TOP_PIX [top_pix_default]
Compiling architecture behavioral of entity xil_defaultlib.reg [reg_default]
Compiling architecture behavioral of entity xil_defaultlib.fifo [\fifo(n=33)\]
Compiling architecture behavioral of entity xil_defaultlib.fifo [\fifo(n=16)\]
Compiling architecture behavioral of entity xil_defaultlib.state_dec [\state_dec(ddim=32,bdim=5)\]
Compiling architecture behavioral of entity xil_defaultlib.fifo [\fifo(n=15)\]
Compiling architecture behavioral of entity xil_defaultlib.TOP [top_default]
Compiling architecture behavioral of entity xil_defaultlib.tb_top_pix
Built simulation snapshot TB_TOP_PIX_behav
INFO: [USF-XSim-69] 'elaborate' step finished in '2' seconds
INFO: [USF-XSim-4] XSim::Simulate design
INFO: [USF-XSim-61] Executing 'SIMULATE' step in 'C:/Users/matte/Downloads/project_pixV2.xpr/project_pix/project_pix.sim/sim_1/behav/xsim'
INFO: [USF-XSim-98] *** Running xsim
   with args "TB_TOP_PIX_behav -key {Behavioral:sim_1:Functional:TB_TOP_PIX} -tclbatch {TB_TOP_PIX.tcl} -view {C:/Users/matte/Downloads/project_pixV2.xpr/project_pix/project_pix.srcs/sim_1/imports/project_pix/TB_TOP_PIX_behav.wcfg} -log {simulate.log}"
INFO: [USF-XSim-8] Loading simulator feature
Vivado Simulator 2018.3
Time resolution is 1 ps
open_wave_config C:/Users/matte/Downloads/project_pixV2.xpr/project_pix/project_pix.srcs/sim_1/imports/project_pix/TB_TOP_PIX_behav.wcfg
source TB_TOP_PIX.tcl
# set curr_wave [current_wave_config]
# if { [string length $curr_wave] == 0 } {
#   if { [llength [get_objects]] > 0} {
#     add_wave /
#     set_property needs_save false [current_wave_config]
#   } else {
#      send_msg_id Add_Wave-1 WARNING "No top level signals found. Simulator will start without a wave window. If you want to open a wave window go to 'File->New Waveform Configuration' or type 'create_wave_config' in the TCL console."
#   }
# }
# log_wave -r /
WARNING: [Simtcl 6-197] One or more HDL objects could not be logged because of object type or size limitations.  To see details please rerun the command with -verbose (-v).
# run 14000
INFO: [USF-XSim-96] XSim completed. Design snapshot 'TB_TOP_PIX_behav' loaded.
INFO: [USF-XSim-97] XSim simulation ran for 14000
launch_simulation: Time (s): cpu = 00:00:05 ; elapsed = 00:00:09 . Memory (MB): peak = 960.074 ; gain = 65.164
archive_project C:/Users/matte/Downloads/project_pixV2.xpr/project_pix.xpr.zip -temp_dir C:/Users/matte/Desktop -force -exclude_run_results
INFO: [Coretcl 2-137] starting archive...
INFO: [Coretcl 2-1499] Saving project copy to temporary location 'C:/Users/matte/Desktop' for archiving project
Scanning sources...
Finished scanning sources
INFO: [Coretcl 2-1211] Creating project copy for archival...
INFO: [Coretcl 2-135] resetting runs for excluding generated files from archive...
WARNING: [Coretcl 2-105] Run 'synth_1' is currently active
INFO: [Coretcl 2-133] re-setting run 'synth_1'...
WARNING: [Coretcl 2-105] Run 'synth_2' is currently active
INFO: [Coretcl 2-133] re-setting run 'synth_2'...
WARNING: [Coretcl 2-105] Run 'synth_3' is currently active
INFO: [Coretcl 2-133] re-setting run 'synth_3'...
WARNING: [Coretcl 2-105] Run 'synth_4' is currently active
INFO: [Coretcl 2-133] re-setting run 'synth_4'...
WARNING: [Coretcl 2-105] Run 'synth_5' is currently active
INFO: [Coretcl 2-133] re-setting run 'synth_5'...
WARNING: [Coretcl 2-105] Run 'synth_6' is currently active
INFO: [Coretcl 2-133] re-setting run 'synth_6'...
WARNING: [Coretcl 2-105] Run 'synth_7' is currently active
INFO: [Coretcl 2-133] re-setting run 'synth_7'...
WARNING: [Coretcl 2-105] Run 'synth_8' is currently active
INFO: [Coretcl 2-133] re-setting run 'synth_8'...
INFO: [Coretcl 2-133] re-setting run 'impl_1'...
INFO: [Coretcl 2-133] re-setting run 'impl_2'...
INFO: [Coretcl 2-133] re-setting run 'impl_3'...
INFO: [Coretcl 2-133] re-setting run 'impl_4'...
INFO: [Coretcl 2-133] re-setting run 'impl_5'...
INFO: [Coretcl 2-133] re-setting run 'impl_6'...
INFO: [Coretcl 2-133] re-setting run 'impl_7'...
INFO: [Coretcl 2-133] re-setting run 'impl_8'...
INFO: [Coretcl 2-1212] Importing remotely added design sources and verilog include files (if any)...
INFO: [filemgmt 20-334] All file(s) are already imported in fileset: 'constrs_1'
INFO: [filemgmt 20-348] Importing the appropriate files for fileset: 'constrs_1'
INFO: [filemgmt 20-334] All file(s) are already imported in fileset: 'sim_1'
INFO: [filemgmt 20-348] Importing the appropriate files for fileset: 'sim_1'
INFO: [filemgmt 20-348] Importing the appropriate files for fileset: 'sources_1'
