Vivado Simulator 2018.3
Copyright 1986-1999, 2001-2018 Xilinx, Inc. All Rights Reserved.
Running: C:/Xilinx/Vivado/2018.3/bin/unwrapped/win64.o/xelab.exe -wto d3c6c427a8d54eb0b1398baf4984ab8a --incr --debug typical --relax --mt 2 --maxdelay -L xil_defaultlib -L simprims_ver -L secureip --snapshot TB_TOP_PIX_time_impl -transport_int_delays -pulse_r 0 -pulse_int_r 0 -pulse_e 0 -pulse_int_e 0 xil_defaultlib.TB_TOP_PIX xil_defaultlib.glbl -log elaborate.log 
Using 2 slave threads.
Starting static elaboration
Completed static elaboration
Starting simulation data flow analysis
Completed simulation data flow analysis
INFO: [XSIM 43-3451] SDF backannotation process started with SDF file "TB_TOP_PIX_time_impl.sdf", for root module "TB_TOP_PIX/uut".
INFO: [XSIM 43-3452] SDF backannotation was successful for SDF file "TB_TOP_PIX_time_impl.sdf", for root module "TB_TOP_PIX/uut".
Time Resolution for simulation is 1ps
Compiling package std.standard
Compiling package std.textio
Compiling package ieee.std_logic_1164
Compiling package ieee.std_logic_arith
Compiling package ieee.numeric_std
Compiling package ieee.std_logic_textio
Compiling package ieee.std_logic_unsigned
Compiling package vl.vl_types
Compiling module xil_defaultlib.glbl
Compiling module simprims_ver.SRL16E_default
Compiling module xil_defaultlib.reg_643
Compiling module simprims_ver.FDRE_default
Compiling module xil_defaultlib.reg_644
Compiling module simprims_ver.FDCE_default
Compiling module xil_defaultlib.reg_645
Compiling module simprims_ver.x_lut2_mux4
Compiling module simprims_ver.LUT2
Compiling module xil_defaultlib.fifo__parameterized3
Compiling module simprims_ver.LUT6
Compiling module simprims_ver.LUT5
Compiling module simprims_ver.x_lut3_mux8
Compiling module simprims_ver.LUT3
Compiling module simprims_ver.FDPE_default
Compiling module simprims_ver.x_lut1_mux2
Compiling module simprims_ver.LUT1
Compiling module xil_defaultlib.state_dec
Compiling module simprims_ver.SRLC32E_default
Compiling module xil_defaultlib.REG8_636
Compiling module xil_defaultlib.REG8_637
Compiling module xil_defaultlib.REG8_638
Compiling module xil_defaultlib.REG8_639
Compiling module xil_defaultlib.REG8_640
Compiling module xil_defaultlib.REG8_641
Compiling module xil_defaultlib.REG8_642
Compiling module xil_defaultlib.TOP_BUF_629
Compiling module simprims_ver.LUT4
Compiling module simprims_ver.MUXF7
Compiling module xil_defaultlib.mux8_72bit_635
Compiling module xil_defaultlib.mirror_631
Compiling module simprims_ver.MUXF8
Compiling module xil_defaultlib.mux8_72bit_633
Compiling module xil_defaultlib.mux8_72bit_634
Compiling module xil_defaultlib.padd_632
Compiling module xil_defaultlib.bufgen_630
Compiling module xil_defaultlib.newbuf
Compiling module xil_defaultlib.FA_611
Compiling module xil_defaultlib.FA_612
Compiling module xil_defaultlib.FA_613
Compiling module xil_defaultlib.FA_614
Compiling module xil_defaultlib.FA_615
Compiling module xil_defaultlib.FA_616
Compiling module xil_defaultlib.FA_617
Compiling module xil_defaultlib.FA_618
Compiling module xil_defaultlib.FA_619
Compiling module xil_defaultlib.FA_620
Compiling module xil_defaultlib.FA_621
Compiling module xil_defaultlib.FA_622
Compiling module xil_defaultlib.FA_623
Compiling module xil_defaultlib.FA_624
Compiling module xil_defaultlib.FA_625
Compiling module xil_defaultlib.FA_626
Compiling module xil_defaultlib.FA_627
Compiling module xil_defaultlib.FA_628
Compiling module xil_defaultlib.STEP1_3_603
Compiling module simprims_ver.CARRY4
Compiling module xil_defaultlib.FastRCA_4bit_606
Compiling module xil_defaultlib.FastRCA_4bit_607
Compiling module xil_defaultlib.FastRCA_4bit_608
Compiling module xil_defaultlib.FastRCA_4bit_609
Compiling module xil_defaultlib.FastRCA_4bit_610
Compiling module xil_defaultlib.ADDER20_605
Compiling module xil_defaultlib.Pipeline_3_604
Compiling module xil_defaultlib.CARRY_SAVE_3_423
Compiling module xil_defaultlib.FA_591
Compiling module xil_defaultlib.FA_592
Compiling module xil_defaultlib.FA_593
Compiling module xil_defaultlib.FA_594
Compiling module xil_defaultlib.FA_595
Compiling module xil_defaultlib.FA_596
Compiling module xil_defaultlib.FA_597
Compiling module xil_defaultlib.FA_598
Compiling module xil_defaultlib.FA_599
Compiling module xil_defaultlib.FA_600
Compiling module xil_defaultlib.FA_601
Compiling module xil_defaultlib.FA_602
Compiling module xil_defaultlib.STEP1_568
Compiling module xil_defaultlib.FA_577
Compiling module xil_defaultlib.FA_578
Compiling module xil_defaultlib.FA_579
Compiling module xil_defaultlib.FA_580
Compiling module xil_defaultlib.FA_581
Compiling module xil_defaultlib.FA_582
Compiling module xil_defaultlib.FA_583
Compiling module xil_defaultlib.FA_584
Compiling module xil_defaultlib.FA_585
Compiling module xil_defaultlib.FA_586
Compiling module xil_defaultlib.FA_587
Compiling module xil_defaultlib.FA_588
Compiling module xil_defaultlib.FA_589
Compiling module xil_defaultlib.FA_590
Compiling module xil_defaultlib.STEP2_569
Compiling module xil_defaultlib.FastRCA_4bit_572
Compiling module xil_defaultlib.FastRCA_4bit_573
Compiling module xil_defaultlib.FastRCA_4bit_574
Compiling module xil_defaultlib.FastRCA_4bit_575
Compiling module xil_defaultlib.FastRCA_4bit_576
Compiling module xil_defaultlib.ADDER20_571
Compiling module xil_defaultlib.Pipeline_570
Compiling module xil_defaultlib.CARRY_SAVE_558
Compiling module xil_defaultlib.booth_559
Compiling module xil_defaultlib.MUX_560
Compiling module xil_defaultlib.MUX_561
Compiling module xil_defaultlib.MUX_562
Compiling module xil_defaultlib.MUX_563
Compiling module xil_defaultlib.booth_564
Compiling module xil_defaultlib.booth_565
Compiling module xil_defaultlib.booth_566
Compiling module xil_defaultlib.Partial_products_567
Compiling module xil_defaultlib.TOP_MULTI_424
Compiling module xil_defaultlib.FA_549
Compiling module xil_defaultlib.FA_550
Compiling module xil_defaultlib.FA_551
Compiling module xil_defaultlib.FA_552
Compiling module xil_defaultlib.FA_553
Compiling module xil_defaultlib.FA_554
Compiling module xil_defaultlib.FA_555
Compiling module xil_defaultlib.FA_556
Compiling module xil_defaultlib.FA_557
Compiling module xil_defaultlib.STEP1_529
Compiling module xil_defaultlib.FA_538
Compiling module xil_defaultlib.FA_539
Compiling module xil_defaultlib.FA_540
Compiling module xil_defaultlib.FA_541
Compiling module xil_defaultlib.FA_542
Compiling module xil_defaultlib.FA_543
Compiling module xil_defaultlib.FA_544
Compiling module xil_defaultlib.FA_545
Compiling module xil_defaultlib.FA_546
Compiling module xil_defaultlib.FA_547
Compiling module xil_defaultlib.FA_548
Compiling module xil_defaultlib.STEP2_530
Compiling module xil_defaultlib.FastRCA_4bit_533
Compiling module xil_defaultlib.FastRCA_4bit_534
Compiling module xil_defaultlib.FastRCA_4bit_535
Compiling module xil_defaultlib.FastRCA_4bit_536
Compiling module xil_defaultlib.FastRCA_4bit_537
Compiling module xil_defaultlib.ADDER20_532
Compiling module xil_defaultlib.Pipeline_531
Compiling module xil_defaultlib.CARRY_SAVE_519
Compiling module xil_defaultlib.booth_520
Compiling module xil_defaultlib.MUX_521
Compiling module xil_defaultlib.MUX_522
Compiling module xil_defaultlib.MUX_523
Compiling module xil_defaultlib.MUX_524
Compiling module xil_defaultlib.booth_525
Compiling module xil_defaultlib.booth_526
Compiling module xil_defaultlib.booth_527
Compiling module xil_defaultlib.Partial_products_528
Compiling module xil_defaultlib.TOP_MULTI_425
Compiling module xil_defaultlib.FA_507
Compiling module xil_defaultlib.FA_508
Compiling module xil_defaultlib.FA_509
Compiling module xil_defaultlib.FA_510
Compiling module xil_defaultlib.FA_511
Compiling module xil_defaultlib.FA_512
Compiling module xil_defaultlib.FA_513
Compiling module xil_defaultlib.FA_514
Compiling module xil_defaultlib.FA_515
Compiling module xil_defaultlib.FA_516
Compiling module xil_defaultlib.FA_517
Compiling module xil_defaultlib.FA_518
Compiling module xil_defaultlib.STEP1_484
Compiling module xil_defaultlib.FA_493
Compiling module xil_defaultlib.FA_494
Compiling module xil_defaultlib.FA_495
Compiling module xil_defaultlib.FA_496
Compiling module xil_defaultlib.FA_497
Compiling module xil_defaultlib.FA_498
Compiling module xil_defaultlib.FA_499
Compiling module xil_defaultlib.FA_500
Compiling module xil_defaultlib.FA_501
Compiling module xil_defaultlib.FA_502
Compiling module xil_defaultlib.FA_503
Compiling module xil_defaultlib.FA_504
Compiling module xil_defaultlib.FA_505
Compiling module xil_defaultlib.FA_506
Compiling module xil_defaultlib.STEP2_485
Compiling module xil_defaultlib.FastRCA_4bit_488
Compiling module xil_defaultlib.FastRCA_4bit_489
Compiling module xil_defaultlib.FastRCA_4bit_490
Compiling module xil_defaultlib.FastRCA_4bit_491
Compiling module xil_defaultlib.FastRCA_4bit_492
Compiling module xil_defaultlib.ADDER20_487
Compiling module xil_defaultlib.Pipeline_486
Compiling module xil_defaultlib.CARRY_SAVE_474
Compiling module xil_defaultlib.booth_475
Compiling module xil_defaultlib.MUX_476
Compiling module xil_defaultlib.MUX_477
Compiling module xil_defaultlib.MUX_478
Compiling module xil_defaultlib.MUX_479
Compiling module xil_defaultlib.booth_480
Compiling module xil_defaultlib.booth_481
Compiling module xil_defaultlib.booth_482
Compiling module xil_defaultlib.Partial_products_483
Compiling module xil_defaultlib.TOP_MULTI_426
Compiling module xil_defaultlib.SATURATION_427
Compiling module xil_defaultlib.FA_466
Compiling module xil_defaultlib.FA_467
Compiling module xil_defaultlib.FA_468
Compiling module xil_defaultlib.FA_469
Compiling module xil_defaultlib.FA_470
Compiling module xil_defaultlib.FA_471
Compiling module xil_defaultlib.FA_472
Compiling module xil_defaultlib.FA_473
Compiling module xil_defaultlib.FIRST_452
Compiling module xil_defaultlib.FA_459
Compiling module xil_defaultlib.FA_460
Compiling module xil_defaultlib.FA_461
Compiling module xil_defaultlib.FA_462
Compiling module xil_defaultlib.FA_463
Compiling module xil_defaultlib.FA_464
Compiling module xil_defaultlib.FA_465
Compiling module xil_defaultlib.SECOND_453
Compiling module xil_defaultlib.FastRCA_4bit_456
Compiling module xil_defaultlib.FastRCA_4bit_457
Compiling module xil_defaultlib.FastRCA_4bit_458
Compiling module xil_defaultlib.ADDER12_455
Compiling module xil_defaultlib.PIPE_TO_ADDER_454
Compiling module xil_defaultlib.CARRY_SAVE4_8_428
Compiling module xil_defaultlib.FA_444
Compiling module xil_defaultlib.FA_445
Compiling module xil_defaultlib.FA_446
Compiling module xil_defaultlib.FA_447
Compiling module xil_defaultlib.FA_448
Compiling module xil_defaultlib.FA_449
Compiling module xil_defaultlib.FA_450
Compiling module xil_defaultlib.FA_451
Compiling module xil_defaultlib.FIRST_430
Compiling module xil_defaultlib.FA_437
Compiling module xil_defaultlib.FA_438
Compiling module xil_defaultlib.FA_439
Compiling module xil_defaultlib.FA_440
Compiling module xil_defaultlib.FA_441
Compiling module xil_defaultlib.FA_442
Compiling module xil_defaultlib.FA_443
Compiling module xil_defaultlib.SECOND_431
Compiling module xil_defaultlib.FastRCA_4bit_434
Compiling module xil_defaultlib.FastRCA_4bit_435
Compiling module xil_defaultlib.FastRCA_4bit_436
Compiling module xil_defaultlib.ADDER12_433
Compiling module xil_defaultlib.PIPE_TO_ADDER_432
Compiling module xil_defaultlib.CARRY_SAVE4_8_429
Compiling module xil_defaultlib.TOP_PIX
Compiling module xil_defaultlib.REG8_416
Compiling module xil_defaultlib.REG8_417
Compiling module xil_defaultlib.REG8_418
Compiling module xil_defaultlib.REG8_419
Compiling module xil_defaultlib.REG8_420
Compiling module xil_defaultlib.REG8_421
Compiling module xil_defaultlib.REG8_422
Compiling module xil_defaultlib.TOP_BUF_409
Compiling module xil_defaultlib.mux8_72bit_415
Compiling module xil_defaultlib.mirror_411
Compiling module xil_defaultlib.mux8_72bit_413
Compiling module xil_defaultlib.mux8_72bit_414
Compiling module xil_defaultlib.padd_412
Compiling module xil_defaultlib.bufgen_410
Compiling module xil_defaultlib.newbuf_0
Compiling module xil_defaultlib.FA_391
Compiling module xil_defaultlib.FA_392
Compiling module xil_defaultlib.FA_393
Compiling module xil_defaultlib.FA_394
Compiling module xil_defaultlib.FA_395
Compiling module xil_defaultlib.FA_396
Compiling module xil_defaultlib.FA_397
Compiling module xil_defaultlib.FA_398
Compiling module xil_defaultlib.FA_399
Compiling module xil_defaultlib.FA_400
Compiling module xil_defaultlib.FA_401
Compiling module xil_defaultlib.FA_402
Compiling module xil_defaultlib.FA_403
Compiling module xil_defaultlib.FA_404
Compiling module xil_defaultlib.FA_405
Compiling module xil_defaultlib.FA_406
Compiling module xil_defaultlib.FA_407
Compiling module xil_defaultlib.FA_408
Compiling module xil_defaultlib.STEP1_3_383
Compiling module xil_defaultlib.FastRCA_4bit_386
Compiling module xil_defaultlib.FastRCA_4bit_387
Compiling module xil_defaultlib.FastRCA_4bit_388
Compiling module xil_defaultlib.FastRCA_4bit_389
Compiling module xil_defaultlib.FastRCA_4bit_390
Compiling module xil_defaultlib.ADDER20_385
Compiling module xil_defaultlib.Pipeline_3_384
Compiling module xil_defaultlib.CARRY_SAVE_3_203
Compiling module xil_defaultlib.FA_371
Compiling module xil_defaultlib.FA_372
Compiling module xil_defaultlib.FA_373
Compiling module xil_defaultlib.FA_374
Compiling module xil_defaultlib.FA_375
Compiling module xil_defaultlib.FA_376
Compiling module xil_defaultlib.FA_377
Compiling module xil_defaultlib.FA_378
Compiling module xil_defaultlib.FA_379
Compiling module xil_defaultlib.FA_380
Compiling module xil_defaultlib.FA_381
Compiling module xil_defaultlib.FA_382
Compiling module xil_defaultlib.STEP1_348
Compiling module xil_defaultlib.FA_357
Compiling module xil_defaultlib.FA_358
Compiling module xil_defaultlib.FA_359
Compiling module xil_defaultlib.FA_360
Compiling module xil_defaultlib.FA_361
Compiling module xil_defaultlib.FA_362
Compiling module xil_defaultlib.FA_363
Compiling module xil_defaultlib.FA_364
Compiling module xil_defaultlib.FA_365
Compiling module xil_defaultlib.FA_366
Compiling module xil_defaultlib.FA_367
Compiling module xil_defaultlib.FA_368
Compiling module xil_defaultlib.FA_369
Compiling module xil_defaultlib.FA_370
Compiling module xil_defaultlib.STEP2_349
Compiling module xil_defaultlib.FastRCA_4bit_352
Compiling module xil_defaultlib.FastRCA_4bit_353
Compiling module xil_defaultlib.FastRCA_4bit_354
Compiling module xil_defaultlib.FastRCA_4bit_355
Compiling module xil_defaultlib.FastRCA_4bit_356
Compiling module xil_defaultlib.ADDER20_351
Compiling module xil_defaultlib.Pipeline_350
Compiling module xil_defaultlib.CARRY_SAVE_338
Compiling module xil_defaultlib.booth_339
Compiling module xil_defaultlib.MUX_340
Compiling module xil_defaultlib.MUX_341
Compiling module xil_defaultlib.MUX_342
Compiling module xil_defaultlib.MUX_343
Compiling module xil_defaultlib.booth_344
Compiling module xil_defaultlib.booth_345
Compiling module xil_defaultlib.booth_346
Compiling module xil_defaultlib.Partial_products_347
Compiling module xil_defaultlib.TOP_MULTI_204
Compiling module xil_defaultlib.FA_329
Compiling module xil_defaultlib.FA_330
Compiling module xil_defaultlib.FA_331
Compiling module xil_defaultlib.FA_332
Compiling module xil_defaultlib.FA_333
Compiling module xil_defaultlib.FA_334
Compiling module xil_defaultlib.FA_335
Compiling module xil_defaultlib.FA_336
Compiling module xil_defaultlib.FA_337
Compiling module xil_defaultlib.STEP1_309
Compiling module xil_defaultlib.FA_318
Compiling module xil_defaultlib.FA_319
Compiling module xil_defaultlib.FA_320
Compiling module xil_defaultlib.FA_321
Compiling module xil_defaultlib.FA_322
Compiling module xil_defaultlib.FA_323
Compiling module xil_defaultlib.FA_324
Compiling module xil_defaultlib.FA_325
Compiling module xil_defaultlib.FA_326
Compiling module xil_defaultlib.FA_327
Compiling module xil_defaultlib.FA_328
Compiling module xil_defaultlib.STEP2_310
Compiling module xil_defaultlib.FastRCA_4bit_313
Compiling module xil_defaultlib.FastRCA_4bit_314
Compiling module xil_defaultlib.FastRCA_4bit_315
Compiling module xil_defaultlib.FastRCA_4bit_316
Compiling module xil_defaultlib.FastRCA_4bit_317
Compiling module xil_defaultlib.ADDER20_312
Compiling module xil_defaultlib.Pipeline_311
Compiling module xil_defaultlib.CARRY_SAVE_299
Compiling module xil_defaultlib.booth_300
Compiling module xil_defaultlib.MUX_301
Compiling module xil_defaultlib.MUX_302
Compiling module xil_defaultlib.MUX_303
Compiling module xil_defaultlib.MUX_304
Compiling module xil_defaultlib.booth_305
Compiling module xil_defaultlib.booth_306
Compiling module xil_defaultlib.booth_307
Compiling module xil_defaultlib.Partial_products_308
Compiling module xil_defaultlib.TOP_MULTI_205
Compiling module xil_defaultlib.FA_287
Compiling module xil_defaultlib.FA_288
Compiling module xil_defaultlib.FA_289
Compiling module xil_defaultlib.FA_290
Compiling module xil_defaultlib.FA_291
Compiling module xil_defaultlib.FA_292
Compiling module xil_defaultlib.FA_293
Compiling module xil_defaultlib.FA_294
Compiling module xil_defaultlib.FA_295
Compiling module xil_defaultlib.FA_296
Compiling module xil_defaultlib.FA_297
Compiling module xil_defaultlib.FA_298
Compiling module xil_defaultlib.STEP1_264
Compiling module xil_defaultlib.FA_273
Compiling module xil_defaultlib.FA_274
Compiling module xil_defaultlib.FA_275
Compiling module xil_defaultlib.FA_276
Compiling module xil_defaultlib.FA_277
Compiling module xil_defaultlib.FA_278
Compiling module xil_defaultlib.FA_279
Compiling module xil_defaultlib.FA_280
Compiling module xil_defaultlib.FA_281
Compiling module xil_defaultlib.FA_282
Compiling module xil_defaultlib.FA_283
Compiling module xil_defaultlib.FA_284
Compiling module xil_defaultlib.FA_285
Compiling module xil_defaultlib.FA_286
Compiling module xil_defaultlib.STEP2_265
Compiling module xil_defaultlib.FastRCA_4bit_268
Compiling module xil_defaultlib.FastRCA_4bit_269
Compiling module xil_defaultlib.FastRCA_4bit_270
Compiling module xil_defaultlib.FastRCA_4bit_271
Compiling module xil_defaultlib.FastRCA_4bit_272
Compiling module xil_defaultlib.ADDER20_267
Compiling module xil_defaultlib.Pipeline_266
Compiling module xil_defaultlib.CARRY_SAVE_254
Compiling module xil_defaultlib.booth_255
Compiling module xil_defaultlib.MUX_256
Compiling module xil_defaultlib.MUX_257
Compiling module xil_defaultlib.MUX_258
Compiling module xil_defaultlib.MUX_259
Compiling module xil_defaultlib.booth_260
Compiling module xil_defaultlib.booth_261
Compiling module xil_defaultlib.booth_262
Compiling module xil_defaultlib.Partial_products_263
Compiling module xil_defaultlib.TOP_MULTI_206
Compiling module xil_defaultlib.SATURATION_207
Compiling module xil_defaultlib.FA_246
Compiling module xil_defaultlib.FA_247
Compiling module xil_defaultlib.FA_248
Compiling module xil_defaultlib.FA_249
Compiling module xil_defaultlib.FA_250
Compiling module xil_defaultlib.FA_251
Compiling module xil_defaultlib.FA_252
Compiling module xil_defaultlib.FA_253
Compiling module xil_defaultlib.FIRST_232
Compiling module xil_defaultlib.FA_239
Compiling module xil_defaultlib.FA_240
Compiling module xil_defaultlib.FA_241
Compiling module xil_defaultlib.FA_242
Compiling module xil_defaultlib.FA_243
Compiling module xil_defaultlib.FA_244
Compiling module xil_defaultlib.FA_245
Compiling module xil_defaultlib.SECOND_233
Compiling module xil_defaultlib.FastRCA_4bit_236
Compiling module xil_defaultlib.FastRCA_4bit_237
Compiling module xil_defaultlib.FastRCA_4bit_238
Compiling module xil_defaultlib.ADDER12_235
Compiling module xil_defaultlib.PIPE_TO_ADDER_234
Compiling module xil_defaultlib.CARRY_SAVE4_8_208
Compiling module xil_defaultlib.FA_224
Compiling module xil_defaultlib.FA_225
Compiling module xil_defaultlib.FA_226
Compiling module xil_defaultlib.FA_227
Compiling module xil_defaultlib.FA_228
Compiling module xil_defaultlib.FA_229
Compiling module xil_defaultlib.FA_230
Compiling module xil_defaultlib.FA_231
Compiling module xil_defaultlib.FIRST_210
Compiling module xil_defaultlib.FA_217
Compiling module xil_defaultlib.FA_218
Compiling module xil_defaultlib.FA_219
Compiling module xil_defaultlib.FA_220
Compiling module xil_defaultlib.FA_221
Compiling module xil_defaultlib.FA_222
Compiling module xil_defaultlib.FA_223
Compiling module xil_defaultlib.SECOND_211
Compiling module xil_defaultlib.FastRCA_4bit_214
Compiling module xil_defaultlib.FastRCA_4bit_215
Compiling module xil_defaultlib.FastRCA_4bit_216
Compiling module xil_defaultlib.ADDER12_213
Compiling module xil_defaultlib.PIPE_TO_ADDER_212
Compiling module xil_defaultlib.CARRY_SAVE4_8_209
Compiling module xil_defaultlib.TOP_PIX_1
Compiling module xil_defaultlib.REG8
Compiling module xil_defaultlib.REG8_197
Compiling module xil_defaultlib.REG8_198
Compiling module xil_defaultlib.REG8_199
Compiling module xil_defaultlib.REG8_200
Compiling module xil_defaultlib.REG8_201
Compiling module xil_defaultlib.REG8_202
Compiling module xil_defaultlib.TOP_BUF
Compiling module xil_defaultlib.mux8_72bit_196
Compiling module xil_defaultlib.mirror
Compiling module xil_defaultlib.mux8_72bit
Compiling module xil_defaultlib.mux8_72bit_195
Compiling module xil_defaultlib.padd
Compiling module xil_defaultlib.bufgen
Compiling module xil_defaultlib.newbuf_2
Compiling module xil_defaultlib.FA_177
Compiling module xil_defaultlib.FA_178
Compiling module xil_defaultlib.FA_179
Compiling module xil_defaultlib.FA_180
Compiling module xil_defaultlib.FA_181
Compiling module xil_defaultlib.FA_182
Compiling module xil_defaultlib.FA_183
Compiling module xil_defaultlib.FA_184
Compiling module xil_defaultlib.FA_185
Compiling module xil_defaultlib.FA_186
Compiling module xil_defaultlib.FA_187
Compiling module xil_defaultlib.FA_188
Compiling module xil_defaultlib.FA_189
Compiling module xil_defaultlib.FA_190
Compiling module xil_defaultlib.FA_191
Compiling module xil_defaultlib.FA_192
Compiling module xil_defaultlib.FA_193
Compiling module xil_defaultlib.FA_194
Compiling module xil_defaultlib.STEP1_3
Compiling module xil_defaultlib.FastRCA_4bit_172
Compiling module xil_defaultlib.FastRCA_4bit_173
Compiling module xil_defaultlib.FastRCA_4bit_174
Compiling module xil_defaultlib.FastRCA_4bit_175
Compiling module xil_defaultlib.FastRCA_4bit_176
Compiling module xil_defaultlib.ADDER20_171
Compiling module xil_defaultlib.Pipeline_3
Compiling module xil_defaultlib.CARRY_SAVE_3
Compiling module xil_defaultlib.FA_159
Compiling module xil_defaultlib.FA_160
Compiling module xil_defaultlib.FA_161
Compiling module xil_defaultlib.FA_162
Compiling module xil_defaultlib.FA_163
Compiling module xil_defaultlib.FA_164
Compiling module xil_defaultlib.FA_165
Compiling module xil_defaultlib.FA_166
Compiling module xil_defaultlib.FA_167
Compiling module xil_defaultlib.FA_168
Compiling module xil_defaultlib.FA_169
Compiling module xil_defaultlib.FA_170
Compiling module xil_defaultlib.STEP1_136
Compiling module xil_defaultlib.FA_145
Compiling module xil_defaultlib.FA_146
Compiling module xil_defaultlib.FA_147
Compiling module xil_defaultlib.FA_148
Compiling module xil_defaultlib.FA_149
Compiling module xil_defaultlib.FA_150
Compiling module xil_defaultlib.FA_151
Compiling module xil_defaultlib.FA_152
Compiling module xil_defaultlib.FA_153
Compiling module xil_defaultlib.FA_154
Compiling module xil_defaultlib.FA_155
Compiling module xil_defaultlib.FA_156
Compiling module xil_defaultlib.FA_157
Compiling module xil_defaultlib.FA_158
Compiling module xil_defaultlib.STEP2_137
Compiling module xil_defaultlib.FastRCA_4bit_140
Compiling module xil_defaultlib.FastRCA_4bit_141
Compiling module xil_defaultlib.FastRCA_4bit_142
Compiling module xil_defaultlib.FastRCA_4bit_143
Compiling module xil_defaultlib.FastRCA_4bit_144
Compiling module xil_defaultlib.ADDER20_139
Compiling module xil_defaultlib.Pipeline_138
Compiling module xil_defaultlib.CARRY_SAVE_126
Compiling module xil_defaultlib.booth_127
Compiling module xil_defaultlib.MUX_128
Compiling module xil_defaultlib.MUX_129
Compiling module xil_defaultlib.MUX_130
Compiling module xil_defaultlib.MUX_131
Compiling module xil_defaultlib.booth_132
Compiling module xil_defaultlib.booth_133
Compiling module xil_defaultlib.booth_134
Compiling module xil_defaultlib.Partial_products_135
Compiling module xil_defaultlib.TOP_MULTI
Compiling module xil_defaultlib.FA_117
Compiling module xil_defaultlib.FA_118
Compiling module xil_defaultlib.FA_119
Compiling module xil_defaultlib.FA_120
Compiling module xil_defaultlib.FA_121
Compiling module xil_defaultlib.FA_122
Compiling module xil_defaultlib.FA_123
Compiling module xil_defaultlib.FA_124
Compiling module xil_defaultlib.FA_125
Compiling module xil_defaultlib.STEP1_97
Compiling module xil_defaultlib.FA_106
Compiling module xil_defaultlib.FA_107
Compiling module xil_defaultlib.FA_108
Compiling module xil_defaultlib.FA_109
Compiling module xil_defaultlib.FA_110
Compiling module xil_defaultlib.FA_111
Compiling module xil_defaultlib.FA_112
Compiling module xil_defaultlib.FA_113
Compiling module xil_defaultlib.FA_114
Compiling module xil_defaultlib.FA_115
Compiling module xil_defaultlib.FA_116
Compiling module xil_defaultlib.STEP2_98
Compiling module xil_defaultlib.FastRCA_4bit_101
Compiling module xil_defaultlib.FastRCA_4bit_102
Compiling module xil_defaultlib.FastRCA_4bit_103
Compiling module xil_defaultlib.FastRCA_4bit_104
Compiling module xil_defaultlib.FastRCA_4bit_105
Compiling module xil_defaultlib.ADDER20_100
Compiling module xil_defaultlib.Pipeline_99
Compiling module xil_defaultlib.CARRY_SAVE_87
Compiling module xil_defaultlib.booth_88
Compiling module xil_defaultlib.MUX_89
Compiling module xil_defaultlib.MUX_90
Compiling module xil_defaultlib.MUX_91
Compiling module xil_defaultlib.MUX_92
Compiling module xil_defaultlib.booth_93
Compiling module xil_defaultlib.booth_94
Compiling module xil_defaultlib.booth_95
Compiling module xil_defaultlib.Partial_products_96
Compiling module xil_defaultlib.TOP_MULTI_9
Compiling module xil_defaultlib.FA_75
Compiling module xil_defaultlib.FA_76
Compiling module xil_defaultlib.FA_77
Compiling module xil_defaultlib.FA_78
Compiling module xil_defaultlib.FA_79
Compiling module xil_defaultlib.FA_80
Compiling module xil_defaultlib.FA_81
Compiling module xil_defaultlib.FA_82
Compiling module xil_defaultlib.FA_83
Compiling module xil_defaultlib.FA_84
Compiling module xil_defaultlib.FA_85
Compiling module xil_defaultlib.FA_86
Compiling module xil_defaultlib.STEP1
Compiling module xil_defaultlib.FA_61
Compiling module xil_defaultlib.FA_62
Compiling module xil_defaultlib.FA_63
Compiling module xil_defaultlib.FA_64
Compiling module xil_defaultlib.FA_65
Compiling module xil_defaultlib.FA_66
Compiling module xil_defaultlib.FA_67
Compiling module xil_defaultlib.FA_68
Compiling module xil_defaultlib.FA_69
Compiling module xil_defaultlib.FA_70
Compiling module xil_defaultlib.FA_71
Compiling module xil_defaultlib.FA_72
Compiling module xil_defaultlib.FA_73
Compiling module xil_defaultlib.FA_74
Compiling module xil_defaultlib.STEP2
Compiling module xil_defaultlib.FastRCA_4bit_56
Compiling module xil_defaultlib.FastRCA_4bit_57
Compiling module xil_defaultlib.FastRCA_4bit_58
Compiling module xil_defaultlib.FastRCA_4bit_59
Compiling module xil_defaultlib.FastRCA_4bit_60
Compiling module xil_defaultlib.ADDER20
Compiling module xil_defaultlib.Pipeline
Compiling module xil_defaultlib.CARRY_SAVE
Compiling module xil_defaultlib.booth
Compiling module xil_defaultlib.MUX
Compiling module xil_defaultlib.MUX_50
Compiling module xil_defaultlib.MUX_51
Compiling module xil_defaultlib.MUX_52
Compiling module xil_defaultlib.booth_53
Compiling module xil_defaultlib.booth_54
Compiling module xil_defaultlib.booth_55
Compiling module xil_defaultlib.Partial_products
Compiling module xil_defaultlib.TOP_MULTI_10
Compiling module xil_defaultlib.SATURATION
Compiling module xil_defaultlib.FA_42
Compiling module xil_defaultlib.FA_43
Compiling module xil_defaultlib.FA_44
Compiling module xil_defaultlib.FA_45
Compiling module xil_defaultlib.FA_46
Compiling module xil_defaultlib.FA_47
Compiling module xil_defaultlib.FA_48
Compiling module xil_defaultlib.FA_49
Compiling module xil_defaultlib.FIRST_28
Compiling module xil_defaultlib.FA_35
Compiling module xil_defaultlib.FA_36
Compiling module xil_defaultlib.FA_37
Compiling module xil_defaultlib.FA_38
Compiling module xil_defaultlib.FA_39
Compiling module xil_defaultlib.FA_40
Compiling module xil_defaultlib.FA_41
Compiling module xil_defaultlib.SECOND_29
Compiling module xil_defaultlib.FastRCA_4bit_32
Compiling module xil_defaultlib.FastRCA_4bit_33
Compiling module xil_defaultlib.FastRCA_4bit_34
Compiling module xil_defaultlib.ADDER12_31
Compiling module xil_defaultlib.PIPE_TO_ADDER_30
Compiling module xil_defaultlib.CARRY_SAVE4_8
Compiling module xil_defaultlib.FA_20
Compiling module xil_defaultlib.FA_21
Compiling module xil_defaultlib.FA_22
Compiling module xil_defaultlib.FA_23
Compiling module xil_defaultlib.FA_24
Compiling module xil_defaultlib.FA_25
Compiling module xil_defaultlib.FA_26
Compiling module xil_defaultlib.FA_27
Compiling module xil_defaultlib.FIRST
Compiling module xil_defaultlib.FA
Compiling module xil_defaultlib.FA_14
Compiling module xil_defaultlib.FA_15
Compiling module xil_defaultlib.FA_16
Compiling module xil_defaultlib.FA_17
Compiling module xil_defaultlib.FA_18
Compiling module xil_defaultlib.FA_19
Compiling module xil_defaultlib.SECOND
Compiling module xil_defaultlib.FastRCA_4bit
Compiling module xil_defaultlib.FastRCA_4bit_12
Compiling module xil_defaultlib.FastRCA_4bit_13
Compiling module xil_defaultlib.ADDER12
Compiling module xil_defaultlib.PIPE_TO_ADDER
Compiling module xil_defaultlib.CARRY_SAVE4_8_11
Compiling module xil_defaultlib.TOP_PIX_3
Compiling module xil_defaultlib.reg_6
Compiling module xil_defaultlib.reg_7
Compiling module xil_defaultlib.reg_8
Compiling module xil_defaultlib.fifo
Compiling module xil_defaultlib.reg
Compiling module xil_defaultlib.reg_4
Compiling module xil_defaultlib.reg_5
Compiling module xil_defaultlib.fifo__parameterized1
Compiling module simprims_ver.BUFG
Compiling module simprims_ver.IBUF
Compiling module simprims_ver.OBUF
Compiling module xil_defaultlib.TOP
Compiling architecture behavioral of entity xil_defaultlib.tb_top_pix
Built simulation snapshot TB_TOP_PIX_time_impl
