INFO: [VRFC 10-2263] Analyzing Verilog file "C:/Users/matte/Downloads/project_pixV2.xpr/project_pix/project_pix.sim/sim_1/impl/timing/xsim/TB_TOP_PIX_time_impl.v" into library xil_defaultlib
INFO: [VRFC 10-311] analyzing module ADDER12
INFO: [VRFC 10-311] analyzing module ADDER12_213
INFO: [VRFC 10-311] analyzing module ADDER12_235
INFO: [VRFC 10-311] analyzing module ADDER12_31
INFO: [VRFC 10-311] analyzing module ADDER12_433
INFO: [VRFC 10-311] analyzing module ADDER12_455
INFO: [VRFC 10-311] analyzing module ADDER20
INFO: [VRFC 10-311] analyzing module ADDER20_100
INFO: [VRFC 10-311] analyzing module ADDER20_139
INFO: [VRFC 10-311] analyzing module ADDER20_171
INFO: [VRFC 10-311] analyzing module ADDER20_267
INFO: [VRFC 10-311] analyzing module ADDER20_312
INFO: [VRFC 10-311] analyzing module ADDER20_351
INFO: [VRFC 10-311] analyzing module ADDER20_385
INFO: [VRFC 10-311] analyzing module ADDER20_487
INFO: [VRFC 10-311] analyzing module ADDER20_532
INFO: [VRFC 10-311] analyzing module ADDER20_571
INFO: [VRFC 10-311] analyzing module ADDER20_605
INFO: [VRFC 10-311] analyzing module CARRY_SAVE
INFO: [VRFC 10-311] analyzing module CARRY_SAVE4_8
INFO: [VRFC 10-311] analyzing module CARRY_SAVE4_8_11
INFO: [VRFC 10-311] analyzing module CARRY_SAVE4_8_208
INFO: [VRFC 10-311] analyzing module CARRY_SAVE4_8_209
INFO: [VRFC 10-311] analyzing module CARRY_SAVE4_8_428
INFO: [VRFC 10-311] analyzing module CARRY_SAVE4_8_429
INFO: [VRFC 10-311] analyzing module CARRY_SAVE_126
INFO: [VRFC 10-311] analyzing module CARRY_SAVE_254
INFO: [VRFC 10-311] analyzing module CARRY_SAVE_299
INFO: [VRFC 10-311] analyzing module CARRY_SAVE_3
INFO: [VRFC 10-311] analyzing module CARRY_SAVE_338
INFO: [VRFC 10-311] analyzing module CARRY_SAVE_3_203
INFO: [VRFC 10-311] analyzing module CARRY_SAVE_3_423
INFO: [VRFC 10-311] analyzing module CARRY_SAVE_474
INFO: [VRFC 10-311] analyzing module CARRY_SAVE_519
INFO: [VRFC 10-311] analyzing module CARRY_SAVE_558
INFO: [VRFC 10-311] analyzing module CARRY_SAVE_87
INFO: [VRFC 10-311] analyzing module FA
INFO: [VRFC 10-311] analyzing module FA_106
INFO: [VRFC 10-311] analyzing module FA_107
INFO: [VRFC 10-311] analyzing module FA_108
INFO: [VRFC 10-311] analyzing module FA_109
INFO: [VRFC 10-311] analyzing module FA_110
INFO: [VRFC 10-311] analyzing module FA_111
INFO: [VRFC 10-311] analyzing module FA_112
INFO: [VRFC 10-311] analyzing module FA_113
INFO: [VRFC 10-311] analyzing module FA_114
INFO: [VRFC 10-311] analyzing module FA_115
INFO: [VRFC 10-311] analyzing module FA_116
INFO: [VRFC 10-311] analyzing module FA_117
INFO: [VRFC 10-311] analyzing module FA_118
INFO: [VRFC 10-311] analyzing module FA_119
INFO: [VRFC 10-311] analyzing module FA_120
INFO: [VRFC 10-311] analyzing module FA_121
INFO: [VRFC 10-311] analyzing module FA_122
INFO: [VRFC 10-311] analyzing module FA_123
INFO: [VRFC 10-311] analyzing module FA_124
INFO: [VRFC 10-311] analyzing module FA_125
INFO: [VRFC 10-311] analyzing module FA_14
INFO: [VRFC 10-311] analyzing module FA_145
INFO: [VRFC 10-311] analyzing module FA_146
INFO: [VRFC 10-311] analyzing module FA_147
INFO: [VRFC 10-311] analyzing module FA_148
INFO: [VRFC 10-311] analyzing module FA_149
INFO: [VRFC 10-311] analyzing module FA_15
INFO: [VRFC 10-311] analyzing module FA_150
INFO: [VRFC 10-311] analyzing module FA_151
INFO: [VRFC 10-311] analyzing module FA_152
INFO: [VRFC 10-311] analyzing module FA_153
INFO: [VRFC 10-311] analyzing module FA_154
INFO: [VRFC 10-311] analyzing module FA_155
INFO: [VRFC 10-311] analyzing module FA_156
INFO: [VRFC 10-311] analyzing module FA_157
INFO: [VRFC 10-311] analyzing module FA_158
INFO: [VRFC 10-311] analyzing module FA_159
INFO: [VRFC 10-311] analyzing module FA_16
INFO: [VRFC 10-311] analyzing module FA_160
INFO: [VRFC 10-311] analyzing module FA_161
INFO: [VRFC 10-311] analyzing module FA_162
INFO: [VRFC 10-311] analyzing module FA_163
INFO: [VRFC 10-311] analyzing module FA_164
INFO: [VRFC 10-311] analyzing module FA_165
INFO: [VRFC 10-311] analyzing module FA_166
INFO: [VRFC 10-311] analyzing module FA_167
INFO: [VRFC 10-311] analyzing module FA_168
INFO: [VRFC 10-311] analyzing module FA_169
INFO: [VRFC 10-311] analyzing module FA_17
INFO: [VRFC 10-311] analyzing module FA_170
INFO: [VRFC 10-311] analyzing module FA_177
INFO: [VRFC 10-311] analyzing module FA_178
INFO: [VRFC 10-311] analyzing module FA_179
INFO: [VRFC 10-311] analyzing module FA_18
INFO: [VRFC 10-311] analyzing module FA_180
INFO: [VRFC 10-311] analyzing module FA_181
INFO: [VRFC 10-311] analyzing module FA_182
INFO: [VRFC 10-311] analyzing module FA_183
INFO: [VRFC 10-311] analyzing module FA_184
INFO: [VRFC 10-311] analyzing module FA_185
INFO: [VRFC 10-311] analyzing module FA_186
INFO: [VRFC 10-311] analyzing module FA_187
INFO: [VRFC 10-311] analyzing module FA_188
INFO: [VRFC 10-311] analyzing module FA_189
INFO: [VRFC 10-311] analyzing module FA_19
INFO: [VRFC 10-311] analyzing module FA_190
INFO: [VRFC 10-311] analyzing module FA_191
INFO: [VRFC 10-311] analyzing module FA_192
INFO: [VRFC 10-311] analyzing module FA_193
INFO: [VRFC 10-311] analyzing module FA_194
INFO: [VRFC 10-311] analyzing module FA_20
INFO: [VRFC 10-311] analyzing module FA_21
INFO: [VRFC 10-311] analyzing module FA_217
INFO: [VRFC 10-311] analyzing module FA_218
INFO: [VRFC 10-311] analyzing module FA_219
INFO: [VRFC 10-311] analyzing module FA_22
INFO: [VRFC 10-311] analyzing module FA_220
INFO: [VRFC 10-311] analyzing module FA_221
INFO: [VRFC 10-311] analyzing module FA_222
INFO: [VRFC 10-311] analyzing module FA_223
INFO: [VRFC 10-311] analyzing module FA_224
INFO: [VRFC 10-311] analyzing module FA_225
INFO: [VRFC 10-311] analyzing module FA_226
INFO: [VRFC 10-311] analyzing module FA_227
INFO: [VRFC 10-311] analyzing module FA_228
INFO: [VRFC 10-311] analyzing module FA_229
INFO: [VRFC 10-311] analyzing module FA_23
INFO: [VRFC 10-311] analyzing module FA_230
INFO: [VRFC 10-311] analyzing module FA_231
INFO: [VRFC 10-311] analyzing module FA_239
INFO: [VRFC 10-311] analyzing module FA_24
INFO: [VRFC 10-311] analyzing module FA_240
INFO: [VRFC 10-311] analyzing module FA_241
INFO: [VRFC 10-311] analyzing module FA_242
INFO: [VRFC 10-311] analyzing module FA_243
INFO: [VRFC 10-311] analyzing module FA_244
INFO: [VRFC 10-311] analyzing module FA_245
INFO: [VRFC 10-311] analyzing module FA_246
INFO: [VRFC 10-311] analyzing module FA_247
INFO: [VRFC 10-311] analyzing module FA_248
INFO: [VRFC 10-311] analyzing module FA_249
INFO: [VRFC 10-311] analyzing module FA_25
INFO: [VRFC 10-311] analyzing module FA_250
INFO: [VRFC 10-311] analyzing module FA_251
INFO: [VRFC 10-311] analyzing module FA_252
INFO: [VRFC 10-311] analyzing module FA_253
INFO: [VRFC 10-311] analyzing module FA_26
INFO: [VRFC 10-311] analyzing module FA_27
INFO: [VRFC 10-311] analyzing module FA_273
INFO: [VRFC 10-311] analyzing module FA_274
INFO: [VRFC 10-311] analyzing module FA_275
INFO: [VRFC 10-311] analyzing module FA_276
INFO: [VRFC 10-311] analyzing module FA_277
INFO: [VRFC 10-311] analyzing module FA_278
INFO: [VRFC 10-311] analyzing module FA_279
INFO: [VRFC 10-311] analyzing module FA_280
INFO: [VRFC 10-311] analyzing module FA_281
INFO: [VRFC 10-311] analyzing module FA_282
INFO: [VRFC 10-311] analyzing module FA_283
INFO: [VRFC 10-311] analyzing module FA_284
INFO: [VRFC 10-311] analyzing module FA_285
INFO: [VRFC 10-311] analyzing module FA_286
INFO: [VRFC 10-311] analyzing module FA_287
INFO: [VRFC 10-311] analyzing module FA_288
INFO: [VRFC 10-311] analyzing module FA_289
INFO: [VRFC 10-311] analyzing module FA_290
INFO: [VRFC 10-311] analyzing module FA_291
INFO: [VRFC 10-311] analyzing module FA_292
INFO: [VRFC 10-311] analyzing module FA_293
INFO: [VRFC 10-311] analyzing module FA_294
INFO: [VRFC 10-311] analyzing module FA_295
INFO: [VRFC 10-311] analyzing module FA_296
INFO: [VRFC 10-311] analyzing module FA_297
INFO: [VRFC 10-311] analyzing module FA_298
INFO: [VRFC 10-311] analyzing module FA_318
INFO: [VRFC 10-311] analyzing module FA_319
INFO: [VRFC 10-311] analyzing module FA_320
INFO: [VRFC 10-311] analyzing module FA_321
INFO: [VRFC 10-311] analyzing module FA_322
INFO: [VRFC 10-311] analyzing module FA_323
INFO: [VRFC 10-311] analyzing module FA_324
INFO: [VRFC 10-311] analyzing module FA_325
INFO: [VRFC 10-311] analyzing module FA_326
INFO: [VRFC 10-311] analyzing module FA_327
INFO: [VRFC 10-311] analyzing module FA_328
INFO: [VRFC 10-311] analyzing module FA_329
INFO: [VRFC 10-311] analyzing module FA_330
INFO: [VRFC 10-311] analyzing module FA_331
INFO: [VRFC 10-311] analyzing module FA_332
INFO: [VRFC 10-311] analyzing module FA_333
INFO: [VRFC 10-311] analyzing module FA_334
INFO: [VRFC 10-311] analyzing module FA_335
INFO: [VRFC 10-311] analyzing module FA_336
INFO: [VRFC 10-311] analyzing module FA_337
INFO: [VRFC 10-311] analyzing module FA_35
INFO: [VRFC 10-311] analyzing module FA_357
INFO: [VRFC 10-311] analyzing module FA_358
INFO: [VRFC 10-311] analyzing module FA_359
INFO: [VRFC 10-311] analyzing module FA_36
INFO: [VRFC 10-311] analyzing module FA_360
INFO: [VRFC 10-311] analyzing module FA_361
INFO: [VRFC 10-311] analyzing module FA_362
INFO: [VRFC 10-311] analyzing module FA_363
INFO: [VRFC 10-311] analyzing module FA_364
INFO: [VRFC 10-311] analyzing module FA_365
INFO: [VRFC 10-311] analyzing module FA_366
INFO: [VRFC 10-311] analyzing module FA_367
INFO: [VRFC 10-311] analyzing module FA_368
INFO: [VRFC 10-311] analyzing module FA_369
INFO: [VRFC 10-311] analyzing module FA_37
INFO: [VRFC 10-311] analyzing module FA_370
INFO: [VRFC 10-311] analyzing module FA_371
INFO: [VRFC 10-311] analyzing module FA_372
INFO: [VRFC 10-311] analyzing module FA_373
INFO: [VRFC 10-311] analyzing module FA_374
INFO: [VRFC 10-311] analyzing module FA_375
INFO: [VRFC 10-311] analyzing module FA_376
INFO: [VRFC 10-311] analyzing module FA_377
INFO: [VRFC 10-311] analyzing module FA_378
INFO: [VRFC 10-311] analyzing module FA_379
INFO: [VRFC 10-311] analyzing module FA_38
INFO: [VRFC 10-311] analyzing module FA_380
INFO: [VRFC 10-311] analyzing module FA_381
INFO: [VRFC 10-311] analyzing module FA_382
INFO: [VRFC 10-311] analyzing module FA_39
INFO: [VRFC 10-311] analyzing module FA_391
INFO: [VRFC 10-311] analyzing module FA_392
INFO: [VRFC 10-311] analyzing module FA_393
INFO: [VRFC 10-311] analyzing module FA_394
INFO: [VRFC 10-311] analyzing module FA_395
INFO: [VRFC 10-311] analyzing module FA_396
INFO: [VRFC 10-311] analyzing module FA_397
INFO: [VRFC 10-311] analyzing module FA_398
INFO: [VRFC 10-311] analyzing module FA_399
INFO: [VRFC 10-311] analyzing module FA_40
INFO: [VRFC 10-311] analyzing module FA_400
INFO: [VRFC 10-311] analyzing module FA_401
INFO: [VRFC 10-311] analyzing module FA_402
INFO: [VRFC 10-311] analyzing module FA_403
INFO: [VRFC 10-311] analyzing module FA_404
INFO: [VRFC 10-311] analyzing module FA_405
INFO: [VRFC 10-311] analyzing module FA_406
INFO: [VRFC 10-311] analyzing module FA_407
INFO: [VRFC 10-311] analyzing module FA_408
INFO: [VRFC 10-311] analyzing module FA_41
INFO: [VRFC 10-311] analyzing module FA_42
INFO: [VRFC 10-311] analyzing module FA_43
INFO: [VRFC 10-311] analyzing module FA_437
INFO: [VRFC 10-311] analyzing module FA_438
INFO: [VRFC 10-311] analyzing module FA_439
INFO: [VRFC 10-311] analyzing module FA_44
INFO: [VRFC 10-311] analyzing module FA_440
INFO: [VRFC 10-311] analyzing module FA_441
INFO: [VRFC 10-311] analyzing module FA_442
INFO: [VRFC 10-311] analyzing module FA_443
INFO: [VRFC 10-311] analyzing module FA_444
INFO: [VRFC 10-311] analyzing module FA_445
INFO: [VRFC 10-311] analyzing module FA_446
INFO: [VRFC 10-311] analyzing module FA_447
INFO: [VRFC 10-311] analyzing module FA_448
INFO: [VRFC 10-311] analyzing module FA_449
INFO: [VRFC 10-311] analyzing module FA_45
INFO: [VRFC 10-311] analyzing module FA_450
INFO: [VRFC 10-311] analyzing module FA_451
INFO: [VRFC 10-311] analyzing module FA_459
INFO: [VRFC 10-311] analyzing module FA_46
INFO: [VRFC 10-311] analyzing module FA_460
INFO: [VRFC 10-311] analyzing module FA_461
INFO: [VRFC 10-311] analyzing module FA_462
INFO: [VRFC 10-311] analyzing module FA_463
INFO: [VRFC 10-311] analyzing module FA_464
INFO: [VRFC 10-311] analyzing module FA_465
INFO: [VRFC 10-311] analyzing module FA_466
INFO: [VRFC 10-311] analyzing module FA_467
INFO: [VRFC 10-311] analyzing module FA_468
INFO: [VRFC 10-311] analyzing module FA_469
INFO: [VRFC 10-311] analyzing module FA_47
INFO: [VRFC 10-311] analyzing module FA_470
INFO: [VRFC 10-311] analyzing module FA_471
INFO: [VRFC 10-311] analyzing module FA_472
INFO: [VRFC 10-311] analyzing module FA_473
INFO: [VRFC 10-311] analyzing module FA_48
INFO: [VRFC 10-311] analyzing module FA_49
INFO: [VRFC 10-311] analyzing module FA_493
INFO: [VRFC 10-311] analyzing module FA_494
INFO: [VRFC 10-311] analyzing module FA_495
INFO: [VRFC 10-311] analyzing module FA_496
INFO: [VRFC 10-311] analyzing module FA_497
INFO: [VRFC 10-311] analyzing module FA_498
INFO: [VRFC 10-311] analyzing module FA_499
INFO: [VRFC 10-311] analyzing module FA_500
INFO: [VRFC 10-311] analyzing module FA_501
INFO: [VRFC 10-311] analyzing module FA_502
INFO: [VRFC 10-311] analyzing module FA_503
INFO: [VRFC 10-311] analyzing module FA_504
INFO: [VRFC 10-311] analyzing module FA_505
INFO: [VRFC 10-311] analyzing module FA_506
INFO: [VRFC 10-311] analyzing module FA_507
INFO: [VRFC 10-311] analyzing module FA_508
INFO: [VRFC 10-311] analyzing module FA_509
INFO: [VRFC 10-311] analyzing module FA_510
INFO: [VRFC 10-311] analyzing module FA_511
INFO: [VRFC 10-311] analyzing module FA_512
INFO: [VRFC 10-311] analyzing module FA_513
INFO: [VRFC 10-311] analyzing module FA_514
INFO: [VRFC 10-311] analyzing module FA_515
INFO: [VRFC 10-311] analyzing module FA_516
INFO: [VRFC 10-311] analyzing module FA_517
INFO: [VRFC 10-311] analyzing module FA_518
INFO: [VRFC 10-311] analyzing module FA_538
INFO: [VRFC 10-311] analyzing module FA_539
INFO: [VRFC 10-311] analyzing module FA_540
INFO: [VRFC 10-311] analyzing module FA_541
INFO: [VRFC 10-311] analyzing module FA_542
INFO: [VRFC 10-311] analyzing module FA_543
INFO: [VRFC 10-311] analyzing module FA_544
INFO: [VRFC 10-311] analyzing module FA_545
INFO: [VRFC 10-311] analyzing module FA_546
INFO: [VRFC 10-311] analyzing module FA_547
INFO: [VRFC 10-311] analyzing module FA_548
INFO: [VRFC 10-311] analyzing module FA_549
INFO: [VRFC 10-311] analyzing module FA_550
INFO: [VRFC 10-311] analyzing module FA_551
INFO: [VRFC 10-311] analyzing module FA_552
INFO: [VRFC 10-311] analyzing module FA_553
INFO: [VRFC 10-311] analyzing module FA_554
INFO: [VRFC 10-311] analyzing module FA_555
INFO: [VRFC 10-311] analyzing module FA_556
INFO: [VRFC 10-311] analyzing module FA_557
INFO: [VRFC 10-311] analyzing module FA_577
INFO: [VRFC 10-311] analyzing module FA_578
INFO: [VRFC 10-311] analyzing module FA_579
INFO: [VRFC 10-311] analyzing module FA_580
INFO: [VRFC 10-311] analyzing module FA_581
INFO: [VRFC 10-311] analyzing module FA_582
INFO: [VRFC 10-311] analyzing module FA_583
INFO: [VRFC 10-311] analyzing module FA_584
INFO: [VRFC 10-311] analyzing module FA_585
INFO: [VRFC 10-311] analyzing module FA_586
INFO: [VRFC 10-311] analyzing module FA_587
INFO: [VRFC 10-311] analyzing module FA_588
INFO: [VRFC 10-311] analyzing module FA_589
INFO: [VRFC 10-311] analyzing module FA_590
INFO: [VRFC 10-311] analyzing module FA_591
INFO: [VRFC 10-311] analyzing module FA_592
INFO: [VRFC 10-311] analyzing module FA_593
INFO: [VRFC 10-311] analyzing module FA_594
INFO: [VRFC 10-311] analyzing module FA_595
INFO: [VRFC 10-311] analyzing module FA_596
INFO: [VRFC 10-311] analyzing module FA_597
INFO: [VRFC 10-311] analyzing module FA_598
INFO: [VRFC 10-311] analyzing module FA_599
INFO: [VRFC 10-311] analyzing module FA_600
INFO: [VRFC 10-311] analyzing module FA_601
INFO: [VRFC 10-311] analyzing module FA_602
INFO: [VRFC 10-311] analyzing module FA_61
INFO: [VRFC 10-311] analyzing module FA_611
INFO: [VRFC 10-311] analyzing module FA_612
INFO: [VRFC 10-311] analyzing module FA_613
INFO: [VRFC 10-311] analyzing module FA_614
INFO: [VRFC 10-311] analyzing module FA_615
INFO: [VRFC 10-311] analyzing module FA_616
INFO: [VRFC 10-311] analyzing module FA_617
INFO: [VRFC 10-311] analyzing module FA_618
INFO: [VRFC 10-311] analyzing module FA_619
INFO: [VRFC 10-311] analyzing module FA_62
INFO: [VRFC 10-311] analyzing module FA_620
INFO: [VRFC 10-311] analyzing module FA_621
INFO: [VRFC 10-311] analyzing module FA_622
INFO: [VRFC 10-311] analyzing module FA_623
INFO: [VRFC 10-311] analyzing module FA_624
INFO: [VRFC 10-311] analyzing module FA_625
INFO: [VRFC 10-311] analyzing module FA_626
INFO: [VRFC 10-311] analyzing module FA_627
INFO: [VRFC 10-311] analyzing module FA_628
INFO: [VRFC 10-311] analyzing module FA_63
INFO: [VRFC 10-311] analyzing module FA_64
INFO: [VRFC 10-311] analyzing module FA_65
INFO: [VRFC 10-311] analyzing module FA_66
INFO: [VRFC 10-311] analyzing module FA_67
INFO: [VRFC 10-311] analyzing module FA_68
INFO: [VRFC 10-311] analyzing module FA_69
INFO: [VRFC 10-311] analyzing module FA_70
INFO: [VRFC 10-311] analyzing module FA_71
INFO: [VRFC 10-311] analyzing module FA_72
INFO: [VRFC 10-311] analyzing module FA_73
INFO: [VRFC 10-311] analyzing module FA_74
INFO: [VRFC 10-311] analyzing module FA_75
INFO: [VRFC 10-311] analyzing module FA_76
INFO: [VRFC 10-311] analyzing module FA_77
INFO: [VRFC 10-311] analyzing module FA_78
INFO: [VRFC 10-311] analyzing module FA_79
INFO: [VRFC 10-311] analyzing module FA_80
INFO: [VRFC 10-311] analyzing module FA_81
INFO: [VRFC 10-311] analyzing module FA_82
INFO: [VRFC 10-311] analyzing module FA_83
INFO: [VRFC 10-311] analyzing module FA_84
INFO: [VRFC 10-311] analyzing module FA_85
INFO: [VRFC 10-311] analyzing module FA_86
INFO: [VRFC 10-311] analyzing module FIRST
INFO: [VRFC 10-311] analyzing module FIRST_210
INFO: [VRFC 10-311] analyzing module FIRST_232
INFO: [VRFC 10-311] analyzing module FIRST_28
INFO: [VRFC 10-311] analyzing module FIRST_430
INFO: [VRFC 10-311] analyzing module FIRST_452
INFO: [VRFC 10-311] analyzing module FastRCA_4bit
INFO: [VRFC 10-311] analyzing module FastRCA_4bit_101
INFO: [VRFC 10-311] analyzing module FastRCA_4bit_102
INFO: [VRFC 10-311] analyzing module FastRCA_4bit_103
INFO: [VRFC 10-311] analyzing module FastRCA_4bit_104
INFO: [VRFC 10-311] analyzing module FastRCA_4bit_105
INFO: [VRFC 10-311] analyzing module FastRCA_4bit_12
INFO: [VRFC 10-311] analyzing module FastRCA_4bit_13
INFO: [VRFC 10-311] analyzing module FastRCA_4bit_140
INFO: [VRFC 10-311] analyzing module FastRCA_4bit_141
INFO: [VRFC 10-311] analyzing module FastRCA_4bit_142
INFO: [VRFC 10-311] analyzing module FastRCA_4bit_143
INFO: [VRFC 10-311] analyzing module FastRCA_4bit_144
INFO: [VRFC 10-311] analyzing module FastRCA_4bit_172
INFO: [VRFC 10-311] analyzing module FastRCA_4bit_173
INFO: [VRFC 10-311] analyzing module FastRCA_4bit_174
INFO: [VRFC 10-311] analyzing module FastRCA_4bit_175
INFO: [VRFC 10-311] analyzing module FastRCA_4bit_176
INFO: [VRFC 10-311] analyzing module FastRCA_4bit_214
INFO: [VRFC 10-311] analyzing module FastRCA_4bit_215
INFO: [VRFC 10-311] analyzing module FastRCA_4bit_216
INFO: [VRFC 10-311] analyzing module FastRCA_4bit_236
INFO: [VRFC 10-311] analyzing module FastRCA_4bit_237
INFO: [VRFC 10-311] analyzing module FastRCA_4bit_238
INFO: [VRFC 10-311] analyzing module FastRCA_4bit_268
INFO: [VRFC 10-311] analyzing module FastRCA_4bit_269
INFO: [VRFC 10-311] analyzing module FastRCA_4bit_270
INFO: [VRFC 10-311] analyzing module FastRCA_4bit_271
INFO: [VRFC 10-311] analyzing module FastRCA_4bit_272
INFO: [VRFC 10-311] analyzing module FastRCA_4bit_313
INFO: [VRFC 10-311] analyzing module FastRCA_4bit_314
INFO: [VRFC 10-311] analyzing module FastRCA_4bit_315
INFO: [VRFC 10-311] analyzing module FastRCA_4bit_316
INFO: [VRFC 10-311] analyzing module FastRCA_4bit_317
INFO: [VRFC 10-311] analyzing module FastRCA_4bit_32
INFO: [VRFC 10-311] analyzing module FastRCA_4bit_33
INFO: [VRFC 10-311] analyzing module FastRCA_4bit_34
INFO: [VRFC 10-311] analyzing module FastRCA_4bit_352
INFO: [VRFC 10-311] analyzing module FastRCA_4bit_353
INFO: [VRFC 10-311] analyzing module FastRCA_4bit_354
INFO: [VRFC 10-311] analyzing module FastRCA_4bit_355
INFO: [VRFC 10-311] analyzing module FastRCA_4bit_356
INFO: [VRFC 10-311] analyzing module FastRCA_4bit_386
INFO: [VRFC 10-311] analyzing module FastRCA_4bit_387
INFO: [VRFC 10-311] analyzing module FastRCA_4bit_388
INFO: [VRFC 10-311] analyzing module FastRCA_4bit_389
INFO: [VRFC 10-311] analyzing module FastRCA_4bit_390
INFO: [VRFC 10-311] analyzing module FastRCA_4bit_434
INFO: [VRFC 10-311] analyzing module FastRCA_4bit_435
INFO: [VRFC 10-311] analyzing module FastRCA_4bit_436
INFO: [VRFC 10-311] analyzing module FastRCA_4bit_456
INFO: [VRFC 10-311] analyzing module FastRCA_4bit_457
INFO: [VRFC 10-311] analyzing module FastRCA_4bit_458
INFO: [VRFC 10-311] analyzing module FastRCA_4bit_488
INFO: [VRFC 10-311] analyzing module FastRCA_4bit_489
INFO: [VRFC 10-311] analyzing module FastRCA_4bit_490
INFO: [VRFC 10-311] analyzing module FastRCA_4bit_491
INFO: [VRFC 10-311] analyzing module FastRCA_4bit_492
INFO: [VRFC 10-311] analyzing module FastRCA_4bit_533
INFO: [VRFC 10-311] analyzing module FastRCA_4bit_534
INFO: [VRFC 10-311] analyzing module FastRCA_4bit_535
INFO: [VRFC 10-311] analyzing module FastRCA_4bit_536
INFO: [VRFC 10-311] analyzing module FastRCA_4bit_537
INFO: [VRFC 10-311] analyzing module FastRCA_4bit_56
INFO: [VRFC 10-311] analyzing module FastRCA_4bit_57
INFO: [VRFC 10-311] analyzing module FastRCA_4bit_572
INFO: [VRFC 10-311] analyzing module FastRCA_4bit_573
INFO: [VRFC 10-311] analyzing module FastRCA_4bit_574
INFO: [VRFC 10-311] analyzing module FastRCA_4bit_575
INFO: [VRFC 10-311] analyzing module FastRCA_4bit_576
INFO: [VRFC 10-311] analyzing module FastRCA_4bit_58
INFO: [VRFC 10-311] analyzing module FastRCA_4bit_59
INFO: [VRFC 10-311] analyzing module FastRCA_4bit_60
INFO: [VRFC 10-311] analyzing module FastRCA_4bit_606
INFO: [VRFC 10-311] analyzing module FastRCA_4bit_607
INFO: [VRFC 10-311] analyzing module FastRCA_4bit_608
INFO: [VRFC 10-311] analyzing module FastRCA_4bit_609
INFO: [VRFC 10-311] analyzing module FastRCA_4bit_610
INFO: [VRFC 10-311] analyzing module MUX
INFO: [VRFC 10-311] analyzing module MUX_128
INFO: [VRFC 10-311] analyzing module MUX_129
INFO: [VRFC 10-311] analyzing module MUX_130
INFO: [VRFC 10-311] analyzing module MUX_131
INFO: [VRFC 10-311] analyzing module MUX_256
INFO: [VRFC 10-311] analyzing module MUX_257
INFO: [VRFC 10-311] analyzing module MUX_258
INFO: [VRFC 10-311] analyzing module MUX_259
INFO: [VRFC 10-311] analyzing module MUX_301
INFO: [VRFC 10-311] analyzing module MUX_302
INFO: [VRFC 10-311] analyzing module MUX_303
INFO: [VRFC 10-311] analyzing module MUX_304
INFO: [VRFC 10-311] analyzing module MUX_340
INFO: [VRFC 10-311] analyzing module MUX_341
INFO: [VRFC 10-311] analyzing module MUX_342
INFO: [VRFC 10-311] analyzing module MUX_343
INFO: [VRFC 10-311] analyzing module MUX_476
INFO: [VRFC 10-311] analyzing module MUX_477
INFO: [VRFC 10-311] analyzing module MUX_478
INFO: [VRFC 10-311] analyzing module MUX_479
INFO: [VRFC 10-311] analyzing module MUX_50
INFO: [VRFC 10-311] analyzing module MUX_51
INFO: [VRFC 10-311] analyzing module MUX_52
INFO: [VRFC 10-311] analyzing module MUX_521
INFO: [VRFC 10-311] analyzing module MUX_522
INFO: [VRFC 10-311] analyzing module MUX_523
INFO: [VRFC 10-311] analyzing module MUX_524
INFO: [VRFC 10-311] analyzing module MUX_560
INFO: [VRFC 10-311] analyzing module MUX_561
INFO: [VRFC 10-311] analyzing module MUX_562
INFO: [VRFC 10-311] analyzing module MUX_563
INFO: [VRFC 10-311] analyzing module MUX_89
INFO: [VRFC 10-311] analyzing module MUX_90
INFO: [VRFC 10-311] analyzing module MUX_91
INFO: [VRFC 10-311] analyzing module MUX_92
INFO: [VRFC 10-311] analyzing module PIPE_TO_ADDER
INFO: [VRFC 10-311] analyzing module PIPE_TO_ADDER_212
INFO: [VRFC 10-311] analyzing module PIPE_TO_ADDER_234
INFO: [VRFC 10-311] analyzing module PIPE_TO_ADDER_30
INFO: [VRFC 10-311] analyzing module PIPE_TO_ADDER_432
INFO: [VRFC 10-311] analyzing module PIPE_TO_ADDER_454
INFO: [VRFC 10-311] analyzing module Partial_products
INFO: [VRFC 10-311] analyzing module Partial_products_135
INFO: [VRFC 10-311] analyzing module Partial_products_263
INFO: [VRFC 10-311] analyzing module Partial_products_308
INFO: [VRFC 10-311] analyzing module Partial_products_347
INFO: [VRFC 10-311] analyzing module Partial_products_483
INFO: [VRFC 10-311] analyzing module Partial_products_528
INFO: [VRFC 10-311] analyzing module Partial_products_567
INFO: [VRFC 10-311] analyzing module Partial_products_96
INFO: [VRFC 10-311] analyzing module Pipeline
INFO: [VRFC 10-311] analyzing module Pipeline_138
INFO: [VRFC 10-311] analyzing module Pipeline_266
INFO: [VRFC 10-311] analyzing module Pipeline_3
INFO: [VRFC 10-311] analyzing module Pipeline_311
INFO: [VRFC 10-311] analyzing module Pipeline_350
INFO: [VRFC 10-311] analyzing module Pipeline_3_384
INFO: [VRFC 10-311] analyzing module Pipeline_3_604
INFO: [VRFC 10-311] analyzing module Pipeline_486
INFO: [VRFC 10-311] analyzing module Pipeline_531
INFO: [VRFC 10-311] analyzing module Pipeline_570
INFO: [VRFC 10-311] analyzing module Pipeline_99
INFO: [VRFC 10-311] analyzing module REG8
INFO: [VRFC 10-311] analyzing module REG8_197
INFO: [VRFC 10-311] analyzing module REG8_198
INFO: [VRFC 10-311] analyzing module REG8_199
INFO: [VRFC 10-311] analyzing module REG8_200
INFO: [VRFC 10-311] analyzing module REG8_201
INFO: [VRFC 10-311] analyzing module REG8_202
INFO: [VRFC 10-311] analyzing module REG8_416
INFO: [VRFC 10-311] analyzing module REG8_417
INFO: [VRFC 10-311] analyzing module REG8_418
INFO: [VRFC 10-311] analyzing module REG8_419
INFO: [VRFC 10-311] analyzing module REG8_420
INFO: [VRFC 10-311] analyzing module REG8_421
INFO: [VRFC 10-311] analyzing module REG8_422
INFO: [VRFC 10-311] analyzing module REG8_636
INFO: [VRFC 10-311] analyzing module REG8_637
INFO: [VRFC 10-311] analyzing module REG8_638
INFO: [VRFC 10-311] analyzing module REG8_639
INFO: [VRFC 10-311] analyzing module REG8_640
INFO: [VRFC 10-311] analyzing module REG8_641
INFO: [VRFC 10-311] analyzing module REG8_642
INFO: [VRFC 10-311] analyzing module SATURATION
INFO: [VRFC 10-311] analyzing module SATURATION_207
INFO: [VRFC 10-311] analyzing module SATURATION_427
INFO: [VRFC 10-311] analyzing module SECOND
INFO: [VRFC 10-311] analyzing module SECOND_211
INFO: [VRFC 10-311] analyzing module SECOND_233
INFO: [VRFC 10-311] analyzing module SECOND_29
INFO: [VRFC 10-311] analyzing module SECOND_431
INFO: [VRFC 10-311] analyzing module SECOND_453
INFO: [VRFC 10-311] analyzing module STEP1
INFO: [VRFC 10-311] analyzing module STEP1_136
INFO: [VRFC 10-311] analyzing module STEP1_264
INFO: [VRFC 10-311] analyzing module STEP1_3
INFO: [VRFC 10-311] analyzing module STEP1_309
INFO: [VRFC 10-311] analyzing module STEP1_348
INFO: [VRFC 10-311] analyzing module STEP1_3_383
INFO: [VRFC 10-311] analyzing module STEP1_3_603
INFO: [VRFC 10-311] analyzing module STEP1_484
INFO: [VRFC 10-311] analyzing module STEP1_529
INFO: [VRFC 10-311] analyzing module STEP1_568
INFO: [VRFC 10-311] analyzing module STEP1_97
INFO: [VRFC 10-311] analyzing module STEP2
INFO: [VRFC 10-311] analyzing module STEP2_137
INFO: [VRFC 10-311] analyzing module STEP2_265
INFO: [VRFC 10-311] analyzing module STEP2_310
INFO: [VRFC 10-311] analyzing module STEP2_349
INFO: [VRFC 10-311] analyzing module STEP2_485
INFO: [VRFC 10-311] analyzing module STEP2_530
INFO: [VRFC 10-311] analyzing module STEP2_569
INFO: [VRFC 10-311] analyzing module STEP2_98
INFO: [VRFC 10-311] analyzing module TOP
INFO: [VRFC 10-311] analyzing module TOP_BUF
INFO: [VRFC 10-311] analyzing module TOP_BUF_409
INFO: [VRFC 10-311] analyzing module TOP_BUF_629
INFO: [VRFC 10-311] analyzing module TOP_MULTI
INFO: [VRFC 10-311] analyzing module TOP_MULTI_10
INFO: [VRFC 10-311] analyzing module TOP_MULTI_204
INFO: [VRFC 10-311] analyzing module TOP_MULTI_205
INFO: [VRFC 10-311] analyzing module TOP_MULTI_206
INFO: [VRFC 10-311] analyzing module TOP_MULTI_424
INFO: [VRFC 10-311] analyzing module TOP_MULTI_425
INFO: [VRFC 10-311] analyzing module TOP_MULTI_426
INFO: [VRFC 10-311] analyzing module TOP_MULTI_9
INFO: [VRFC 10-311] analyzing module TOP_PIX
INFO: [VRFC 10-311] analyzing module TOP_PIX_1
INFO: [VRFC 10-311] analyzing module TOP_PIX_3
INFO: [VRFC 10-311] analyzing module booth
INFO: [VRFC 10-311] analyzing module booth_127
INFO: [VRFC 10-311] analyzing module booth_132
INFO: [VRFC 10-311] analyzing module booth_133
INFO: [VRFC 10-311] analyzing module booth_134
INFO: [VRFC 10-311] analyzing module booth_255
INFO: [VRFC 10-311] analyzing module booth_260
INFO: [VRFC 10-311] analyzing module booth_261
INFO: [VRFC 10-311] analyzing module booth_262
INFO: [VRFC 10-311] analyzing module booth_300
INFO: [VRFC 10-311] analyzing module booth_305
INFO: [VRFC 10-311] analyzing module booth_306
INFO: [VRFC 10-311] analyzing module booth_307
INFO: [VRFC 10-311] analyzing module booth_339
INFO: [VRFC 10-311] analyzing module booth_344
INFO: [VRFC 10-311] analyzing module booth_345
INFO: [VRFC 10-311] analyzing module booth_346
INFO: [VRFC 10-311] analyzing module booth_475
INFO: [VRFC 10-311] analyzing module booth_480
INFO: [VRFC 10-311] analyzing module booth_481
INFO: [VRFC 10-311] analyzing module booth_482
INFO: [VRFC 10-311] analyzing module booth_520
INFO: [VRFC 10-311] analyzing module booth_525
INFO: [VRFC 10-311] analyzing module booth_526
INFO: [VRFC 10-311] analyzing module booth_527
INFO: [VRFC 10-311] analyzing module booth_53
INFO: [VRFC 10-311] analyzing module booth_54
INFO: [VRFC 10-311] analyzing module booth_55
INFO: [VRFC 10-311] analyzing module booth_559
INFO: [VRFC 10-311] analyzing module booth_564
INFO: [VRFC 10-311] analyzing module booth_565
INFO: [VRFC 10-311] analyzing module booth_566
INFO: [VRFC 10-311] analyzing module booth_88
INFO: [VRFC 10-311] analyzing module booth_93
INFO: [VRFC 10-311] analyzing module booth_94
INFO: [VRFC 10-311] analyzing module booth_95
INFO: [VRFC 10-311] analyzing module bufgen
INFO: [VRFC 10-311] analyzing module bufgen_410
INFO: [VRFC 10-311] analyzing module bufgen_630
INFO: [VRFC 10-311] analyzing module fifo
INFO: [VRFC 10-311] analyzing module fifo__parameterized1
INFO: [VRFC 10-311] analyzing module fifo__parameterized3
INFO: [VRFC 10-311] analyzing module mirror
INFO: [VRFC 10-311] analyzing module mirror_411
INFO: [VRFC 10-311] analyzing module mirror_631
INFO: [VRFC 10-311] analyzing module mux8_72bit
INFO: [VRFC 10-311] analyzing module mux8_72bit_195
INFO: [VRFC 10-311] analyzing module mux8_72bit_196
INFO: [VRFC 10-311] analyzing module mux8_72bit_413
INFO: [VRFC 10-311] analyzing module mux8_72bit_414
INFO: [VRFC 10-311] analyzing module mux8_72bit_415
INFO: [VRFC 10-311] analyzing module mux8_72bit_633
INFO: [VRFC 10-311] analyzing module mux8_72bit_634
INFO: [VRFC 10-311] analyzing module mux8_72bit_635
INFO: [VRFC 10-311] analyzing module newbuf
INFO: [VRFC 10-311] analyzing module newbuf_0
INFO: [VRFC 10-311] analyzing module newbuf_2
INFO: [VRFC 10-311] analyzing module padd
INFO: [VRFC 10-311] analyzing module padd_412
INFO: [VRFC 10-311] analyzing module padd_632
INFO: [VRFC 10-311] analyzing module reg
INFO: [VRFC 10-311] analyzing module reg_4
INFO: [VRFC 10-311] analyzing module reg_5
INFO: [VRFC 10-311] analyzing module reg_6
INFO: [VRFC 10-311] analyzing module reg_643
INFO: [VRFC 10-311] analyzing module reg_644
INFO: [VRFC 10-311] analyzing module reg_645
INFO: [VRFC 10-311] analyzing module reg_7
INFO: [VRFC 10-311] analyzing module reg_8
INFO: [VRFC 10-311] analyzing module state_dec
INFO: [VRFC 10-311] analyzing module glbl
