Vivado Simulator 2018.3
Copyright 1986-1999, 2001-2018 Xilinx, Inc. All Rights Reserved.
Running: C:/Xilinx/Vivado/2018.3/bin/unwrapped/win64.o/xelab.exe -wto d3c6c427a8d54eb0b1398baf4984ab8a --incr --debug typical --relax --mt 2 --maxdelay -L xil_defaultlib -L simprims_ver -L secureip --snapshot TB_TOP_PIX_time_synth -transport_int_delays -pulse_r 0 -pulse_int_r 0 -pulse_e 0 -pulse_int_e 0 xil_defaultlib.TB_TOP_PIX xil_defaultlib.glbl -log elaborate.log 
Using 2 slave threads.
Starting static elaboration
Completed static elaboration
Starting simulation data flow analysis
Completed simulation data flow analysis
INFO: [XSIM 43-3451] SDF backannotation process started with SDF file "TB_TOP_PIX_time_synth.sdf", for root module "TB_TOP_PIX/uut".
INFO: [XSIM 43-3452] SDF backannotation was successful for SDF file "TB_TOP_PIX_time_synth.sdf", for root module "TB_TOP_PIX/uut".
Time Resolution for simulation is 1ps
Compiling package std.standard
Compiling package std.textio
Compiling package ieee.std_logic_1164
Compiling package ieee.std_logic_arith
Compiling package ieee.numeric_std
Compiling package ieee.std_logic_textio
Compiling package ieee.std_logic_unsigned
Compiling package vl.vl_types
Compiling module xil_defaultlib.glbl
Compiling module simprims_ver.FDCE_default
Compiling module xil_defaultlib.reg__759
Compiling module xil_defaultlib.reg__769
Compiling module xil_defaultlib.reg__770
Compiling module xil_defaultlib.reg__771
Compiling module xil_defaultlib.reg__772
Compiling module xil_defaultlib.reg__773
Compiling module xil_defaultlib.reg__774
Compiling module xil_defaultlib.reg__775
Compiling module xil_defaultlib.reg__776
Compiling module xil_defaultlib.reg__777
Compiling module xil_defaultlib.reg__778
Compiling module xil_defaultlib.reg__760
Compiling module xil_defaultlib.reg__779
Compiling module xil_defaultlib.reg__780
Compiling module xil_defaultlib.reg__781
Compiling module xil_defaultlib.reg__782
Compiling module xil_defaultlib.reg__783
Compiling module xil_defaultlib.reg__784
Compiling module xil_defaultlib.reg__785
Compiling module xil_defaultlib.reg__786
Compiling module xil_defaultlib.reg__787
Compiling module xil_defaultlib.reg__788
Compiling module xil_defaultlib.reg__761
Compiling module xil_defaultlib.reg__789
Compiling module xil_defaultlib.reg__790
Compiling module xil_defaultlib.reg__791
Compiling module xil_defaultlib.reg__792
Compiling module xil_defaultlib.reg__793
Compiling module xil_defaultlib.reg__794
Compiling module xil_defaultlib.reg__795
Compiling module xil_defaultlib.reg__796
Compiling module xil_defaultlib.reg__797
Compiling module xil_defaultlib.reg__798
Compiling module xil_defaultlib.reg__762
Compiling module xil_defaultlib.reg__799
Compiling module xil_defaultlib.reg__800
Compiling module xil_defaultlib.reg__801
Compiling module xil_defaultlib.reg__802
Compiling module xil_defaultlib.reg__803
Compiling module xil_defaultlib.reg__804
Compiling module xil_defaultlib.reg
Compiling module xil_defaultlib.reg__763
Compiling module xil_defaultlib.reg__764
Compiling module xil_defaultlib.reg__765
Compiling module xil_defaultlib.reg__766
Compiling module xil_defaultlib.reg__767
Compiling module xil_defaultlib.reg__768
Compiling module xil_defaultlib.fifo__parameterized3
Compiling module simprims_ver.LUT6
Compiling module simprims_ver.LUT5
Compiling module simprims_ver.x_lut2_mux4
Compiling module simprims_ver.LUT2
Compiling module simprims_ver.FDPE_default
Compiling module simprims_ver.x_lut1_mux2
Compiling module simprims_ver.LUT1
Compiling module simprims_ver.LUT4
Compiling module simprims_ver.x_lut3_mux8
Compiling module simprims_ver.LUT3
Compiling module xil_defaultlib.state_dec
Compiling module xil_defaultlib.REG8__123
Compiling module xil_defaultlib.REG8__122
Compiling module xil_defaultlib.REG8__121
Compiling module xil_defaultlib.REG8__120
Compiling module xil_defaultlib.REG8__119
Compiling module xil_defaultlib.REG8__118
Compiling module xil_defaultlib.REG8__117
Compiling module xil_defaultlib.REG8__116
Compiling module xil_defaultlib.REG8__115
Compiling module xil_defaultlib.REG8__114
Compiling module xil_defaultlib.REG8__132
Compiling module xil_defaultlib.REG8__113
Compiling module xil_defaultlib.REG8__112
Compiling module xil_defaultlib.REG8__111
Compiling module xil_defaultlib.REG8__110
Compiling module xil_defaultlib.REG8__109
Compiling module xil_defaultlib.REG8__108
Compiling module xil_defaultlib.REG8__107
Compiling module xil_defaultlib.REG8__106
Compiling module xil_defaultlib.REG8__105
Compiling module xil_defaultlib.REG8__104
Compiling module xil_defaultlib.REG8__131
Compiling module xil_defaultlib.REG8__103
Compiling module xil_defaultlib.REG8__102
Compiling module xil_defaultlib.REG8__101
Compiling module xil_defaultlib.REG8__100
Compiling module xil_defaultlib.REG8__99
Compiling module xil_defaultlib.REG8__98
Compiling module xil_defaultlib.REG8__97
Compiling module xil_defaultlib.REG8__96
Compiling module xil_defaultlib.REG8__95
Compiling module xil_defaultlib.REG8__94
Compiling module xil_defaultlib.REG8__130
Compiling module xil_defaultlib.REG8__93
Compiling module xil_defaultlib.REG8__92
Compiling module xil_defaultlib.REG8__91
Compiling module xil_defaultlib.REG8__90
Compiling module xil_defaultlib.REG8__89
Compiling module xil_defaultlib.REG8__88
Compiling module xil_defaultlib.REG8__87
Compiling module xil_defaultlib.REG8__86
Compiling module xil_defaultlib.REG8__85
Compiling module xil_defaultlib.REG8__84
Compiling module xil_defaultlib.REG8__129
Compiling module xil_defaultlib.REG8__83
Compiling module xil_defaultlib.REG8__82
Compiling module xil_defaultlib.REG8__81
Compiling module xil_defaultlib.REG8__80
Compiling module xil_defaultlib.REG8__79
Compiling module xil_defaultlib.REG8__78
Compiling module xil_defaultlib.REG8__77
Compiling module xil_defaultlib.REG8__76
Compiling module xil_defaultlib.REG8__75
Compiling module xil_defaultlib.REG8__74
Compiling module xil_defaultlib.REG8__128
Compiling module xil_defaultlib.REG8__73
Compiling module xil_defaultlib.REG8__72
Compiling module xil_defaultlib.REG8__71
Compiling module xil_defaultlib.REG8__70
Compiling module xil_defaultlib.REG8__69
Compiling module xil_defaultlib.REG8__68
Compiling module xil_defaultlib.REG8__67
Compiling module xil_defaultlib.REG8__127
Compiling module xil_defaultlib.REG8__126
Compiling module xil_defaultlib.REG8__125
Compiling module xil_defaultlib.REG8__124
Compiling module xil_defaultlib.REG8__133
Compiling module xil_defaultlib.TOP_BUF__1
Compiling module simprims_ver.MUXF7
Compiling module xil_defaultlib.mux8_72bit__3
Compiling module xil_defaultlib.mirror__1
Compiling module simprims_ver.MUXF8
Compiling module xil_defaultlib.mux8_72bit__5
Compiling module xil_defaultlib.mux8_72bit__4
Compiling module xil_defaultlib.padd__1
Compiling module xil_defaultlib.bufgen__1
Compiling module xil_defaultlib.newbuf__1
Compiling module xil_defaultlib.FA__177
Compiling module xil_defaultlib.FA__167
Compiling module xil_defaultlib.FA__166
Compiling module xil_defaultlib.FA__165
Compiling module xil_defaultlib.FA__164
Compiling module xil_defaultlib.FA__163
Compiling module xil_defaultlib.FA__162
Compiling module xil_defaultlib.FA__161
Compiling module xil_defaultlib.FA__160
Compiling module xil_defaultlib.FA__176
Compiling module xil_defaultlib.FA__175
Compiling module xil_defaultlib.FA__174
Compiling module xil_defaultlib.FA__173
Compiling module xil_defaultlib.FA__172
Compiling module xil_defaultlib.FA__171
Compiling module xil_defaultlib.FA__170
Compiling module xil_defaultlib.FA__169
Compiling module xil_defaultlib.FA__168
Compiling module simprims_ver.GND
Compiling module xil_defaultlib.STEP1_3__1
Compiling module simprims_ver.CARRY4
Compiling module xil_defaultlib.FastRCA_4bit__30
Compiling module xil_defaultlib.FastRCA_4bit__29
Compiling module xil_defaultlib.FastRCA_4bit__28
Compiling module xil_defaultlib.FastRCA_4bit__27
Compiling module xil_defaultlib.FastRCA_4bit__26
Compiling module xil_defaultlib.ADDER20__4
Compiling module xil_defaultlib.Pipeline_3__1
Compiling module xil_defaultlib.CARRY_SAVE_3__1
Compiling module xil_defaultlib.FA__276
Compiling module xil_defaultlib.FA__275
Compiling module xil_defaultlib.FA__274
Compiling module xil_defaultlib.FA__273
Compiling module xil_defaultlib.FA__272
Compiling module xil_defaultlib.FA__271
Compiling module xil_defaultlib.FA__270
Compiling module xil_defaultlib.FA__269
Compiling module xil_defaultlib.FA__282
Compiling module xil_defaultlib.FA__281
Compiling module xil_defaultlib.FA__280
Compiling module xil_defaultlib.FA__279
Compiling module xil_defaultlib.FA__278
Compiling module xil_defaultlib.FA__277
Compiling module xil_defaultlib.STEP1__5
Compiling module xil_defaultlib.FA__258
Compiling module xil_defaultlib.FA__257
Compiling module xil_defaultlib.FA__256
Compiling module xil_defaultlib.FA__255
Compiling module xil_defaultlib.FA__254
Compiling module xil_defaultlib.FA__253
Compiling module xil_defaultlib.FA__252
Compiling module xil_defaultlib.FA__251
Compiling module xil_defaultlib.FA__250
Compiling module xil_defaultlib.FA__266
Compiling module xil_defaultlib.FA__265
Compiling module xil_defaultlib.FA__264
Compiling module xil_defaultlib.FA__263
Compiling module xil_defaultlib.FA__262
Compiling module xil_defaultlib.FA__261
Compiling module xil_defaultlib.FA__260
Compiling module xil_defaultlib.FA__259
Compiling module xil_defaultlib.STEP2__5
Compiling module xil_defaultlib.FastRCA_4bit__45
Compiling module xil_defaultlib.FastRCA_4bit__44
Compiling module xil_defaultlib.FastRCA_4bit__43
Compiling module xil_defaultlib.FastRCA_4bit__42
Compiling module xil_defaultlib.FastRCA_4bit__41
Compiling module xil_defaultlib.ADDER20__7
Compiling module xil_defaultlib.Pipeline__5
Compiling module xil_defaultlib.CARRY_SAVE__5
Compiling module xil_defaultlib.booth__23
Compiling module xil_defaultlib.MUX__23
Compiling module xil_defaultlib.MUX__22
Compiling module xil_defaultlib.MUX__21
Compiling module xil_defaultlib.MUX__20
Compiling module xil_defaultlib.booth__22
Compiling module xil_defaultlib.booth__21
Compiling module xil_defaultlib.booth__20
Compiling module xil_defaultlib.plus__5
Compiling module xil_defaultlib.Partial_products__5
Compiling module xil_defaultlib.TOP_MULTI__5
Compiling module xil_defaultlib.FA__204
Compiling module xil_defaultlib.FA__203
Compiling module xil_defaultlib.FA__202
Compiling module xil_defaultlib.FA__201
Compiling module xil_defaultlib.FA__200
Compiling module xil_defaultlib.FA__199
Compiling module xil_defaultlib.FA__198
Compiling module xil_defaultlib.FA__197
Compiling module xil_defaultlib.FA__210
Compiling module xil_defaultlib.FA__209
Compiling module xil_defaultlib.FA__208
Compiling module xil_defaultlib.FA__207
Compiling module xil_defaultlib.FA__206
Compiling module xil_defaultlib.FA__205
Compiling module xil_defaultlib.STEP1__3
Compiling module xil_defaultlib.FA__186
Compiling module xil_defaultlib.FA__185
Compiling module xil_defaultlib.FA__184
Compiling module xil_defaultlib.FA__183
Compiling module xil_defaultlib.FA__182
Compiling module xil_defaultlib.FA__181
Compiling module xil_defaultlib.FA__180
Compiling module xil_defaultlib.FA__179
Compiling module xil_defaultlib.FA__178
Compiling module xil_defaultlib.FA__194
Compiling module xil_defaultlib.FA__193
Compiling module xil_defaultlib.FA__192
Compiling module xil_defaultlib.FA__191
Compiling module xil_defaultlib.FA__190
Compiling module xil_defaultlib.FA__189
Compiling module xil_defaultlib.FA__188
Compiling module xil_defaultlib.FA__187
Compiling module xil_defaultlib.STEP2__3
Compiling module xil_defaultlib.FastRCA_4bit__35
Compiling module xil_defaultlib.FastRCA_4bit__34
Compiling module xil_defaultlib.FastRCA_4bit__33
Compiling module xil_defaultlib.FastRCA_4bit__32
Compiling module xil_defaultlib.FastRCA_4bit__31
Compiling module xil_defaultlib.ADDER20__5
Compiling module xil_defaultlib.Pipeline__3
Compiling module xil_defaultlib.CARRY_SAVE__3
Compiling module xil_defaultlib.booth__15
Compiling module xil_defaultlib.MUX__15
Compiling module xil_defaultlib.MUX__14
Compiling module xil_defaultlib.MUX__13
Compiling module xil_defaultlib.MUX__12
Compiling module xil_defaultlib.booth__14
Compiling module xil_defaultlib.booth__13
Compiling module xil_defaultlib.booth__12
Compiling module xil_defaultlib.plus__3
Compiling module xil_defaultlib.Partial_products__3
Compiling module xil_defaultlib.TOP_MULTI__3
Compiling module xil_defaultlib.FA__240
Compiling module xil_defaultlib.FA__239
Compiling module xil_defaultlib.FA__238
Compiling module xil_defaultlib.FA__237
Compiling module xil_defaultlib.FA__236
Compiling module xil_defaultlib.FA__235
Compiling module xil_defaultlib.FA__234
Compiling module xil_defaultlib.FA__233
Compiling module xil_defaultlib.FA__246
Compiling module xil_defaultlib.FA__245
Compiling module xil_defaultlib.FA__244
Compiling module xil_defaultlib.FA__243
Compiling module xil_defaultlib.FA__242
Compiling module xil_defaultlib.FA__241
Compiling module xil_defaultlib.STEP1__4
Compiling module xil_defaultlib.FA__222
Compiling module xil_defaultlib.FA__221
Compiling module xil_defaultlib.FA__220
Compiling module xil_defaultlib.FA__219
Compiling module xil_defaultlib.FA__218
Compiling module xil_defaultlib.FA__217
Compiling module xil_defaultlib.FA__216
Compiling module xil_defaultlib.FA__215
Compiling module xil_defaultlib.FA__214
Compiling module xil_defaultlib.FA__230
Compiling module xil_defaultlib.FA__229
Compiling module xil_defaultlib.FA__228
Compiling module xil_defaultlib.FA__227
Compiling module xil_defaultlib.FA__226
Compiling module xil_defaultlib.FA__225
Compiling module xil_defaultlib.FA__224
Compiling module xil_defaultlib.FA__223
Compiling module xil_defaultlib.STEP2__4
Compiling module xil_defaultlib.FastRCA_4bit__40
Compiling module xil_defaultlib.FastRCA_4bit__39
Compiling module xil_defaultlib.FastRCA_4bit__38
Compiling module xil_defaultlib.FastRCA_4bit__37
Compiling module xil_defaultlib.FastRCA_4bit__36
Compiling module xil_defaultlib.ADDER20__6
Compiling module xil_defaultlib.Pipeline__4
Compiling module xil_defaultlib.CARRY_SAVE__4
Compiling module xil_defaultlib.booth__19
Compiling module xil_defaultlib.MUX__19
Compiling module xil_defaultlib.MUX__18
Compiling module xil_defaultlib.MUX__17
Compiling module xil_defaultlib.MUX__16
Compiling module xil_defaultlib.booth__18
Compiling module xil_defaultlib.booth__17
Compiling module xil_defaultlib.booth__16
Compiling module xil_defaultlib.plus__4
Compiling module xil_defaultlib.Partial_products__4
Compiling module xil_defaultlib.TOP_MULTI__4
Compiling module xil_defaultlib.SATURATION__1
Compiling module xil_defaultlib.FA__319
Compiling module xil_defaultlib.FA__318
Compiling module xil_defaultlib.FA__317
Compiling module xil_defaultlib.FA__316
Compiling module xil_defaultlib.FA__315
Compiling module xil_defaultlib.FA__314
Compiling module xil_defaultlib.FA__313
Compiling module xil_defaultlib.FA__312
Compiling module xil_defaultlib.FIRST__3
Compiling module xil_defaultlib.FA__311
Compiling module xil_defaultlib.FA__310
Compiling module xil_defaultlib.FA__309
Compiling module xil_defaultlib.FA__308
Compiling module xil_defaultlib.FA__307
Compiling module xil_defaultlib.FA__306
Compiling module xil_defaultlib.FA__305
Compiling module xil_defaultlib.FA__304
Compiling module xil_defaultlib.SECOND__3
Compiling module xil_defaultlib.FastRCA_4bit__51
Compiling module xil_defaultlib.FastRCA_4bit__50
Compiling module xil_defaultlib.FastRCA_4bit__49
Compiling module xil_defaultlib.ADDER12__3
Compiling module xil_defaultlib.PIPE_TO_ADDER__3
Compiling module xil_defaultlib.CARRY_SAVE4_8__3
Compiling module xil_defaultlib.FA__302
Compiling module xil_defaultlib.FA__301
Compiling module xil_defaultlib.FA__300
Compiling module xil_defaultlib.FA__299
Compiling module xil_defaultlib.FA__298
Compiling module xil_defaultlib.FA__297
Compiling module xil_defaultlib.FA__296
Compiling module xil_defaultlib.FA__295
Compiling module xil_defaultlib.FIRST__2
Compiling module xil_defaultlib.FA__294
Compiling module xil_defaultlib.FA__293
Compiling module xil_defaultlib.FA__292
Compiling module xil_defaultlib.FA__291
Compiling module xil_defaultlib.FA__290
Compiling module xil_defaultlib.FA__289
Compiling module xil_defaultlib.FA__288
Compiling module xil_defaultlib.FA__287
Compiling module xil_defaultlib.SECOND__2
Compiling module xil_defaultlib.FastRCA_4bit__48
Compiling module xil_defaultlib.FastRCA_4bit__47
Compiling module xil_defaultlib.FastRCA_4bit__46
Compiling module xil_defaultlib.ADDER12__2
Compiling module xil_defaultlib.PIPE_TO_ADDER__2
Compiling module xil_defaultlib.CARRY_SAVE4_8__2
Compiling module xil_defaultlib.TOP_PIX__1
Compiling module xil_defaultlib.REG8__190
Compiling module xil_defaultlib.REG8__189
Compiling module xil_defaultlib.REG8__188
Compiling module xil_defaultlib.REG8__187
Compiling module xil_defaultlib.REG8__186
Compiling module xil_defaultlib.REG8__185
Compiling module xil_defaultlib.REG8__184
Compiling module xil_defaultlib.REG8__183
Compiling module xil_defaultlib.REG8__182
Compiling module xil_defaultlib.REG8__181
Compiling module xil_defaultlib.REG8__199
Compiling module xil_defaultlib.REG8__180
Compiling module xil_defaultlib.REG8__179
Compiling module xil_defaultlib.REG8__178
Compiling module xil_defaultlib.REG8__177
Compiling module xil_defaultlib.REG8__176
Compiling module xil_defaultlib.REG8__175
Compiling module xil_defaultlib.REG8__174
Compiling module xil_defaultlib.REG8__173
Compiling module xil_defaultlib.REG8__172
Compiling module xil_defaultlib.REG8__171
Compiling module xil_defaultlib.REG8__198
Compiling module xil_defaultlib.REG8__170
Compiling module xil_defaultlib.REG8__169
Compiling module xil_defaultlib.REG8__168
Compiling module xil_defaultlib.REG8__167
Compiling module xil_defaultlib.REG8__166
Compiling module xil_defaultlib.REG8__165
Compiling module xil_defaultlib.REG8__164
Compiling module xil_defaultlib.REG8__163
Compiling module xil_defaultlib.REG8__162
Compiling module xil_defaultlib.REG8__161
Compiling module xil_defaultlib.REG8__197
Compiling module xil_defaultlib.REG8__160
Compiling module xil_defaultlib.REG8__159
Compiling module xil_defaultlib.REG8__158
Compiling module xil_defaultlib.REG8__157
Compiling module xil_defaultlib.REG8__156
Compiling module xil_defaultlib.REG8__155
Compiling module xil_defaultlib.REG8__154
Compiling module xil_defaultlib.REG8__153
Compiling module xil_defaultlib.REG8__152
Compiling module xil_defaultlib.REG8__151
Compiling module xil_defaultlib.REG8__196
Compiling module xil_defaultlib.REG8__150
Compiling module xil_defaultlib.REG8__149
Compiling module xil_defaultlib.REG8__148
Compiling module xil_defaultlib.REG8__147
Compiling module xil_defaultlib.REG8__146
Compiling module xil_defaultlib.REG8__145
Compiling module xil_defaultlib.REG8__144
Compiling module xil_defaultlib.REG8__143
Compiling module xil_defaultlib.REG8__142
Compiling module xil_defaultlib.REG8__141
Compiling module xil_defaultlib.REG8__195
Compiling module xil_defaultlib.REG8__140
Compiling module xil_defaultlib.REG8__139
Compiling module xil_defaultlib.REG8__138
Compiling module xil_defaultlib.REG8__137
Compiling module xil_defaultlib.REG8__136
Compiling module xil_defaultlib.REG8__135
Compiling module xil_defaultlib.REG8__134
Compiling module xil_defaultlib.REG8__194
Compiling module xil_defaultlib.REG8__193
Compiling module xil_defaultlib.REG8__192
Compiling module xil_defaultlib.REG8__191
Compiling module xil_defaultlib.REG8__200
Compiling module xil_defaultlib.TOP_BUF__2
Compiling module xil_defaultlib.mux8_72bit__6
Compiling module xil_defaultlib.mirror__2
Compiling module xil_defaultlib.mux8_72bit__8
Compiling module xil_defaultlib.mux8_72bit__7
Compiling module xil_defaultlib.padd__2
Compiling module xil_defaultlib.bufgen__2
Compiling module xil_defaultlib.newbuf__2
Compiling module xil_defaultlib.FA__337
Compiling module xil_defaultlib.FA__327
Compiling module xil_defaultlib.FA__326
Compiling module xil_defaultlib.FA__325
Compiling module xil_defaultlib.FA__324
Compiling module xil_defaultlib.FA__323
Compiling module xil_defaultlib.FA__322
Compiling module xil_defaultlib.FA__321
Compiling module xil_defaultlib.FA__320
Compiling module xil_defaultlib.FA__336
Compiling module xil_defaultlib.FA__335
Compiling module xil_defaultlib.FA__334
Compiling module xil_defaultlib.FA__333
Compiling module xil_defaultlib.FA__332
Compiling module xil_defaultlib.FA__331
Compiling module xil_defaultlib.FA__330
Compiling module xil_defaultlib.FA__329
Compiling module xil_defaultlib.FA__328
Compiling module xil_defaultlib.STEP1_3__2
Compiling module xil_defaultlib.FastRCA_4bit__56
Compiling module xil_defaultlib.FastRCA_4bit__55
Compiling module xil_defaultlib.FastRCA_4bit__54
Compiling module xil_defaultlib.FastRCA_4bit__53
Compiling module xil_defaultlib.FastRCA_4bit__52
Compiling module xil_defaultlib.ADDER20__8
Compiling module xil_defaultlib.Pipeline_3__2
Compiling module xil_defaultlib.CARRY_SAVE_3__2
Compiling module xil_defaultlib.FA__436
Compiling module xil_defaultlib.FA__435
Compiling module xil_defaultlib.FA__434
Compiling module xil_defaultlib.FA__433
Compiling module xil_defaultlib.FA__432
Compiling module xil_defaultlib.FA__431
Compiling module xil_defaultlib.FA__430
Compiling module xil_defaultlib.FA__429
Compiling module xil_defaultlib.FA__442
Compiling module xil_defaultlib.FA__441
Compiling module xil_defaultlib.FA__440
Compiling module xil_defaultlib.FA__439
Compiling module xil_defaultlib.FA__438
Compiling module xil_defaultlib.FA__437
Compiling module xil_defaultlib.STEP1__8
Compiling module xil_defaultlib.FA__418
Compiling module xil_defaultlib.FA__417
Compiling module xil_defaultlib.FA__416
Compiling module xil_defaultlib.FA__415
Compiling module xil_defaultlib.FA__414
Compiling module xil_defaultlib.FA__413
Compiling module xil_defaultlib.FA__412
Compiling module xil_defaultlib.FA__411
Compiling module xil_defaultlib.FA__410
Compiling module xil_defaultlib.FA__426
Compiling module xil_defaultlib.FA__425
Compiling module xil_defaultlib.FA__424
Compiling module xil_defaultlib.FA__423
Compiling module xil_defaultlib.FA__422
Compiling module xil_defaultlib.FA__421
Compiling module xil_defaultlib.FA__420
Compiling module xil_defaultlib.FA__419
Compiling module xil_defaultlib.STEP2__8
Compiling module xil_defaultlib.FastRCA_4bit__71
Compiling module xil_defaultlib.FastRCA_4bit__70
Compiling module xil_defaultlib.FastRCA_4bit__69
Compiling module xil_defaultlib.FastRCA_4bit__68
Compiling module xil_defaultlib.FastRCA_4bit__67
Compiling module xil_defaultlib.ADDER20__11
Compiling module xil_defaultlib.Pipeline__8
Compiling module xil_defaultlib.CARRY_SAVE__8
Compiling module xil_defaultlib.booth__35
Compiling module xil_defaultlib.MUX__35
Compiling module xil_defaultlib.MUX__34
Compiling module xil_defaultlib.MUX__33
Compiling module xil_defaultlib.MUX__32
Compiling module xil_defaultlib.booth__34
Compiling module xil_defaultlib.booth__33
Compiling module xil_defaultlib.booth__32
Compiling module xil_defaultlib.plus__8
Compiling module xil_defaultlib.Partial_products__8
Compiling module xil_defaultlib.TOP_MULTI__8
Compiling module xil_defaultlib.FA__364
Compiling module xil_defaultlib.FA__363
Compiling module xil_defaultlib.FA__362
Compiling module xil_defaultlib.FA__361
Compiling module xil_defaultlib.FA__360
Compiling module xil_defaultlib.FA__359
Compiling module xil_defaultlib.FA__358
Compiling module xil_defaultlib.FA__357
Compiling module xil_defaultlib.FA__370
Compiling module xil_defaultlib.FA__369
Compiling module xil_defaultlib.FA__368
Compiling module xil_defaultlib.FA__367
Compiling module xil_defaultlib.FA__366
Compiling module xil_defaultlib.FA__365
Compiling module xil_defaultlib.STEP1__6
Compiling module xil_defaultlib.FA__346
Compiling module xil_defaultlib.FA__345
Compiling module xil_defaultlib.FA__344
Compiling module xil_defaultlib.FA__343
Compiling module xil_defaultlib.FA__342
Compiling module xil_defaultlib.FA__341
Compiling module xil_defaultlib.FA__340
Compiling module xil_defaultlib.FA__339
Compiling module xil_defaultlib.FA__338
Compiling module xil_defaultlib.FA__354
Compiling module xil_defaultlib.FA__353
Compiling module xil_defaultlib.FA__352
Compiling module xil_defaultlib.FA__351
Compiling module xil_defaultlib.FA__350
Compiling module xil_defaultlib.FA__349
Compiling module xil_defaultlib.FA__348
Compiling module xil_defaultlib.FA__347
Compiling module xil_defaultlib.STEP2__6
Compiling module xil_defaultlib.FastRCA_4bit__61
Compiling module xil_defaultlib.FastRCA_4bit__60
Compiling module xil_defaultlib.FastRCA_4bit__59
Compiling module xil_defaultlib.FastRCA_4bit__58
Compiling module xil_defaultlib.FastRCA_4bit__57
Compiling module xil_defaultlib.ADDER20__9
Compiling module xil_defaultlib.Pipeline__6
Compiling module xil_defaultlib.CARRY_SAVE__6
Compiling module xil_defaultlib.booth__27
Compiling module xil_defaultlib.MUX__27
Compiling module xil_defaultlib.MUX__26
Compiling module xil_defaultlib.MUX__25
Compiling module xil_defaultlib.MUX__24
Compiling module xil_defaultlib.booth__26
Compiling module xil_defaultlib.booth__25
Compiling module xil_defaultlib.booth__24
Compiling module xil_defaultlib.plus__6
Compiling module xil_defaultlib.Partial_products__6
Compiling module xil_defaultlib.TOP_MULTI__6
Compiling module xil_defaultlib.FA__400
Compiling module xil_defaultlib.FA__399
Compiling module xil_defaultlib.FA__398
Compiling module xil_defaultlib.FA__397
Compiling module xil_defaultlib.FA__396
Compiling module xil_defaultlib.FA__395
Compiling module xil_defaultlib.FA__394
Compiling module xil_defaultlib.FA__393
Compiling module xil_defaultlib.FA__406
Compiling module xil_defaultlib.FA__405
Compiling module xil_defaultlib.FA__404
Compiling module xil_defaultlib.FA__403
Compiling module xil_defaultlib.FA__402
Compiling module xil_defaultlib.FA__401
Compiling module xil_defaultlib.STEP1__7
Compiling module xil_defaultlib.FA__382
Compiling module xil_defaultlib.FA__381
Compiling module xil_defaultlib.FA__380
Compiling module xil_defaultlib.FA__379
Compiling module xil_defaultlib.FA__378
Compiling module xil_defaultlib.FA__377
Compiling module xil_defaultlib.FA__376
Compiling module xil_defaultlib.FA__375
Compiling module xil_defaultlib.FA__374
Compiling module xil_defaultlib.FA__390
Compiling module xil_defaultlib.FA__389
Compiling module xil_defaultlib.FA__388
Compiling module xil_defaultlib.FA__387
Compiling module xil_defaultlib.FA__386
Compiling module xil_defaultlib.FA__385
Compiling module xil_defaultlib.FA__384
Compiling module xil_defaultlib.FA__383
Compiling module xil_defaultlib.STEP2__7
Compiling module xil_defaultlib.FastRCA_4bit__66
Compiling module xil_defaultlib.FastRCA_4bit__65
Compiling module xil_defaultlib.FastRCA_4bit__64
Compiling module xil_defaultlib.FastRCA_4bit__63
Compiling module xil_defaultlib.FastRCA_4bit__62
Compiling module xil_defaultlib.ADDER20__10
Compiling module xil_defaultlib.Pipeline__7
Compiling module xil_defaultlib.CARRY_SAVE__7
Compiling module xil_defaultlib.booth__31
Compiling module xil_defaultlib.MUX__31
Compiling module xil_defaultlib.MUX__30
Compiling module xil_defaultlib.MUX__29
Compiling module xil_defaultlib.MUX__28
Compiling module xil_defaultlib.booth__30
Compiling module xil_defaultlib.booth__29
Compiling module xil_defaultlib.booth__28
Compiling module xil_defaultlib.plus__7
Compiling module xil_defaultlib.Partial_products__7
Compiling module xil_defaultlib.TOP_MULTI__7
Compiling module xil_defaultlib.SATURATION__2
Compiling module xil_defaultlib.FA__479
Compiling module xil_defaultlib.FA__478
Compiling module xil_defaultlib.FA__477
Compiling module xil_defaultlib.FA__476
Compiling module xil_defaultlib.FA__475
Compiling module xil_defaultlib.FA__474
Compiling module xil_defaultlib.FA__473
Compiling module xil_defaultlib.FA__472
Compiling module xil_defaultlib.FIRST__5
Compiling module xil_defaultlib.FA__471
Compiling module xil_defaultlib.FA__470
Compiling module xil_defaultlib.FA__469
Compiling module xil_defaultlib.FA__468
Compiling module xil_defaultlib.FA__467
Compiling module xil_defaultlib.FA__466
Compiling module xil_defaultlib.FA__465
Compiling module xil_defaultlib.FA__464
Compiling module xil_defaultlib.SECOND__5
Compiling module xil_defaultlib.FastRCA_4bit__77
Compiling module xil_defaultlib.FastRCA_4bit__76
Compiling module xil_defaultlib.FastRCA_4bit__75
Compiling module xil_defaultlib.ADDER12__5
Compiling module xil_defaultlib.PIPE_TO_ADDER__5
Compiling module xil_defaultlib.CARRY_SAVE4_8__5
Compiling module xil_defaultlib.FA__462
Compiling module xil_defaultlib.FA__461
Compiling module xil_defaultlib.FA__460
Compiling module xil_defaultlib.FA__459
Compiling module xil_defaultlib.FA__458
Compiling module xil_defaultlib.FA__457
Compiling module xil_defaultlib.FA__456
Compiling module xil_defaultlib.FA__455
Compiling module xil_defaultlib.FIRST__4
Compiling module xil_defaultlib.FA__454
Compiling module xil_defaultlib.FA__453
Compiling module xil_defaultlib.FA__452
Compiling module xil_defaultlib.FA__451
Compiling module xil_defaultlib.FA__450
Compiling module xil_defaultlib.FA__449
Compiling module xil_defaultlib.FA__448
Compiling module xil_defaultlib.FA__447
Compiling module xil_defaultlib.SECOND__4
Compiling module xil_defaultlib.FastRCA_4bit__74
Compiling module xil_defaultlib.FastRCA_4bit__73
Compiling module xil_defaultlib.FastRCA_4bit__72
Compiling module xil_defaultlib.ADDER12__4
Compiling module xil_defaultlib.PIPE_TO_ADDER__4
Compiling module xil_defaultlib.CARRY_SAVE4_8__4
Compiling module xil_defaultlib.TOP_PIX__2
Compiling module xil_defaultlib.REG8__11
Compiling module xil_defaultlib.REG8__12
Compiling module xil_defaultlib.REG8__13
Compiling module xil_defaultlib.REG8__14
Compiling module xil_defaultlib.REG8__15
Compiling module xil_defaultlib.REG8__16
Compiling module xil_defaultlib.REG8__17
Compiling module xil_defaultlib.REG8__18
Compiling module xil_defaultlib.REG8__19
Compiling module xil_defaultlib.REG8__20
Compiling module xil_defaultlib.REG8__2
Compiling module xil_defaultlib.REG8__21
Compiling module xil_defaultlib.REG8__22
Compiling module xil_defaultlib.REG8__23
Compiling module xil_defaultlib.REG8__24
Compiling module xil_defaultlib.REG8__25
Compiling module xil_defaultlib.REG8__26
Compiling module xil_defaultlib.REG8__27
Compiling module xil_defaultlib.REG8__28
Compiling module xil_defaultlib.REG8__29
Compiling module xil_defaultlib.REG8__30
Compiling module xil_defaultlib.REG8__3
Compiling module xil_defaultlib.REG8__31
Compiling module xil_defaultlib.REG8__32
Compiling module xil_defaultlib.REG8__33
Compiling module xil_defaultlib.REG8__34
Compiling module xil_defaultlib.REG8__35
Compiling module xil_defaultlib.REG8__36
Compiling module xil_defaultlib.REG8__37
Compiling module xil_defaultlib.REG8__38
Compiling module xil_defaultlib.REG8__39
Compiling module xil_defaultlib.REG8__40
Compiling module xil_defaultlib.REG8__4
Compiling module xil_defaultlib.REG8__41
Compiling module xil_defaultlib.REG8__42
Compiling module xil_defaultlib.REG8__43
Compiling module xil_defaultlib.REG8__44
Compiling module xil_defaultlib.REG8__45
Compiling module xil_defaultlib.REG8__46
Compiling module xil_defaultlib.REG8__47
Compiling module xil_defaultlib.REG8__48
Compiling module xil_defaultlib.REG8__49
Compiling module xil_defaultlib.REG8__50
Compiling module xil_defaultlib.REG8__5
Compiling module xil_defaultlib.REG8__51
Compiling module xil_defaultlib.REG8__52
Compiling module xil_defaultlib.REG8__53
Compiling module xil_defaultlib.REG8__54
Compiling module xil_defaultlib.REG8__55
Compiling module xil_defaultlib.REG8__56
Compiling module xil_defaultlib.REG8__57
Compiling module xil_defaultlib.REG8__58
Compiling module xil_defaultlib.REG8__59
Compiling module xil_defaultlib.REG8__60
Compiling module xil_defaultlib.REG8__6
Compiling module xil_defaultlib.REG8__61
Compiling module xil_defaultlib.REG8__62
Compiling module xil_defaultlib.REG8__63
Compiling module xil_defaultlib.REG8__64
Compiling module xil_defaultlib.REG8__65
Compiling module xil_defaultlib.REG8__66
Compiling module xil_defaultlib.REG8
Compiling module xil_defaultlib.REG8__7
Compiling module xil_defaultlib.REG8__8
Compiling module xil_defaultlib.REG8__9
Compiling module xil_defaultlib.REG8__10
Compiling module xil_defaultlib.REG8__1
Compiling module xil_defaultlib.TOP_BUF
Compiling module xil_defaultlib.mux8_72bit
Compiling module xil_defaultlib.mirror
Compiling module xil_defaultlib.mux8_72bit__1
Compiling module xil_defaultlib.mux8_72bit__2
Compiling module xil_defaultlib.padd
Compiling module xil_defaultlib.bufgen
Compiling module xil_defaultlib.newbuf
Compiling module xil_defaultlib.FA__54
Compiling module xil_defaultlib.FA__64
Compiling module xil_defaultlib.FA__65
Compiling module xil_defaultlib.FA__66
Compiling module xil_defaultlib.FA__67
Compiling module xil_defaultlib.FA__68
Compiling module xil_defaultlib.FA__69
Compiling module xil_defaultlib.FA__70
Compiling module xil_defaultlib.FA
Compiling module xil_defaultlib.FA__55
Compiling module xil_defaultlib.FA__56
Compiling module xil_defaultlib.FA__57
Compiling module xil_defaultlib.FA__58
Compiling module xil_defaultlib.FA__59
Compiling module xil_defaultlib.FA__60
Compiling module xil_defaultlib.FA__61
Compiling module xil_defaultlib.FA__62
Compiling module xil_defaultlib.FA__63
Compiling module xil_defaultlib.STEP1_3
Compiling module xil_defaultlib.FastRCA_4bit__4
Compiling module xil_defaultlib.FastRCA_4bit__5
Compiling module xil_defaultlib.FastRCA_4bit__6
Compiling module xil_defaultlib.FastRCA_4bit__7
Compiling module xil_defaultlib.FastRCA_4bit
Compiling module xil_defaultlib.ADDER20
Compiling module xil_defaultlib.Pipeline_3
Compiling module xil_defaultlib.CARRY_SAVE_3
Compiling module xil_defaultlib.FA__97
Compiling module xil_defaultlib.FA__96
Compiling module xil_defaultlib.FA__95
Compiling module xil_defaultlib.FA__94
Compiling module xil_defaultlib.FA__93
Compiling module xil_defaultlib.FA__92
Compiling module xil_defaultlib.FA__91
Compiling module xil_defaultlib.FA__90
Compiling module xil_defaultlib.FA__103
Compiling module xil_defaultlib.FA__102
Compiling module xil_defaultlib.FA__101
Compiling module xil_defaultlib.FA__100
Compiling module xil_defaultlib.FA__99
Compiling module xil_defaultlib.FA__98
Compiling module xil_defaultlib.STEP1__1
Compiling module xil_defaultlib.FA__79
Compiling module xil_defaultlib.FA__78
Compiling module xil_defaultlib.FA__77
Compiling module xil_defaultlib.FA__76
Compiling module xil_defaultlib.FA__75
Compiling module xil_defaultlib.FA__74
Compiling module xil_defaultlib.FA__73
Compiling module xil_defaultlib.FA__72
Compiling module xil_defaultlib.FA__71
Compiling module xil_defaultlib.FA__87
Compiling module xil_defaultlib.FA__86
Compiling module xil_defaultlib.FA__85
Compiling module xil_defaultlib.FA__84
Compiling module xil_defaultlib.FA__83
Compiling module xil_defaultlib.FA__82
Compiling module xil_defaultlib.FA__81
Compiling module xil_defaultlib.FA__80
Compiling module xil_defaultlib.STEP2__1
Compiling module xil_defaultlib.FastRCA_4bit__17
Compiling module xil_defaultlib.FastRCA_4bit__16
Compiling module xil_defaultlib.FastRCA_4bit__15
Compiling module xil_defaultlib.FastRCA_4bit__14
Compiling module xil_defaultlib.FastRCA_4bit__13
Compiling module xil_defaultlib.ADDER20__2
Compiling module xil_defaultlib.Pipeline__1
Compiling module xil_defaultlib.CARRY_SAVE__1
Compiling module xil_defaultlib.booth__7
Compiling module xil_defaultlib.MUX__7
Compiling module xil_defaultlib.MUX__6
Compiling module xil_defaultlib.MUX__5
Compiling module xil_defaultlib.MUX__4
Compiling module xil_defaultlib.booth__6
Compiling module xil_defaultlib.booth__5
Compiling module xil_defaultlib.booth__4
Compiling module xil_defaultlib.plus__1
Compiling module xil_defaultlib.Partial_products__1
Compiling module xil_defaultlib.TOP_MULTI__1
Compiling module xil_defaultlib.FA__27
Compiling module xil_defaultlib.FA__28
Compiling module xil_defaultlib.FA__29
Compiling module xil_defaultlib.FA__30
Compiling module xil_defaultlib.FA__31
Compiling module xil_defaultlib.FA__32
Compiling module xil_defaultlib.FA__33
Compiling module xil_defaultlib.FA__34
Compiling module xil_defaultlib.FA__21
Compiling module xil_defaultlib.FA__22
Compiling module xil_defaultlib.FA__23
Compiling module xil_defaultlib.FA__24
Compiling module xil_defaultlib.FA__25
Compiling module xil_defaultlib.FA__26
Compiling module xil_defaultlib.STEP1
Compiling module xil_defaultlib.FA__45
Compiling module xil_defaultlib.FA__46
Compiling module xil_defaultlib.FA__47
Compiling module xil_defaultlib.FA__48
Compiling module xil_defaultlib.FA__49
Compiling module xil_defaultlib.FA__50
Compiling module xil_defaultlib.FA__51
Compiling module xil_defaultlib.FA__52
Compiling module xil_defaultlib.FA__53
Compiling module xil_defaultlib.FA__37
Compiling module xil_defaultlib.FA__38
Compiling module xil_defaultlib.FA__39
Compiling module xil_defaultlib.FA__40
Compiling module xil_defaultlib.FA__41
Compiling module xil_defaultlib.FA__42
Compiling module xil_defaultlib.FA__43
Compiling module xil_defaultlib.FA__44
Compiling module xil_defaultlib.STEP2
Compiling module xil_defaultlib.FastRCA_4bit__12
Compiling module xil_defaultlib.FastRCA_4bit__11
Compiling module xil_defaultlib.FastRCA_4bit__10
Compiling module xil_defaultlib.FastRCA_4bit__9
Compiling module xil_defaultlib.FastRCA_4bit__8
Compiling module xil_defaultlib.ADDER20__1
Compiling module xil_defaultlib.Pipeline
Compiling module xil_defaultlib.CARRY_SAVE
Compiling module xil_defaultlib.booth__1
Compiling module xil_defaultlib.MUX__1
Compiling module xil_defaultlib.MUX__2
Compiling module xil_defaultlib.MUX__3
Compiling module xil_defaultlib.MUX
Compiling module xil_defaultlib.booth__2
Compiling module xil_defaultlib.booth__3
Compiling module xil_defaultlib.booth
Compiling module xil_defaultlib.plus
Compiling module xil_defaultlib.Partial_products
Compiling module xil_defaultlib.TOP_MULTI
Compiling module xil_defaultlib.FA__133
Compiling module xil_defaultlib.FA__132
Compiling module xil_defaultlib.FA__131
Compiling module xil_defaultlib.FA__130
Compiling module xil_defaultlib.FA__129
Compiling module xil_defaultlib.FA__128
Compiling module xil_defaultlib.FA__127
Compiling module xil_defaultlib.FA__126
Compiling module xil_defaultlib.FA__139
Compiling module xil_defaultlib.FA__138
Compiling module xil_defaultlib.FA__137
Compiling module xil_defaultlib.FA__136
Compiling module xil_defaultlib.FA__135
Compiling module xil_defaultlib.FA__134
Compiling module xil_defaultlib.STEP1__2
Compiling module xil_defaultlib.FA__115
Compiling module xil_defaultlib.FA__114
Compiling module xil_defaultlib.FA__113
Compiling module xil_defaultlib.FA__112
Compiling module xil_defaultlib.FA__111
Compiling module xil_defaultlib.FA__110
Compiling module xil_defaultlib.FA__109
Compiling module xil_defaultlib.FA__108
Compiling module xil_defaultlib.FA__107
Compiling module xil_defaultlib.FA__123
Compiling module xil_defaultlib.FA__122
Compiling module xil_defaultlib.FA__121
Compiling module xil_defaultlib.FA__120
Compiling module xil_defaultlib.FA__119
Compiling module xil_defaultlib.FA__118
Compiling module xil_defaultlib.FA__117
Compiling module xil_defaultlib.FA__116
Compiling module xil_defaultlib.STEP2__2
Compiling module xil_defaultlib.FastRCA_4bit__22
Compiling module xil_defaultlib.FastRCA_4bit__21
Compiling module xil_defaultlib.FastRCA_4bit__20
Compiling module xil_defaultlib.FastRCA_4bit__19
Compiling module xil_defaultlib.FastRCA_4bit__18
Compiling module xil_defaultlib.ADDER20__3
Compiling module xil_defaultlib.Pipeline__2
Compiling module xil_defaultlib.CARRY_SAVE__2
Compiling module xil_defaultlib.booth__11
Compiling module xil_defaultlib.MUX__11
Compiling module xil_defaultlib.MUX__10
Compiling module xil_defaultlib.MUX__9
Compiling module xil_defaultlib.MUX__8
Compiling module xil_defaultlib.booth__10
Compiling module xil_defaultlib.booth__9
Compiling module xil_defaultlib.booth__8
Compiling module xil_defaultlib.plus__2
Compiling module xil_defaultlib.Partial_products__2
Compiling module xil_defaultlib.TOP_MULTI__2
Compiling module xil_defaultlib.SATURATION
Compiling module xil_defaultlib.FA__159
Compiling module xil_defaultlib.FA__158
Compiling module xil_defaultlib.FA__157
Compiling module xil_defaultlib.FA__156
Compiling module xil_defaultlib.FA__155
Compiling module xil_defaultlib.FA__154
Compiling module xil_defaultlib.FA__153
Compiling module xil_defaultlib.FA__152
Compiling module xil_defaultlib.FIRST__1
Compiling module xil_defaultlib.FA__151
Compiling module xil_defaultlib.FA__150
Compiling module xil_defaultlib.FA__149
Compiling module xil_defaultlib.FA__148
Compiling module xil_defaultlib.FA__147
Compiling module xil_defaultlib.FA__146
Compiling module xil_defaultlib.FA__145
Compiling module xil_defaultlib.FA__144
Compiling module xil_defaultlib.SECOND__1
Compiling module xil_defaultlib.FastRCA_4bit__25
Compiling module xil_defaultlib.FastRCA_4bit__24
Compiling module xil_defaultlib.FastRCA_4bit__23
Compiling module xil_defaultlib.ADDER12__1
Compiling module xil_defaultlib.PIPE_TO_ADDER__1
Compiling module xil_defaultlib.CARRY_SAVE4_8__1
Compiling module xil_defaultlib.FA__1
Compiling module xil_defaultlib.FA__2
Compiling module xil_defaultlib.FA__3
Compiling module xil_defaultlib.FA__4
Compiling module xil_defaultlib.FA__5
Compiling module xil_defaultlib.FA__6
Compiling module xil_defaultlib.FA__7
Compiling module xil_defaultlib.FA__8
Compiling module xil_defaultlib.FIRST
Compiling module xil_defaultlib.FA__9
Compiling module xil_defaultlib.FA__10
Compiling module xil_defaultlib.FA__11
Compiling module xil_defaultlib.FA__12
Compiling module xil_defaultlib.FA__13
Compiling module xil_defaultlib.FA__14
Compiling module xil_defaultlib.FA__15
Compiling module xil_defaultlib.FA__16
Compiling module xil_defaultlib.SECOND
Compiling module xil_defaultlib.FastRCA_4bit__1
Compiling module xil_defaultlib.FastRCA_4bit__2
Compiling module xil_defaultlib.FastRCA_4bit__3
Compiling module xil_defaultlib.ADDER12
Compiling module xil_defaultlib.PIPE_TO_ADDER
Compiling module xil_defaultlib.CARRY_SAVE4_8
Compiling module xil_defaultlib.TOP_PIX
Compiling module xil_defaultlib.reg__710
Compiling module xil_defaultlib.reg__720
Compiling module xil_defaultlib.reg__721
Compiling module xil_defaultlib.reg__722
Compiling module xil_defaultlib.reg__723
Compiling module xil_defaultlib.reg__724
Compiling module xil_defaultlib.reg__725
Compiling module xil_defaultlib.reg__726
Compiling module xil_defaultlib.reg__727
Compiling module xil_defaultlib.reg__728
Compiling module xil_defaultlib.reg__729
Compiling module xil_defaultlib.reg__711
Compiling module xil_defaultlib.reg__730
Compiling module xil_defaultlib.reg__731
Compiling module xil_defaultlib.reg__732
Compiling module xil_defaultlib.reg__733
Compiling module xil_defaultlib.reg__734
Compiling module xil_defaultlib.reg__735
Compiling module xil_defaultlib.reg__736
Compiling module xil_defaultlib.reg__737
Compiling module xil_defaultlib.reg__738
Compiling module xil_defaultlib.reg__739
Compiling module xil_defaultlib.reg__712
Compiling module xil_defaultlib.reg__740
Compiling module xil_defaultlib.reg__741
Compiling module xil_defaultlib.reg__742
Compiling module xil_defaultlib.reg__713
Compiling module xil_defaultlib.reg__714
Compiling module xil_defaultlib.reg__715
Compiling module xil_defaultlib.reg__716
Compiling module xil_defaultlib.reg__717
Compiling module xil_defaultlib.reg__718
Compiling module xil_defaultlib.reg__719
Compiling module xil_defaultlib.fifo
Compiling module xil_defaultlib.reg__743
Compiling module xil_defaultlib.reg__753
Compiling module xil_defaultlib.reg__754
Compiling module xil_defaultlib.reg__755
Compiling module xil_defaultlib.reg__756
Compiling module xil_defaultlib.reg__757
Compiling module xil_defaultlib.reg__758
Compiling module xil_defaultlib.reg__744
Compiling module xil_defaultlib.reg__745
Compiling module xil_defaultlib.reg__746
Compiling module xil_defaultlib.reg__747
Compiling module xil_defaultlib.reg__748
Compiling module xil_defaultlib.reg__749
Compiling module xil_defaultlib.reg__750
Compiling module xil_defaultlib.reg__751
Compiling module xil_defaultlib.reg__752
Compiling module xil_defaultlib.fifo__parameterized1
Compiling module simprims_ver.BUFG
Compiling module simprims_ver.IBUF
Compiling module simprims_ver.OBUF
Compiling module xil_defaultlib.TOP
Compiling architecture behavioral of entity xil_defaultlib.tb_top_pix
Built simulation snapshot TB_TOP_PIX_time_synth
