Vivado Simulator 2018.3
Time resolution is 1 ps
WARNING: "C:\Xilinx\Vivado\2018.3\data/verilog/src/unisims/FDCE.v" Line 160: Timing violation in scope /TB_TOP_PIX/uut/F_S_M/stato_reg[0]/TChk160_30145 at time 334514 ps $recrem (negedge CLR,posedge C,(0:0:0),(0:0:0),notifier,rst_clk_enable_p,rst_clk_enable_p,CLR_dly,C_dly) 
WARNING: "C:\Xilinx\Vivado\2018.3\data/verilog/src/unisims/FDCE.v" Line 160: Timing violation in scope /TB_TOP_PIX/uut/F_S_M/stato_reg[1]/TChk160_30145 at time 334514 ps $recrem (negedge CLR,posedge C,(0:0:0),(0:0:0),notifier,rst_clk_enable_p,rst_clk_enable_p,CLR_dly,C_dly) 
WARNING: "C:\Xilinx\Vivado\2018.3\data/verilog/src/unisims/FDCE.v" Line 160: Timing violation in scope /TB_TOP_PIX/uut/F_S_M/stato_reg[2]/TChk160_30145 at time 334514 ps $recrem (negedge CLR,posedge C,(0:0:0),(0:0:0),notifier,rst_clk_enable_p,rst_clk_enable_p,CLR_dly,C_dly) 
WARNING: "C:\Xilinx\Vivado\2018.3\data/verilog/src/unisims/FDCE.v" Line 160: Timing violation in scope /TB_TOP_PIX/uut/F_S_M/stato_reg[3]/TChk160_30145 at time 334514 ps $recrem (negedge CLR,posedge C,(0:0:0),(0:0:0),notifier,rst_clk_enable_p,rst_clk_enable_p,CLR_dly,C_dly) 
WARNING: "C:\Xilinx\Vivado\2018.3\data/verilog/src/unisims/FDCE.v" Line 160: Timing violation in scope /TB_TOP_PIX/uut/RGB[0].BUF/GEN/PAD/b_out_reg[40]/TChk160_30145 at time 334514 ps $recrem (negedge CLR,posedge C,(0:0:0),(0:0:0),notifier,rst_clk_enable_p,rst_clk_enable_p,CLR_dly,C_dly) 
WARNING: "C:\Xilinx\Vivado\2018.3\data/verilog/src/unisims/FDCE.v" Line 160: Timing violation in scope /TB_TOP_PIX/uut/RGB[0].BUF/GEN/PAD/b_out_reg[41]/TChk160_30145 at time 334514 ps $recrem (negedge CLR,posedge C,(0:0:0),(0:0:0),notifier,rst_clk_enable_p,rst_clk_enable_p,CLR_dly,C_dly) 
WARNING: "C:\Xilinx\Vivado\2018.3\data/verilog/src/unisims/FDCE.v" Line 160: Timing violation in scope /TB_TOP_PIX/uut/RGB[0].BUF/GEN/PAD/b_out_reg[42]/TChk160_30145 at time 334514 ps $recrem (negedge CLR,posedge C,(0:0:0),(0:0:0),notifier,rst_clk_enable_p,rst_clk_enable_p,CLR_dly,C_dly) 
WARNING: "C:\Xilinx\Vivado\2018.3\data/verilog/src/unisims/FDCE.v" Line 160: Timing violation in scope /TB_TOP_PIX/uut/RGB[0].BUF/GEN/PAD/b_out_reg[43]/TChk160_30145 at time 334514 ps $recrem (negedge CLR,posedge C,(0:0:0),(0:0:0),notifier,rst_clk_enable_p,rst_clk_enable_p,CLR_dly,C_dly) 
WARNING: "C:\Xilinx\Vivado\2018.3\data/verilog/src/unisims/FDCE.v" Line 160: Timing violation in scope /TB_TOP_PIX/uut/RGB[0].BUF/GEN/PAD/b_out_reg[44]/TChk160_30145 at time 334514 ps $recrem (negedge CLR,posedge C,(0:0:0),(0:0:0),notifier,rst_clk_enable_p,rst_clk_enable_p,CLR_dly,C_dly) 
WARNING: "C:\Xilinx\Vivado\2018.3\data/verilog/src/unisims/FDCE.v" Line 160: Timing violation in scope /TB_TOP_PIX/uut/RGB[0].BUF/GEN/PAD/b_out_reg[45]/TChk160_30145 at time 334514 ps $recrem (negedge CLR,posedge C,(0:0:0),(0:0:0),notifier,rst_clk_enable_p,rst_clk_enable_p,CLR_dly,C_dly) 
WARNING: "C:\Xilinx\Vivado\2018.3\data/verilog/src/unisims/FDCE.v" Line 160: Timing violation in scope /TB_TOP_PIX/uut/RGB[0].BUF/GEN/PAD/b_out_reg[46]/TChk160_30145 at time 334514 ps $recrem (negedge CLR,posedge C,(0:0:0),(0:0:0),notifier,rst_clk_enable_p,rst_clk_enable_p,CLR_dly,C_dly) 
WARNING: "C:\Xilinx\Vivado\2018.3\data/verilog/src/unisims/FDCE.v" Line 160: Timing violation in scope /TB_TOP_PIX/uut/RGB[0].BUF/GEN/PAD/b_out_reg[47]/TChk160_30145 at time 334514 ps $recrem (negedge CLR,posedge C,(0:0:0),(0:0:0),notifier,rst_clk_enable_p,rst_clk_enable_p,CLR_dly,C_dly) 
WARNING: "C:\Xilinx\Vivado\2018.3\data/verilog/src/unisims/FDCE.v" Line 160: Timing violation in scope /TB_TOP_PIX/uut/RGB[0].BUF/GEN/PAD/b_out_reg[48]/TChk160_30145 at time 334514 ps $recrem (negedge CLR,posedge C,(0:0:0),(0:0:0),notifier,rst_clk_enable_p,rst_clk_enable_p,CLR_dly,C_dly) 
WARNING: "C:\Xilinx\Vivado\2018.3\data/verilog/src/unisims/FDCE.v" Line 160: Timing violation in scope /TB_TOP_PIX/uut/RGB[0].BUF/GEN/PAD/b_out_reg[49]/TChk160_30145 at time 334514 ps $recrem (negedge CLR,posedge C,(0:0:0),(0:0:0),notifier,rst_clk_enable_p,rst_clk_enable_p,CLR_dly,C_dly) 
WARNING: "C:\Xilinx\Vivado\2018.3\data/verilog/src/unisims/FDCE.v" Line 160: Timing violation in scope /TB_TOP_PIX/uut/RGB[0].BUF/GEN/PAD/b_out_reg[50]/TChk160_30145 at time 334514 ps $recrem (negedge CLR,posedge C,(0:0:0),(0:0:0),notifier,rst_clk_enable_p,rst_clk_enable_p,CLR_dly,C_dly) 
WARNING: "C:\Xilinx\Vivado\2018.3\data/verilog/src/unisims/FDCE.v" Line 160: Timing violation in scope /TB_TOP_PIX/uut/RGB[0].BUF/GEN/PAD/b_out_reg[51]/TChk160_30145 at time 334514 ps $recrem (negedge CLR,posedge C,(0:0:0),(0:0:0),notifier,rst_clk_enable_p,rst_clk_enable_p,CLR_dly,C_dly) 
WARNING: "C:\Xilinx\Vivado\2018.3\data/verilog/src/unisims/FDCE.v" Line 160: Timing violation in scope /TB_TOP_PIX/uut/RGB[0].BUF/GEN/PAD/b_out_reg[52]/TChk160_30145 at time 334514 ps $recrem (negedge CLR,posedge C,(0:0:0),(0:0:0),notifier,rst_clk_enable_p,rst_clk_enable_p,CLR_dly,C_dly) 
WARNING: "C:\Xilinx\Vivado\2018.3\data/verilog/src/unisims/FDCE.v" Line 160: Timing violation in scope /TB_TOP_PIX/uut/RGB[0].BUF/GEN/PAD/b_out_reg[53]/TChk160_30145 at time 334514 ps $recrem (negedge CLR,posedge C,(0:0:0),(0:0:0),notifier,rst_clk_enable_p,rst_clk_enable_p,CLR_dly,C_dly) 
WARNING: "C:\Xilinx\Vivado\2018.3\data/verilog/src/unisims/FDCE.v" Line 160: Timing violation in scope /TB_TOP_PIX/uut/RGB[0].BUF/GEN/PAD/b_out_reg[54]/TChk160_30145 at time 334514 ps $recrem (negedge CLR,posedge C,(0:0:0),(0:0:0),notifier,rst_clk_enable_p,rst_clk_enable_p,CLR_dly,C_dly) 
WARNING: "C:\Xilinx\Vivado\2018.3\data/verilog/src/unisims/FDCE.v" Line 160: Timing violation in scope /TB_TOP_PIX/uut/RGB[0].BUF/GEN/PAD/b_out_reg[55]/TChk160_30145 at time 334514 ps $recrem (negedge CLR,posedge C,(0:0:0),(0:0:0),notifier,rst_clk_enable_p,rst_clk_enable_p,CLR_dly,C_dly) 
WARNING: "C:\Xilinx\Vivado\2018.3\data/verilog/src/unisims/FDCE.v" Line 160: Timing violation in scope /TB_TOP_PIX/uut/RGB[0].BUF/GEN/PAD/b_out_reg[56]/TChk160_30145 at time 334514 ps $recrem (negedge CLR,posedge C,(0:0:0),(0:0:0),notifier,rst_clk_enable_p,rst_clk_enable_p,CLR_dly,C_dly) 
WARNING: "C:\Xilinx\Vivado\2018.3\data/verilog/src/unisims/FDCE.v" Line 160: Timing violation in scope /TB_TOP_PIX/uut/RGB[0].BUF/GEN/PAD/b_out_reg[57]/TChk160_30145 at time 334514 ps $recrem (negedge CLR,posedge C,(0:0:0),(0:0:0),notifier,rst_clk_enable_p,rst_clk_enable_p,CLR_dly,C_dly) 
WARNING: "C:\Xilinx\Vivado\2018.3\data/verilog/src/unisims/FDCE.v" Line 160: Timing violation in scope /TB_TOP_PIX/uut/RGB[0].BUF/GEN/PAD/b_out_reg[58]/TChk160_30145 at time 334514 ps $recrem (negedge CLR,posedge C,(0:0:0),(0:0:0),notifier,rst_clk_enable_p,rst_clk_enable_p,CLR_dly,C_dly) 
WARNING: "C:\Xilinx\Vivado\2018.3\data/verilog/src/unisims/FDCE.v" Line 160: Timing violation in scope /TB_TOP_PIX/uut/RGB[0].BUF/GEN/PAD/b_out_reg[59]/TChk160_30145 at time 334514 ps $recrem (negedge CLR,posedge C,(0:0:0),(0:0:0),notifier,rst_clk_enable_p,rst_clk_enable_p,CLR_dly,C_dly) 
WARNING: "C:\Xilinx\Vivado\2018.3\data/verilog/src/unisims/FDCE.v" Line 160: Timing violation in scope /TB_TOP_PIX/uut/RGB[0].BUF/GEN/PAD/b_out_reg[60]/TChk160_30145 at time 334514 ps $recrem (negedge CLR,posedge C,(0:0:0),(0:0:0),notifier,rst_clk_enable_p,rst_clk_enable_p,CLR_dly,C_dly) 
WARNING: "C:\Xilinx\Vivado\2018.3\data/verilog/src/unisims/FDCE.v" Line 160: Timing violation in scope /TB_TOP_PIX/uut/RGB[0].BUF/GEN/PAD/b_out_reg[61]/TChk160_30145 at time 334514 ps $recrem (negedge CLR,posedge C,(0:0:0),(0:0:0),notifier,rst_clk_enable_p,rst_clk_enable_p,CLR_dly,C_dly) 
WARNING: "C:\Xilinx\Vivado\2018.3\data/verilog/src/unisims/FDCE.v" Line 160: Timing violation in scope /TB_TOP_PIX/uut/RGB[0].BUF/GEN/PAD/b_out_reg[62]/TChk160_30145 at time 334514 ps $recrem (negedge CLR,posedge C,(0:0:0),(0:0:0),notifier,rst_clk_enable_p,rst_clk_enable_p,CLR_dly,C_dly) 
WARNING: "C:\Xilinx\Vivado\2018.3\data/verilog/src/unisims/FDCE.v" Line 160: Timing violation in scope /TB_TOP_PIX/uut/RGB[0].BUF/GEN/PAD/b_out_reg[63]/TChk160_30145 at time 334514 ps $recrem (negedge CLR,posedge C,(0:0:0),(0:0:0),notifier,rst_clk_enable_p,rst_clk_enable_p,CLR_dly,C_dly) 
WARNING: "C:\Xilinx\Vivado\2018.3\data/verilog/src/unisims/FDCE.v" Line 160: Timing violation in scope /TB_TOP_PIX/uut/RGB[0].BUF/GEN/PAD/b_out_reg[64]/TChk160_30145 at time 334514 ps $recrem (negedge CLR,posedge C,(0:0:0),(0:0:0),notifier,rst_clk_enable_p,rst_clk_enable_p,CLR_dly,C_dly) 
WARNING: "C:\Xilinx\Vivado\2018.3\data/verilog/src/unisims/FDCE.v" Line 160: Timing violation in scope /TB_TOP_PIX/uut/RGB[0].BUF/GEN/PAD/b_out_reg[65]/TChk160_30145 at time 334514 ps $recrem (negedge CLR,posedge C,(0:0:0),(0:0:0),notifier,rst_clk_enable_p,rst_clk_enable_p,CLR_dly,C_dly) 
WARNING: "C:\Xilinx\Vivado\2018.3\data/verilog/src/unisims/FDCE.v" Line 160: Timing violation in scope /TB_TOP_PIX/uut/RGB[0].BUF/GEN/PAD/b_out_reg[66]/TChk160_30145 at time 334514 ps $recrem (negedge CLR,posedge C,(0:0:0),(0:0:0),notifier,rst_clk_enable_p,rst_clk_enable_p,CLR_dly,C_dly) 
WARNING: "C:\Xilinx\Vivado\2018.3\data/verilog/src/unisims/FDCE.v" Line 160: Timing violation in scope /TB_TOP_PIX/uut/RGB[0].BUF/GEN/PAD/b_out_reg[67]/TChk160_30145 at time 334514 ps $recrem (negedge CLR,posedge C,(0:0:0),(0:0:0),notifier,rst_clk_enable_p,rst_clk_enable_p,CLR_dly,C_dly) 
WARNING: "C:\Xilinx\Vivado\2018.3\data/verilog/src/unisims/FDCE.v" Line 160: Timing violation in scope /TB_TOP_PIX/uut/RGB[0].BUF/GEN/PAD/b_out_reg[68]/TChk160_30145 at time 334514 ps $recrem (negedge CLR,posedge C,(0:0:0),(0:0:0),notifier,rst_clk_enable_p,rst_clk_enable_p,CLR_dly,C_dly) 
WARNING: "C:\Xilinx\Vivado\2018.3\data/verilog/src/unisims/FDCE.v" Line 160: Timing violation in scope /TB_TOP_PIX/uut/RGB[0].BUF/GEN/PAD/b_out_reg[69]/TChk160_30145 at time 334514 ps $recrem (negedge CLR,posedge C,(0:0:0),(0:0:0),notifier,rst_clk_enable_p,rst_clk_enable_p,CLR_dly,C_dly) 
WARNING: "C:\Xilinx\Vivado\2018.3\data/verilog/src/unisims/FDCE.v" Line 160: Timing violation in scope /TB_TOP_PIX/uut/RGB[0].BUF/GEN/PAD/b_out_reg[70]/TChk160_30145 at time 334514 ps $recrem (negedge CLR,posedge C,(0:0:0),(0:0:0),notifier,rst_clk_enable_p,rst_clk_enable_p,CLR_dly,C_dly) 
WARNING: "C:\Xilinx\Vivado\2018.3\data/verilog/src/unisims/FDCE.v" Line 160: Timing violation in scope /TB_TOP_PIX/uut/RGB[0].BUF/GEN/PAD/b_out_reg[71]/TChk160_30145 at time 334514 ps $recrem (negedge CLR,posedge C,(0:0:0),(0:0:0),notifier,rst_clk_enable_p,rst_clk_enable_p,CLR_dly,C_dly) 
WARNING: "C:\Xilinx\Vivado\2018.3\data/verilog/src/unisims/FDCE.v" Line 160: Timing violation in scope /TB_TOP_PIX/uut/RGB[0].TO_HW_i/TO_MULTI_WC/booth_enc_0/b1_p_reg/TChk160_30145 at time 334514 ps $recrem (negedge CLR,posedge C,(0:0:0),(0:0:0),notifier,rst_clk_enable_p,rst_clk_enable_p,CLR_dly,C_dly) 
WARNING: "C:\Xilinx\Vivado\2018.3\data/verilog/src/unisims/FDCE.v" Line 160: Timing violation in scope /TB_TOP_PIX/uut/RGB[0].TO_HW_i/TO_MULTI_WC/booth_enc_0/b2_p_reg/TChk160_30145 at time 334514 ps $recrem (negedge CLR,posedge C,(0:0:0),(0:0:0),notifier,rst_clk_enable_p,rst_clk_enable_p,CLR_dly,C_dly) 
WARNING: "C:\Xilinx\Vivado\2018.3\data/verilog/src/unisims/FDCE.v" Line 160: Timing violation in scope /TB_TOP_PIX/uut/RGB[0].TO_HW_i/TO_MULTI_WC/gen[0].booth_enc_i/b0_p_reg/TChk160_30145 at time 334514 ps $recrem (negedge CLR,posedge C,(0:0:0),(0:0:0),notifier,rst_clk_enable_p,rst_clk_enable_p,CLR_dly,C_dly) 
WARNING: "C:\Xilinx\Vivado\2018.3\data/verilog/src/unisims/FDCE.v" Line 160: Timing violation in scope /TB_TOP_PIX/uut/RGB[0].TO_HW_i/TO_MULTI_WC/gen[0].booth_enc_i/b1_p_reg/TChk160_30145 at time 334514 ps $recrem (negedge CLR,posedge C,(0:0:0),(0:0:0),notifier,rst_clk_enable_p,rst_clk_enable_p,CLR_dly,C_dly) 
WARNING: "C:\Xilinx\Vivado\2018.3\data/verilog/src/unisims/FDCE.v" Line 160: Timing violation in scope /TB_TOP_PIX/uut/RGB[0].TO_HW_i/TO_MULTI_WC/gen[0].booth_enc_i/b2_p_reg/TChk160_30145 at time 334514 ps $recrem (negedge CLR,posedge C,(0:0:0),(0:0:0),notifier,rst_clk_enable_p,rst_clk_enable_p,CLR_dly,C_dly) 
WARNING: "C:\Xilinx\Vivado\2018.3\data/verilog/src/unisims/FDCE.v" Line 160: Timing violation in scope /TB_TOP_PIX/uut/RGB[0].TO_HW_i/TO_MULTI_WC/gen[1].booth_enc_i/b0_p_reg/TChk160_30145 at time 334514 ps $recrem (negedge CLR,posedge C,(0:0:0),(0:0:0),notifier,rst_clk_enable_p,rst_clk_enable_p,CLR_dly,C_dly) 
WARNING: "C:\Xilinx\Vivado\2018.3\data/verilog/src/unisims/FDCE.v" Line 160: Timing violation in scope /TB_TOP_PIX/uut/RGB[0].TO_HW_i/TO_MULTI_WC/gen[1].booth_enc_i/b1_p_reg/TChk160_30145 at time 334514 ps $recrem (negedge CLR,posedge C,(0:0:0),(0:0:0),notifier,rst_clk_enable_p,rst_clk_enable_p,CLR_dly,C_dly) 
WARNING: "C:\Xilinx\Vivado\2018.3\data/verilog/src/unisims/FDCE.v" Line 160: Timing violation in scope /TB_TOP_PIX/uut/RGB[0].TO_HW_i/TO_MULTI_WC/gen[1].booth_enc_i/b2_p_reg/TChk160_30145 at time 334514 ps $recrem (negedge CLR,posedge C,(0:0:0),(0:0:0),notifier,rst_clk_enable_p,rst_clk_enable_p,CLR_dly,C_dly) 
WARNING: "C:\Xilinx\Vivado\2018.3\data/verilog/src/unisims/FDCE.v" Line 160: Timing violation in scope /TB_TOP_PIX/uut/RGB[0].TO_HW_i/TO_MULTI_WC/gen[2].booth_enc_i/b0_p_reg/TChk160_30145 at time 334514 ps $recrem (negedge CLR,posedge C,(0:0:0),(0:0:0),notifier,rst_clk_enable_p,rst_clk_enable_p,CLR_dly,C_dly) 
WARNING: "C:\Xilinx\Vivado\2018.3\data/verilog/src/unisims/FDCE.v" Line 160: Timing violation in scope /TB_TOP_PIX/uut/RGB[0].TO_HW_i/TO_MULTI_WC/gen[2].booth_enc_i/b1_p_reg/TChk160_30145 at time 334514 ps $recrem (negedge CLR,posedge C,(0:0:0),(0:0:0),notifier,rst_clk_enable_p,rst_clk_enable_p,CLR_dly,C_dly) 
WARNING: "C:\Xilinx\Vivado\2018.3\data/verilog/src/unisims/FDCE.v" Line 160: Timing violation in scope /TB_TOP_PIX/uut/RGB[0].TO_HW_i/TO_MULTI_WC/gen[2].booth_enc_i/b2_p_reg/TChk160_30145 at time 334514 ps $recrem (negedge CLR,posedge C,(0:0:0),(0:0:0),notifier,rst_clk_enable_p,rst_clk_enable_p,CLR_dly,C_dly) 
WARNING: "C:\Xilinx\Vivado\2018.3\data/verilog/src/unisims/FDCE.v" Line 160: Timing violation in scope /TB_TOP_PIX/uut/RGB[0].TO_HW_i/TO_PROD_W/booth_enc_0/b1_p_reg/TChk160_30145 at time 334514 ps $recrem (negedge CLR,posedge C,(0:0:0),(0:0:0),notifier,rst_clk_enable_p,rst_clk_enable_p,CLR_dly,C_dly) 
WARNING: "C:\Xilinx\Vivado\2018.3\data/verilog/src/unisims/FDCE.v" Line 160: Timing violation in scope /TB_TOP_PIX/uut/RGB[0].TO_HW_i/TO_PROD_W/booth_enc_0/b2_p_reg/TChk160_30145 at time 334514 ps $recrem (negedge CLR,posedge C,(0:0:0),(0:0:0),notifier,rst_clk_enable_p,rst_clk_enable_p,CLR_dly,C_dly) 
WARNING: "C:\Xilinx\Vivado\2018.3\data/verilog/src/unisims/FDCE.v" Line 160: Timing violation in scope /TB_TOP_PIX/uut/RGB[0].TO_HW_i/TO_PROD_W/gen[0].booth_enc_i/b0_p_reg/TChk160_30145 at time 334514 ps $recrem (negedge CLR,posedge C,(0:0:0),(0:0:0),notifier,rst_clk_enable_p,rst_clk_enable_p,CLR_dly,C_dly) 
WARNING: "C:\Xilinx\Vivado\2018.3\data/verilog/src/unisims/FDCE.v" Line 160: Timing violation in scope /TB_TOP_PIX/uut/RGB[0].TO_HW_i/TO_PROD_W/gen[0].booth_enc_i/b2_p_reg/TChk160_30145 at time 334514 ps $recrem (negedge CLR,posedge C,(0:0:0),(0:0:0),notifier,rst_clk_enable_p,rst_clk_enable_p,CLR_dly,C_dly) 
WARNING: "C:\Xilinx\Vivado\2018.3\data/verilog/src/unisims/FDCE.v" Line 160: Timing violation in scope /TB_TOP_PIX/uut/RGB[0].TO_HW_i/TO_PROD_W/gen[1].booth_enc_i/b0_p_reg/TChk160_30145 at time 334514 ps $recrem (negedge CLR,posedge C,(0:0:0),(0:0:0),notifier,rst_clk_enable_p,rst_clk_enable_p,CLR_dly,C_dly) 
WARNING: "C:\Xilinx\Vivado\2018.3\data/verilog/src/unisims/FDCE.v" Line 160: Timing violation in scope /TB_TOP_PIX/uut/RGB[0].TO_HW_i/TO_PROD_WL/booth_enc_0/b1_p_reg/TChk160_30145 at time 334514 ps $recrem (negedge CLR,posedge C,(0:0:0),(0:0:0),notifier,rst_clk_enable_p,rst_clk_enable_p,CLR_dly,C_dly) 
WARNING: "C:\Xilinx\Vivado\2018.3\data/verilog/src/unisims/FDCE.v" Line 160: Timing violation in scope /TB_TOP_PIX/uut/RGB[0].TO_HW_i/TO_PROD_WL/booth_enc_0/b2_p_reg/TChk160_30145 at time 334514 ps $recrem (negedge CLR,posedge C,(0:0:0),(0:0:0),notifier,rst_clk_enable_p,rst_clk_enable_p,CLR_dly,C_dly) 
WARNING: "C:\Xilinx\Vivado\2018.3\data/verilog/src/unisims/FDCE.v" Line 160: Timing violation in scope /TB_TOP_PIX/uut/RGB[0].TO_HW_i/TO_PROD_WL/gen[0].booth_enc_i/b0_p_reg/TChk160_30145 at time 334514 ps $recrem (negedge CLR,posedge C,(0:0:0),(0:0:0),notifier,rst_clk_enable_p,rst_clk_enable_p,CLR_dly,C_dly) 
WARNING: "C:\Xilinx\Vivado\2018.3\data/verilog/src/unisims/FDCE.v" Line 160: Timing violation in scope /TB_TOP_PIX/uut/RGB[0].TO_HW_i/TO_PROD_WL/gen[0].booth_enc_i/b1_p_reg/TChk160_30145 at time 334514 ps $recrem (negedge CLR,posedge C,(0:0:0),(0:0:0),notifier,rst_clk_enable_p,rst_clk_enable_p,CLR_dly,C_dly) 
WARNING: "C:\Xilinx\Vivado\2018.3\data/verilog/src/unisims/FDCE.v" Line 160: Timing violation in scope /TB_TOP_PIX/uut/RGB[0].TO_HW_i/TO_PROD_WL/gen[0].booth_enc_i/b2_p_reg/TChk160_30145 at time 334514 ps $recrem (negedge CLR,posedge C,(0:0:0),(0:0:0),notifier,rst_clk_enable_p,rst_clk_enable_p,CLR_dly,C_dly) 
WARNING: "C:\Xilinx\Vivado\2018.3\data/verilog/src/unisims/FDCE.v" Line 160: Timing violation in scope /TB_TOP_PIX/uut/RGB[0].TO_HW_i/TO_PROD_WL/gen[1].booth_enc_i/b0_p_reg/TChk160_30145 at time 334514 ps $recrem (negedge CLR,posedge C,(0:0:0),(0:0:0),notifier,rst_clk_enable_p,rst_clk_enable_p,CLR_dly,C_dly) 
WARNING: "C:\Xilinx\Vivado\2018.3\data/verilog/src/unisims/FDCE.v" Line 160: Timing violation in scope /TB_TOP_PIX/uut/RGB[0].TO_HW_i/TO_PROD_WL/gen[1].booth_enc_i/b1_p_reg/TChk160_30145 at time 334514 ps $recrem (negedge CLR,posedge C,(0:0:0),(0:0:0),notifier,rst_clk_enable_p,rst_clk_enable_p,CLR_dly,C_dly) 
WARNING: "C:\Xilinx\Vivado\2018.3\data/verilog/src/unisims/FDCE.v" Line 160: Timing violation in scope /TB_TOP_PIX/uut/RGB[0].TO_HW_i/TO_PROD_WL/gen[1].booth_enc_i/b2_p_reg/TChk160_30145 at time 334514 ps $recrem (negedge CLR,posedge C,(0:0:0),(0:0:0),notifier,rst_clk_enable_p,rst_clk_enable_p,CLR_dly,C_dly) 
WARNING: "C:\Xilinx\Vivado\2018.3\data/verilog/src/unisims/FDCE.v" Line 160: Timing violation in scope /TB_TOP_PIX/uut/RGB[0].TO_HW_i/TO_PROD_WL/gen[2].booth_enc_i/b0_p_reg/TChk160_30145 at time 334514 ps $recrem (negedge CLR,posedge C,(0:0:0),(0:0:0),notifier,rst_clk_enable_p,rst_clk_enable_p,CLR_dly,C_dly) 
WARNING: "C:\Xilinx\Vivado\2018.3\data/verilog/src/unisims/FDCE.v" Line 160: Timing violation in scope /TB_TOP_PIX/uut/RGB[0].TO_HW_i/TO_PROD_WL/gen[2].booth_enc_i/b1_p_reg/TChk160_30145 at time 334514 ps $recrem (negedge CLR,posedge C,(0:0:0),(0:0:0),notifier,rst_clk_enable_p,rst_clk_enable_p,CLR_dly,C_dly) 
WARNING: "C:\Xilinx\Vivado\2018.3\data/verilog/src/unisims/FDCE.v" Line 160: Timing violation in scope /TB_TOP_PIX/uut/RGB[0].TO_HW_i/TO_PROD_WL/gen[2].booth_enc_i/b2_p_reg/TChk160_30145 at time 334514 ps $recrem (negedge CLR,posedge C,(0:0:0),(0:0:0),notifier,rst_clk_enable_p,rst_clk_enable_p,CLR_dly,C_dly) 
WARNING: "C:\Xilinx\Vivado\2018.3\data/verilog/src/unisims/FDCE.v" Line 160: Timing violation in scope /TB_TOP_PIX/uut/RGB[1].BUF/GEN/PAD/b_out_reg[40]/TChk160_30145 at time 334514 ps $recrem (negedge CLR,posedge C,(0:0:0),(0:0:0),notifier,rst_clk_enable_p,rst_clk_enable_p,CLR_dly,C_dly) 
WARNING: "C:\Xilinx\Vivado\2018.3\data/verilog/src/unisims/FDCE.v" Line 160: Timing violation in scope /TB_TOP_PIX/uut/RGB[1].BUF/GEN/PAD/b_out_reg[41]/TChk160_30145 at time 334514 ps $recrem (negedge CLR,posedge C,(0:0:0),(0:0:0),notifier,rst_clk_enable_p,rst_clk_enable_p,CLR_dly,C_dly) 
WARNING: "C:\Xilinx\Vivado\2018.3\data/verilog/src/unisims/FDCE.v" Line 160: Timing violation in scope /TB_TOP_PIX/uut/RGB[1].BUF/GEN/PAD/b_out_reg[42]/TChk160_30145 at time 334514 ps $recrem (negedge CLR,posedge C,(0:0:0),(0:0:0),notifier,rst_clk_enable_p,rst_clk_enable_p,CLR_dly,C_dly) 
WARNING: "C:\Xilinx\Vivado\2018.3\data/verilog/src/unisims/FDCE.v" Line 160: Timing violation in scope /TB_TOP_PIX/uut/RGB[1].BUF/GEN/PAD/b_out_reg[43]/TChk160_30145 at time 334514 ps $recrem (negedge CLR,posedge C,(0:0:0),(0:0:0),notifier,rst_clk_enable_p,rst_clk_enable_p,CLR_dly,C_dly) 
WARNING: "C:\Xilinx\Vivado\2018.3\data/verilog/src/unisims/FDCE.v" Line 160: Timing violation in scope /TB_TOP_PIX/uut/RGB[1].BUF/GEN/PAD/b_out_reg[44]/TChk160_30145 at time 334514 ps $recrem (negedge CLR,posedge C,(0:0:0),(0:0:0),notifier,rst_clk_enable_p,rst_clk_enable_p,CLR_dly,C_dly) 
WARNING: "C:\Xilinx\Vivado\2018.3\data/verilog/src/unisims/FDCE.v" Line 160: Timing violation in scope /TB_TOP_PIX/uut/RGB[1].BUF/GEN/PAD/b_out_reg[45]/TChk160_30145 at time 334514 ps $recrem (negedge CLR,posedge C,(0:0:0),(0:0:0),notifier,rst_clk_enable_p,rst_clk_enable_p,CLR_dly,C_dly) 
WARNING: "C:\Xilinx\Vivado\2018.3\data/verilog/src/unisims/FDCE.v" Line 160: Timing violation in scope /TB_TOP_PIX/uut/RGB[1].BUF/GEN/PAD/b_out_reg[46]/TChk160_30145 at time 334514 ps $recrem (negedge CLR,posedge C,(0:0:0),(0:0:0),notifier,rst_clk_enable_p,rst_clk_enable_p,CLR_dly,C_dly) 
WARNING: "C:\Xilinx\Vivado\2018.3\data/verilog/src/unisims/FDCE.v" Line 160: Timing violation in scope /TB_TOP_PIX/uut/RGB[1].BUF/GEN/PAD/b_out_reg[47]/TChk160_30145 at time 334514 ps $recrem (negedge CLR,posedge C,(0:0:0),(0:0:0),notifier,rst_clk_enable_p,rst_clk_enable_p,CLR_dly,C_dly) 
WARNING: "C:\Xilinx\Vivado\2018.3\data/verilog/src/unisims/FDCE.v" Line 160: Timing violation in scope /TB_TOP_PIX/uut/RGB[1].BUF/GEN/PAD/b_out_reg[48]/TChk160_30145 at time 334514 ps $recrem (negedge CLR,posedge C,(0:0:0),(0:0:0),notifier,rst_clk_enable_p,rst_clk_enable_p,CLR_dly,C_dly) 
WARNING: "C:\Xilinx\Vivado\2018.3\data/verilog/src/unisims/FDCE.v" Line 160: Timing violation in scope /TB_TOP_PIX/uut/RGB[1].BUF/GEN/PAD/b_out_reg[49]/TChk160_30145 at time 334514 ps $recrem (negedge CLR,posedge C,(0:0:0),(0:0:0),notifier,rst_clk_enable_p,rst_clk_enable_p,CLR_dly,C_dly) 
WARNING: "C:\Xilinx\Vivado\2018.3\data/verilog/src/unisims/FDCE.v" Line 160: Timing violation in scope /TB_TOP_PIX/uut/RGB[1].BUF/GEN/PAD/b_out_reg[50]/TChk160_30145 at time 334514 ps $recrem (negedge CLR,posedge C,(0:0:0),(0:0:0),notifier,rst_clk_enable_p,rst_clk_enable_p,CLR_dly,C_dly) 
WARNING: "C:\Xilinx\Vivado\2018.3\data/verilog/src/unisims/FDCE.v" Line 160: Timing violation in scope /TB_TOP_PIX/uut/RGB[1].BUF/GEN/PAD/b_out_reg[51]/TChk160_30145 at time 334514 ps $recrem (negedge CLR,posedge C,(0:0:0),(0:0:0),notifier,rst_clk_enable_p,rst_clk_enable_p,CLR_dly,C_dly) 
WARNING: "C:\Xilinx\Vivado\2018.3\data/verilog/src/unisims/FDCE.v" Line 160: Timing violation in scope /TB_TOP_PIX/uut/RGB[1].BUF/GEN/PAD/b_out_reg[52]/TChk160_30145 at time 334514 ps $recrem (negedge CLR,posedge C,(0:0:0),(0:0:0),notifier,rst_clk_enable_p,rst_clk_enable_p,CLR_dly,C_dly) 
WARNING: "C:\Xilinx\Vivado\2018.3\data/verilog/src/unisims/FDCE.v" Line 160: Timing violation in scope /TB_TOP_PIX/uut/RGB[1].BUF/GEN/PAD/b_out_reg[53]/TChk160_30145 at time 334514 ps $recrem (negedge CLR,posedge C,(0:0:0),(0:0:0),notifier,rst_clk_enable_p,rst_clk_enable_p,CLR_dly,C_dly) 
WARNING: "C:\Xilinx\Vivado\2018.3\data/verilog/src/unisims/FDCE.v" Line 160: Timing violation in scope /TB_TOP_PIX/uut/RGB[1].BUF/GEN/PAD/b_out_reg[54]/TChk160_30145 at time 334514 ps $recrem (negedge CLR,posedge C,(0:0:0),(0:0:0),notifier,rst_clk_enable_p,rst_clk_enable_p,CLR_dly,C_dly) 
WARNING: "C:\Xilinx\Vivado\2018.3\data/verilog/src/unisims/FDCE.v" Line 160: Timing violation in scope /TB_TOP_PIX/uut/RGB[1].BUF/GEN/PAD/b_out_reg[55]/TChk160_30145 at time 334514 ps $recrem (negedge CLR,posedge C,(0:0:0),(0:0:0),notifier,rst_clk_enable_p,rst_clk_enable_p,CLR_dly,C_dly) 
WARNING: "C:\Xilinx\Vivado\2018.3\data/verilog/src/unisims/FDCE.v" Line 160: Timing violation in scope /TB_TOP_PIX/uut/RGB[1].BUF/GEN/PAD/b_out_reg[56]/TChk160_30145 at time 334514 ps $recrem (negedge CLR,posedge C,(0:0:0),(0:0:0),notifier,rst_clk_enable_p,rst_clk_enable_p,CLR_dly,C_dly) 
WARNING: "C:\Xilinx\Vivado\2018.3\data/verilog/src/unisims/FDCE.v" Line 160: Timing violation in scope /TB_TOP_PIX/uut/RGB[1].BUF/GEN/PAD/b_out_reg[57]/TChk160_30145 at time 334514 ps $recrem (negedge CLR,posedge C,(0:0:0),(0:0:0),notifier,rst_clk_enable_p,rst_clk_enable_p,CLR_dly,C_dly) 
WARNING: "C:\Xilinx\Vivado\2018.3\data/verilog/src/unisims/FDCE.v" Line 160: Timing violation in scope /TB_TOP_PIX/uut/RGB[1].BUF/GEN/PAD/b_out_reg[58]/TChk160_30145 at time 334514 ps $recrem (negedge CLR,posedge C,(0:0:0),(0:0:0),notifier,rst_clk_enable_p,rst_clk_enable_p,CLR_dly,C_dly) 
WARNING: "C:\Xilinx\Vivado\2018.3\data/verilog/src/unisims/FDCE.v" Line 160: Timing violation in scope /TB_TOP_PIX/uut/RGB[1].BUF/GEN/PAD/b_out_reg[59]/TChk160_30145 at time 334514 ps $recrem (negedge CLR,posedge C,(0:0:0),(0:0:0),notifier,rst_clk_enable_p,rst_clk_enable_p,CLR_dly,C_dly) 
WARNING: "C:\Xilinx\Vivado\2018.3\data/verilog/src/unisims/FDCE.v" Line 160: Timing violation in scope /TB_TOP_PIX/uut/RGB[1].BUF/GEN/PAD/b_out_reg[60]/TChk160_30145 at time 334514 ps $recrem (negedge CLR,posedge C,(0:0:0),(0:0:0),notifier,rst_clk_enable_p,rst_clk_enable_p,CLR_dly,C_dly) 
WARNING: "C:\Xilinx\Vivado\2018.3\data/verilog/src/unisims/FDCE.v" Line 160: Timing violation in scope /TB_TOP_PIX/uut/RGB[1].BUF/GEN/PAD/b_out_reg[61]/TChk160_30145 at time 334514 ps $recrem (negedge CLR,posedge C,(0:0:0),(0:0:0),notifier,rst_clk_enable_p,rst_clk_enable_p,CLR_dly,C_dly) 
WARNING: "C:\Xilinx\Vivado\2018.3\data/verilog/src/unisims/FDCE.v" Line 160: Timing violation in scope /TB_TOP_PIX/uut/RGB[1].BUF/GEN/PAD/b_out_reg[62]/TChk160_30145 at time 334514 ps $recrem (negedge CLR,posedge C,(0:0:0),(0:0:0),notifier,rst_clk_enable_p,rst_clk_enable_p,CLR_dly,C_dly) 
WARNING: "C:\Xilinx\Vivado\2018.3\data/verilog/src/unisims/FDCE.v" Line 160: Timing violation in scope /TB_TOP_PIX/uut/RGB[1].BUF/GEN/PAD/b_out_reg[63]/TChk160_30145 at time 334514 ps $recrem (negedge CLR,posedge C,(0:0:0),(0:0:0),notifier,rst_clk_enable_p,rst_clk_enable_p,CLR_dly,C_dly) 
WARNING: "C:\Xilinx\Vivado\2018.3\data/verilog/src/unisims/FDCE.v" Line 160: Timing violation in scope /TB_TOP_PIX/uut/RGB[1].BUF/GEN/PAD/b_out_reg[64]/TChk160_30145 at time 334514 ps $recrem (negedge CLR,posedge C,(0:0:0),(0:0:0),notifier,rst_clk_enable_p,rst_clk_enable_p,CLR_dly,C_dly) 
WARNING: "C:\Xilinx\Vivado\2018.3\data/verilog/src/unisims/FDCE.v" Line 160: Timing violation in scope /TB_TOP_PIX/uut/RGB[1].BUF/GEN/PAD/b_out_reg[65]/TChk160_30145 at time 334514 ps $recrem (negedge CLR,posedge C,(0:0:0),(0:0:0),notifier,rst_clk_enable_p,rst_clk_enable_p,CLR_dly,C_dly) 
WARNING: "C:\Xilinx\Vivado\2018.3\data/verilog/src/unisims/FDCE.v" Line 160: Timing violation in scope /TB_TOP_PIX/uut/RGB[1].BUF/GEN/PAD/b_out_reg[66]/TChk160_30145 at time 334514 ps $recrem (negedge CLR,posedge C,(0:0:0),(0:0:0),notifier,rst_clk_enable_p,rst_clk_enable_p,CLR_dly,C_dly) 
WARNING: "C:\Xilinx\Vivado\2018.3\data/verilog/src/unisims/FDCE.v" Line 160: Timing violation in scope /TB_TOP_PIX/uut/RGB[1].BUF/GEN/PAD/b_out_reg[67]/TChk160_30145 at time 334514 ps $recrem (negedge CLR,posedge C,(0:0:0),(0:0:0),notifier,rst_clk_enable_p,rst_clk_enable_p,CLR_dly,C_dly) 
WARNING: "C:\Xilinx\Vivado\2018.3\data/verilog/src/unisims/FDCE.v" Line 160: Timing violation in scope /TB_TOP_PIX/uut/RGB[1].BUF/GEN/PAD/b_out_reg[68]/TChk160_30145 at time 334514 ps $recrem (negedge CLR,posedge C,(0:0:0),(0:0:0),notifier,rst_clk_enable_p,rst_clk_enable_p,CLR_dly,C_dly) 
WARNING: "C:\Xilinx\Vivado\2018.3\data/verilog/src/unisims/FDCE.v" Line 160: Timing violation in scope /TB_TOP_PIX/uut/RGB[1].BUF/GEN/PAD/b_out_reg[69]/TChk160_30145 at time 334514 ps $recrem (negedge CLR,posedge C,(0:0:0),(0:0:0),notifier,rst_clk_enable_p,rst_clk_enable_p,CLR_dly,C_dly) 
WARNING: "C:\Xilinx\Vivado\2018.3\data/verilog/src/unisims/FDCE.v" Line 160: Timing violation in scope /TB_TOP_PIX/uut/RGB[1].BUF/GEN/PAD/b_out_reg[70]/TChk160_30145 at time 334514 ps $recrem (negedge CLR,posedge C,(0:0:0),(0:0:0),notifier,rst_clk_enable_p,rst_clk_enable_p,CLR_dly,C_dly) 
WARNING: "C:\Xilinx\Vivado\2018.3\data/verilog/src/unisims/FDCE.v" Line 160: Timing violation in scope /TB_TOP_PIX/uut/RGB[1].BUF/GEN/PAD/b_out_reg[71]/TChk160_30145 at time 334514 ps $recrem (negedge CLR,posedge C,(0:0:0),(0:0:0),notifier,rst_clk_enable_p,rst_clk_enable_p,CLR_dly,C_dly) 
WARNING: "C:\Xilinx\Vivado\2018.3\data/verilog/src/unisims/FDCE.v" Line 160: Timing violation in scope /TB_TOP_PIX/uut/RGB[1].TO_HW_i/TO_MULTI_WC/booth_enc_0/b1_p_reg/TChk160_30145 at time 334514 ps $recrem (negedge CLR,posedge C,(0:0:0),(0:0:0),notifier,rst_clk_enable_p,rst_clk_enable_p,CLR_dly,C_dly) 
WARNING: "C:\Xilinx\Vivado\2018.3\data/verilog/src/unisims/FDCE.v" Line 160: Timing violation in scope /TB_TOP_PIX/uut/RGB[1].TO_HW_i/TO_MULTI_WC/booth_enc_0/b2_p_reg/TChk160_30145 at time 334514 ps $recrem (negedge CLR,posedge C,(0:0:0),(0:0:0),notifier,rst_clk_enable_p,rst_clk_enable_p,CLR_dly,C_dly) 
WARNING: "C:\Xilinx\Vivado\2018.3\data/verilog/src/unisims/FDCE.v" Line 160: Timing violation in scope /TB_TOP_PIX/uut/RGB[1].TO_HW_i/TO_MULTI_WC/gen[0].booth_enc_i/b0_p_reg/TChk160_30145 at time 334514 ps $recrem (negedge CLR,posedge C,(0:0:0),(0:0:0),notifier,rst_clk_enable_p,rst_clk_enable_p,CLR_dly,C_dly) 
WARNING: "C:\Xilinx\Vivado\2018.3\data/verilog/src/unisims/FDCE.v" Line 160: Timing violation in scope /TB_TOP_PIX/uut/RGB[1].TO_HW_i/TO_MULTI_WC/gen[0].booth_enc_i/b1_p_reg/TChk160_30145 at time 334514 ps $recrem (negedge CLR,posedge C,(0:0:0),(0:0:0),notifier,rst_clk_enable_p,rst_clk_enable_p,CLR_dly,C_dly) 
WARNING: "C:\Xilinx\Vivado\2018.3\data/verilog/src/unisims/FDCE.v" Line 160: Timing violation in scope /TB_TOP_PIX/uut/RGB[1].TO_HW_i/TO_MULTI_WC/gen[0].booth_enc_i/b2_p_reg/TChk160_30145 at time 334514 ps $recrem (negedge CLR,posedge C,(0:0:0),(0:0:0),notifier,rst_clk_enable_p,rst_clk_enable_p,CLR_dly,C_dly) 
WARNING: "C:\Xilinx\Vivado\2018.3\data/verilog/src/unisims/FDCE.v" Line 160: Timing violation in scope /TB_TOP_PIX/uut/RGB[1].TO_HW_i/TO_MULTI_WC/gen[1].booth_enc_i/b0_p_reg/TChk160_30145 at time 334514 ps $recrem (negedge CLR,posedge C,(0:0:0),(0:0:0),notifier,rst_clk_enable_p,rst_clk_enable_p,CLR_dly,C_dly) 
WARNING: "C:\Xilinx\Vivado\2018.3\data/verilog/src/unisims/FDCE.v" Line 160: Timing violation in scope /TB_TOP_PIX/uut/RGB[1].TO_HW_i/TO_MULTI_WC/gen[1].booth_enc_i/b1_p_reg/TChk160_30145 at time 334514 ps $recrem (negedge CLR,posedge C,(0:0:0),(0:0:0),notifier,rst_clk_enable_p,rst_clk_enable_p,CLR_dly,C_dly) 
WARNING: "C:\Xilinx\Vivado\2018.3\data/verilog/src/unisims/FDCE.v" Line 160: Timing violation in scope /TB_TOP_PIX/uut/RGB[1].TO_HW_i/TO_MULTI_WC/gen[1].booth_enc_i/b2_p_reg/TChk160_30145 at time 334514 ps $recrem (negedge CLR,posedge C,(0:0:0),(0:0:0),notifier,rst_clk_enable_p,rst_clk_enable_p,CLR_dly,C_dly) 
WARNING: "C:\Xilinx\Vivado\2018.3\data/verilog/src/unisims/FDCE.v" Line 160: Timing violation in scope /TB_TOP_PIX/uut/RGB[1].TO_HW_i/TO_MULTI_WC/gen[2].booth_enc_i/b0_p_reg/TChk160_30145 at time 334514 ps $recrem (negedge CLR,posedge C,(0:0:0),(0:0:0),notifier,rst_clk_enable_p,rst_clk_enable_p,CLR_dly,C_dly) 
WARNING: "C:\Xilinx\Vivado\2018.3\data/verilog/src/unisims/FDCE.v" Line 160: Timing violation in scope /TB_TOP_PIX/uut/RGB[1].TO_HW_i/TO_MULTI_WC/gen[2].booth_enc_i/b1_p_reg/TChk160_30145 at time 334514 ps $recrem (negedge CLR,posedge C,(0:0:0),(0:0:0),notifier,rst_clk_enable_p,rst_clk_enable_p,CLR_dly,C_dly) 
WARNING: "C:\Xilinx\Vivado\2018.3\data/verilog/src/unisims/FDCE.v" Line 160: Timing violation in scope /TB_TOP_PIX/uut/RGB[1].TO_HW_i/TO_MULTI_WC/gen[2].booth_enc_i/b2_p_reg/TChk160_30145 at time 334514 ps $recrem (negedge CLR,posedge C,(0:0:0),(0:0:0),notifier,rst_clk_enable_p,rst_clk_enable_p,CLR_dly,C_dly) 
WARNING: "C:\Xilinx\Vivado\2018.3\data/verilog/src/unisims/FDCE.v" Line 160: Timing violation in scope /TB_TOP_PIX/uut/RGB[1].TO_HW_i/TO_PROD_W/booth_enc_0/b1_p_reg/TChk160_30145 at time 334514 ps $recrem (negedge CLR,posedge C,(0:0:0),(0:0:0),notifier,rst_clk_enable_p,rst_clk_enable_p,CLR_dly,C_dly) 
WARNING: "C:\Xilinx\Vivado\2018.3\data/verilog/src/unisims/FDCE.v" Line 160: Timing violation in scope /TB_TOP_PIX/uut/RGB[1].TO_HW_i/TO_PROD_W/booth_enc_0/b2_p_reg/TChk160_30145 at time 334514 ps $recrem (negedge CLR,posedge C,(0:0:0),(0:0:0),notifier,rst_clk_enable_p,rst_clk_enable_p,CLR_dly,C_dly) 
WARNING: "C:\Xilinx\Vivado\2018.3\data/verilog/src/unisims/FDCE.v" Line 160: Timing violation in scope /TB_TOP_PIX/uut/RGB[1].TO_HW_i/TO_PROD_W/gen[0].booth_enc_i/b0_p_reg/TChk160_30145 at time 334514 ps $recrem (negedge CLR,posedge C,(0:0:0),(0:0:0),notifier,rst_clk_enable_p,rst_clk_enable_p,CLR_dly,C_dly) 
WARNING: "C:\Xilinx\Vivado\2018.3\data/verilog/src/unisims/FDCE.v" Line 160: Timing violation in scope /TB_TOP_PIX/uut/RGB[1].TO_HW_i/TO_PROD_W/gen[0].booth_enc_i/b2_p_reg/TChk160_30145 at time 334514 ps $recrem (negedge CLR,posedge C,(0:0:0),(0:0:0),notifier,rst_clk_enable_p,rst_clk_enable_p,CLR_dly,C_dly) 
WARNING: "C:\Xilinx\Vivado\2018.3\data/verilog/src/unisims/FDCE.v" Line 160: Timing violation in scope /TB_TOP_PIX/uut/RGB[1].TO_HW_i/TO_PROD_W/gen[1].booth_enc_i/b0_p_reg/TChk160_30145 at time 334514 ps $recrem (negedge CLR,posedge C,(0:0:0),(0:0:0),notifier,rst_clk_enable_p,rst_clk_enable_p,CLR_dly,C_dly) 
WARNING: "C:\Xilinx\Vivado\2018.3\data/verilog/src/unisims/FDCE.v" Line 160: Timing violation in scope /TB_TOP_PIX/uut/RGB[1].TO_HW_i/TO_PROD_WL/booth_enc_0/b1_p_reg/TChk160_30145 at time 334514 ps $recrem (negedge CLR,posedge C,(0:0:0),(0:0:0),notifier,rst_clk_enable_p,rst_clk_enable_p,CLR_dly,C_dly) 
WARNING: "C:\Xilinx\Vivado\2018.3\data/verilog/src/unisims/FDCE.v" Line 160: Timing violation in scope /TB_TOP_PIX/uut/RGB[1].TO_HW_i/TO_PROD_WL/booth_enc_0/b2_p_reg/TChk160_30145 at time 334514 ps $recrem (negedge CLR,posedge C,(0:0:0),(0:0:0),notifier,rst_clk_enable_p,rst_clk_enable_p,CLR_dly,C_dly) 
WARNING: "C:\Xilinx\Vivado\2018.3\data/verilog/src/unisims/FDCE.v" Line 160: Timing violation in scope /TB_TOP_PIX/uut/RGB[1].TO_HW_i/TO_PROD_WL/gen[0].booth_enc_i/b0_p_reg/TChk160_30145 at time 334514 ps $recrem (negedge CLR,posedge C,(0:0:0),(0:0:0),notifier,rst_clk_enable_p,rst_clk_enable_p,CLR_dly,C_dly) 
WARNING: "C:\Xilinx\Vivado\2018.3\data/verilog/src/unisims/FDCE.v" Line 160: Timing violation in scope /TB_TOP_PIX/uut/RGB[1].TO_HW_i/TO_PROD_WL/gen[0].booth_enc_i/b1_p_reg/TChk160_30145 at time 334514 ps $recrem (negedge CLR,posedge C,(0:0:0),(0:0:0),notifier,rst_clk_enable_p,rst_clk_enable_p,CLR_dly,C_dly) 
WARNING: "C:\Xilinx\Vivado\2018.3\data/verilog/src/unisims/FDCE.v" Line 160: Timing violation in scope /TB_TOP_PIX/uut/RGB[1].TO_HW_i/TO_PROD_WL/gen[0].booth_enc_i/b2_p_reg/TChk160_30145 at time 334514 ps $recrem (negedge CLR,posedge C,(0:0:0),(0:0:0),notifier,rst_clk_enable_p,rst_clk_enable_p,CLR_dly,C_dly) 
WARNING: "C:\Xilinx\Vivado\2018.3\data/verilog/src/unisims/FDCE.v" Line 160: Timing violation in scope /TB_TOP_PIX/uut/RGB[1].TO_HW_i/TO_PROD_WL/gen[1].booth_enc_i/b0_p_reg/TChk160_30145 at time 334514 ps $recrem (negedge CLR,posedge C,(0:0:0),(0:0:0),notifier,rst_clk_enable_p,rst_clk_enable_p,CLR_dly,C_dly) 
WARNING: "C:\Xilinx\Vivado\2018.3\data/verilog/src/unisims/FDCE.v" Line 160: Timing violation in scope /TB_TOP_PIX/uut/RGB[1].TO_HW_i/TO_PROD_WL/gen[1].booth_enc_i/b1_p_reg/TChk160_30145 at time 334514 ps $recrem (negedge CLR,posedge C,(0:0:0),(0:0:0),notifier,rst_clk_enable_p,rst_clk_enable_p,CLR_dly,C_dly) 
WARNING: "C:\Xilinx\Vivado\2018.3\data/verilog/src/unisims/FDCE.v" Line 160: Timing violation in scope /TB_TOP_PIX/uut/RGB[1].TO_HW_i/TO_PROD_WL/gen[1].booth_enc_i/b2_p_reg/TChk160_30145 at time 334514 ps $recrem (negedge CLR,posedge C,(0:0:0),(0:0:0),notifier,rst_clk_enable_p,rst_clk_enable_p,CLR_dly,C_dly) 
WARNING: "C:\Xilinx\Vivado\2018.3\data/verilog/src/unisims/FDCE.v" Line 160: Timing violation in scope /TB_TOP_PIX/uut/RGB[1].TO_HW_i/TO_PROD_WL/gen[2].booth_enc_i/b0_p_reg/TChk160_30145 at time 334514 ps $recrem (negedge CLR,posedge C,(0:0:0),(0:0:0),notifier,rst_clk_enable_p,rst_clk_enable_p,CLR_dly,C_dly) 
WARNING: "C:\Xilinx\Vivado\2018.3\data/verilog/src/unisims/FDCE.v" Line 160: Timing violation in scope /TB_TOP_PIX/uut/RGB[1].TO_HW_i/TO_PROD_WL/gen[2].booth_enc_i/b1_p_reg/TChk160_30145 at time 334514 ps $recrem (negedge CLR,posedge C,(0:0:0),(0:0:0),notifier,rst_clk_enable_p,rst_clk_enable_p,CLR_dly,C_dly) 
WARNING: "C:\Xilinx\Vivado\2018.3\data/verilog/src/unisims/FDCE.v" Line 160: Timing violation in scope /TB_TOP_PIX/uut/RGB[1].TO_HW_i/TO_PROD_WL/gen[2].booth_enc_i/b2_p_reg/TChk160_30145 at time 334514 ps $recrem (negedge CLR,posedge C,(0:0:0),(0:0:0),notifier,rst_clk_enable_p,rst_clk_enable_p,CLR_dly,C_dly) 
WARNING: "C:\Xilinx\Vivado\2018.3\data/verilog/src/unisims/FDCE.v" Line 160: Timing violation in scope /TB_TOP_PIX/uut/RGB[2].BUF/GEN/PAD/b_out_reg[40]/TChk160_30145 at time 334514 ps $recrem (negedge CLR,posedge C,(0:0:0),(0:0:0),notifier,rst_clk_enable_p,rst_clk_enable_p,CLR_dly,C_dly) 
WARNING: "C:\Xilinx\Vivado\2018.3\data/verilog/src/unisims/FDCE.v" Line 160: Timing violation in scope /TB_TOP_PIX/uut/RGB[2].BUF/GEN/PAD/b_out_reg[41]/TChk160_30145 at time 334514 ps $recrem (negedge CLR,posedge C,(0:0:0),(0:0:0),notifier,rst_clk_enable_p,rst_clk_enable_p,CLR_dly,C_dly) 
WARNING: "C:\Xilinx\Vivado\2018.3\data/verilog/src/unisims/FDCE.v" Line 160: Timing violation in scope /TB_TOP_PIX/uut/RGB[2].BUF/GEN/PAD/b_out_reg[42]/TChk160_30145 at time 334514 ps $recrem (negedge CLR,posedge C,(0:0:0),(0:0:0),notifier,rst_clk_enable_p,rst_clk_enable_p,CLR_dly,C_dly) 
WARNING: "C:\Xilinx\Vivado\2018.3\data/verilog/src/unisims/FDCE.v" Line 160: Timing violation in scope /TB_TOP_PIX/uut/RGB[2].BUF/GEN/PAD/b_out_reg[43]/TChk160_30145 at time 334514 ps $recrem (negedge CLR,posedge C,(0:0:0),(0:0:0),notifier,rst_clk_enable_p,rst_clk_enable_p,CLR_dly,C_dly) 
WARNING: "C:\Xilinx\Vivado\2018.3\data/verilog/src/unisims/FDCE.v" Line 160: Timing violation in scope /TB_TOP_PIX/uut/RGB[2].BUF/GEN/PAD/b_out_reg[44]/TChk160_30145 at time 334514 ps $recrem (negedge CLR,posedge C,(0:0:0),(0:0:0),notifier,rst_clk_enable_p,rst_clk_enable_p,CLR_dly,C_dly) 
WARNING: "C:\Xilinx\Vivado\2018.3\data/verilog/src/unisims/FDCE.v" Line 160: Timing violation in scope /TB_TOP_PIX/uut/RGB[2].BUF/GEN/PAD/b_out_reg[45]/TChk160_30145 at time 334514 ps $recrem (negedge CLR,posedge C,(0:0:0),(0:0:0),notifier,rst_clk_enable_p,rst_clk_enable_p,CLR_dly,C_dly) 
WARNING: "C:\Xilinx\Vivado\2018.3\data/verilog/src/unisims/FDCE.v" Line 160: Timing violation in scope /TB_TOP_PIX/uut/RGB[2].BUF/GEN/PAD/b_out_reg[46]/TChk160_30145 at time 334514 ps $recrem (negedge CLR,posedge C,(0:0:0),(0:0:0),notifier,rst_clk_enable_p,rst_clk_enable_p,CLR_dly,C_dly) 
WARNING: "C:\Xilinx\Vivado\2018.3\data/verilog/src/unisims/FDCE.v" Line 160: Timing violation in scope /TB_TOP_PIX/uut/RGB[2].BUF/GEN/PAD/b_out_reg[47]/TChk160_30145 at time 334514 ps $recrem (negedge CLR,posedge C,(0:0:0),(0:0:0),notifier,rst_clk_enable_p,rst_clk_enable_p,CLR_dly,C_dly) 
WARNING: "C:\Xilinx\Vivado\2018.3\data/verilog/src/unisims/FDCE.v" Line 160: Timing violation in scope /TB_TOP_PIX/uut/RGB[2].BUF/GEN/PAD/b_out_reg[48]/TChk160_30145 at time 334514 ps $recrem (negedge CLR,posedge C,(0:0:0),(0:0:0),notifier,rst_clk_enable_p,rst_clk_enable_p,CLR_dly,C_dly) 
WARNING: "C:\Xilinx\Vivado\2018.3\data/verilog/src/unisims/FDCE.v" Line 160: Timing violation in scope /TB_TOP_PIX/uut/RGB[2].BUF/GEN/PAD/b_out_reg[49]/TChk160_30145 at time 334514 ps $recrem (negedge CLR,posedge C,(0:0:0),(0:0:0),notifier,rst_clk_enable_p,rst_clk_enable_p,CLR_dly,C_dly) 
WARNING: "C:\Xilinx\Vivado\2018.3\data/verilog/src/unisims/FDCE.v" Line 160: Timing violation in scope /TB_TOP_PIX/uut/RGB[2].BUF/GEN/PAD/b_out_reg[50]/TChk160_30145 at time 334514 ps $recrem (negedge CLR,posedge C,(0:0:0),(0:0:0),notifier,rst_clk_enable_p,rst_clk_enable_p,CLR_dly,C_dly) 
WARNING: "C:\Xilinx\Vivado\2018.3\data/verilog/src/unisims/FDCE.v" Line 160: Timing violation in scope /TB_TOP_PIX/uut/RGB[2].BUF/GEN/PAD/b_out_reg[51]/TChk160_30145 at time 334514 ps $recrem (negedge CLR,posedge C,(0:0:0),(0:0:0),notifier,rst_clk_enable_p,rst_clk_enable_p,CLR_dly,C_dly) 
WARNING: "C:\Xilinx\Vivado\2018.3\data/verilog/src/unisims/FDCE.v" Line 160: Timing violation in scope /TB_TOP_PIX/uut/RGB[2].BUF/GEN/PAD/b_out_reg[52]/TChk160_30145 at time 334514 ps $recrem (negedge CLR,posedge C,(0:0:0),(0:0:0),notifier,rst_clk_enable_p,rst_clk_enable_p,CLR_dly,C_dly) 
WARNING: "C:\Xilinx\Vivado\2018.3\data/verilog/src/unisims/FDCE.v" Line 160: Timing violation in scope /TB_TOP_PIX/uut/RGB[2].BUF/GEN/PAD/b_out_reg[53]/TChk160_30145 at time 334514 ps $recrem (negedge CLR,posedge C,(0:0:0),(0:0:0),notifier,rst_clk_enable_p,rst_clk_enable_p,CLR_dly,C_dly) 
WARNING: "C:\Xilinx\Vivado\2018.3\data/verilog/src/unisims/FDCE.v" Line 160: Timing violation in scope /TB_TOP_PIX/uut/RGB[2].BUF/GEN/PAD/b_out_reg[54]/TChk160_30145 at time 334514 ps $recrem (negedge CLR,posedge C,(0:0:0),(0:0:0),notifier,rst_clk_enable_p,rst_clk_enable_p,CLR_dly,C_dly) 
WARNING: "C:\Xilinx\Vivado\2018.3\data/verilog/src/unisims/FDCE.v" Line 160: Timing violation in scope /TB_TOP_PIX/uut/RGB[2].BUF/GEN/PAD/b_out_reg[55]/TChk160_30145 at time 334514 ps $recrem (negedge CLR,posedge C,(0:0:0),(0:0:0),notifier,rst_clk_enable_p,rst_clk_enable_p,CLR_dly,C_dly) 
WARNING: "C:\Xilinx\Vivado\2018.3\data/verilog/src/unisims/FDCE.v" Line 160: Timing violation in scope /TB_TOP_PIX/uut/RGB[2].BUF/GEN/PAD/b_out_reg[56]/TChk160_30145 at time 334514 ps $recrem (negedge CLR,posedge C,(0:0:0),(0:0:0),notifier,rst_clk_enable_p,rst_clk_enable_p,CLR_dly,C_dly) 
WARNING: "C:\Xilinx\Vivado\2018.3\data/verilog/src/unisims/FDCE.v" Line 160: Timing violation in scope /TB_TOP_PIX/uut/RGB[2].BUF/GEN/PAD/b_out_reg[57]/TChk160_30145 at time 334514 ps $recrem (negedge CLR,posedge C,(0:0:0),(0:0:0),notifier,rst_clk_enable_p,rst_clk_enable_p,CLR_dly,C_dly) 
WARNING: "C:\Xilinx\Vivado\2018.3\data/verilog/src/unisims/FDCE.v" Line 160: Timing violation in scope /TB_TOP_PIX/uut/RGB[2].BUF/GEN/PAD/b_out_reg[58]/TChk160_30145 at time 334514 ps $recrem (negedge CLR,posedge C,(0:0:0),(0:0:0),notifier,rst_clk_enable_p,rst_clk_enable_p,CLR_dly,C_dly) 
WARNING: "C:\Xilinx\Vivado\2018.3\data/verilog/src/unisims/FDCE.v" Line 160: Timing violation in scope /TB_TOP_PIX/uut/RGB[2].BUF/GEN/PAD/b_out_reg[59]/TChk160_30145 at time 334514 ps $recrem (negedge CLR,posedge C,(0:0:0),(0:0:0),notifier,rst_clk_enable_p,rst_clk_enable_p,CLR_dly,C_dly) 
WARNING: "C:\Xilinx\Vivado\2018.3\data/verilog/src/unisims/FDCE.v" Line 160: Timing violation in scope /TB_TOP_PIX/uut/RGB[2].BUF/GEN/PAD/b_out_reg[60]/TChk160_30145 at time 334514 ps $recrem (negedge CLR,posedge C,(0:0:0),(0:0:0),notifier,rst_clk_enable_p,rst_clk_enable_p,CLR_dly,C_dly) 
WARNING: "C:\Xilinx\Vivado\2018.3\data/verilog/src/unisims/FDCE.v" Line 160: Timing violation in scope /TB_TOP_PIX/uut/RGB[2].BUF/GEN/PAD/b_out_reg[61]/TChk160_30145 at time 334514 ps $recrem (negedge CLR,posedge C,(0:0:0),(0:0:0),notifier,rst_clk_enable_p,rst_clk_enable_p,CLR_dly,C_dly) 
WARNING: "C:\Xilinx\Vivado\2018.3\data/verilog/src/unisims/FDCE.v" Line 160: Timing violation in scope /TB_TOP_PIX/uut/RGB[2].BUF/GEN/PAD/b_out_reg[62]/TChk160_30145 at time 334514 ps $recrem (negedge CLR,posedge C,(0:0:0),(0:0:0),notifier,rst_clk_enable_p,rst_clk_enable_p,CLR_dly,C_dly) 
WARNING: "C:\Xilinx\Vivado\2018.3\data/verilog/src/unisims/FDCE.v" Line 160: Timing violation in scope /TB_TOP_PIX/uut/RGB[2].BUF/GEN/PAD/b_out_reg[63]/TChk160_30145 at time 334514 ps $recrem (negedge CLR,posedge C,(0:0:0),(0:0:0),notifier,rst_clk_enable_p,rst_clk_enable_p,CLR_dly,C_dly) 
WARNING: "C:\Xilinx\Vivado\2018.3\data/verilog/src/unisims/FDCE.v" Line 160: Timing violation in scope /TB_TOP_PIX/uut/RGB[2].BUF/GEN/PAD/b_out_reg[64]/TChk160_30145 at time 334514 ps $recrem (negedge CLR,posedge C,(0:0:0),(0:0:0),notifier,rst_clk_enable_p,rst_clk_enable_p,CLR_dly,C_dly) 
WARNING: "C:\Xilinx\Vivado\2018.3\data/verilog/src/unisims/FDCE.v" Line 160: Timing violation in scope /TB_TOP_PIX/uut/RGB[2].BUF/GEN/PAD/b_out_reg[65]/TChk160_30145 at time 334514 ps $recrem (negedge CLR,posedge C,(0:0:0),(0:0:0),notifier,rst_clk_enable_p,rst_clk_enable_p,CLR_dly,C_dly) 
WARNING: "C:\Xilinx\Vivado\2018.3\data/verilog/src/unisims/FDCE.v" Line 160: Timing violation in scope /TB_TOP_PIX/uut/RGB[2].BUF/GEN/PAD/b_out_reg[66]/TChk160_30145 at time 334514 ps $recrem (negedge CLR,posedge C,(0:0:0),(0:0:0),notifier,rst_clk_enable_p,rst_clk_enable_p,CLR_dly,C_dly) 
WARNING: "C:\Xilinx\Vivado\2018.3\data/verilog/src/unisims/FDCE.v" Line 160: Timing violation in scope /TB_TOP_PIX/uut/RGB[2].BUF/GEN/PAD/b_out_reg[67]/TChk160_30145 at time 334514 ps $recrem (negedge CLR,posedge C,(0:0:0),(0:0:0),notifier,rst_clk_enable_p,rst_clk_enable_p,CLR_dly,C_dly) 
WARNING: "C:\Xilinx\Vivado\2018.3\data/verilog/src/unisims/FDCE.v" Line 160: Timing violation in scope /TB_TOP_PIX/uut/RGB[2].BUF/GEN/PAD/b_out_reg[68]/TChk160_30145 at time 334514 ps $recrem (negedge CLR,posedge C,(0:0:0),(0:0:0),notifier,rst_clk_enable_p,rst_clk_enable_p,CLR_dly,C_dly) 
WARNING: "C:\Xilinx\Vivado\2018.3\data/verilog/src/unisims/FDCE.v" Line 160: Timing violation in scope /TB_TOP_PIX/uut/RGB[2].BUF/GEN/PAD/b_out_reg[69]/TChk160_30145 at time 334514 ps $recrem (negedge CLR,posedge C,(0:0:0),(0:0:0),notifier,rst_clk_enable_p,rst_clk_enable_p,CLR_dly,C_dly) 
WARNING: "C:\Xilinx\Vivado\2018.3\data/verilog/src/unisims/FDCE.v" Line 160: Timing violation in scope /TB_TOP_PIX/uut/RGB[2].BUF/GEN/PAD/b_out_reg[70]/TChk160_30145 at time 334514 ps $recrem (negedge CLR,posedge C,(0:0:0),(0:0:0),notifier,rst_clk_enable_p,rst_clk_enable_p,CLR_dly,C_dly) 
WARNING: "C:\Xilinx\Vivado\2018.3\data/verilog/src/unisims/FDCE.v" Line 160: Timing violation in scope /TB_TOP_PIX/uut/RGB[2].BUF/GEN/PAD/b_out_reg[71]/TChk160_30145 at time 334514 ps $recrem (negedge CLR,posedge C,(0:0:0),(0:0:0),notifier,rst_clk_enable_p,rst_clk_enable_p,CLR_dly,C_dly) 
WARNING: "C:\Xilinx\Vivado\2018.3\data/verilog/src/unisims/FDCE.v" Line 160: Timing violation in scope /TB_TOP_PIX/uut/RGB[2].TO_HW_i/TO_MULTI_WC/booth_enc_0/b1_p_reg/TChk160_30145 at time 334514 ps $recrem (negedge CLR,posedge C,(0:0:0),(0:0:0),notifier,rst_clk_enable_p,rst_clk_enable_p,CLR_dly,C_dly) 
WARNING: "C:\Xilinx\Vivado\2018.3\data/verilog/src/unisims/FDCE.v" Line 160: Timing violation in scope /TB_TOP_PIX/uut/RGB[2].TO_HW_i/TO_MULTI_WC/booth_enc_0/b2_p_reg/TChk160_30145 at time 334514 ps $recrem (negedge CLR,posedge C,(0:0:0),(0:0:0),notifier,rst_clk_enable_p,rst_clk_enable_p,CLR_dly,C_dly) 
WARNING: "C:\Xilinx\Vivado\2018.3\data/verilog/src/unisims/FDCE.v" Line 160: Timing violation in scope /TB_TOP_PIX/uut/RGB[2].TO_HW_i/TO_MULTI_WC/gen[0].booth_enc_i/b0_p_reg/TChk160_30145 at time 334514 ps $recrem (negedge CLR,posedge C,(0:0:0),(0:0:0),notifier,rst_clk_enable_p,rst_clk_enable_p,CLR_dly,C_dly) 
WARNING: "C:\Xilinx\Vivado\2018.3\data/verilog/src/unisims/FDCE.v" Line 160: Timing violation in scope /TB_TOP_PIX/uut/RGB[2].TO_HW_i/TO_MULTI_WC/gen[0].booth_enc_i/b1_p_reg/TChk160_30145 at time 334514 ps $recrem (negedge CLR,posedge C,(0:0:0),(0:0:0),notifier,rst_clk_enable_p,rst_clk_enable_p,CLR_dly,C_dly) 
WARNING: "C:\Xilinx\Vivado\2018.3\data/verilog/src/unisims/FDCE.v" Line 160: Timing violation in scope /TB_TOP_PIX/uut/RGB[2].TO_HW_i/TO_MULTI_WC/gen[0].booth_enc_i/b2_p_reg/TChk160_30145 at time 334514 ps $recrem (negedge CLR,posedge C,(0:0:0),(0:0:0),notifier,rst_clk_enable_p,rst_clk_enable_p,CLR_dly,C_dly) 
WARNING: "C:\Xilinx\Vivado\2018.3\data/verilog/src/unisims/FDCE.v" Line 160: Timing violation in scope /TB_TOP_PIX/uut/RGB[2].TO_HW_i/TO_MULTI_WC/gen[1].booth_enc_i/b0_p_reg/TChk160_30145 at time 334514 ps $recrem (negedge CLR,posedge C,(0:0:0),(0:0:0),notifier,rst_clk_enable_p,rst_clk_enable_p,CLR_dly,C_dly) 
WARNING: "C:\Xilinx\Vivado\2018.3\data/verilog/src/unisims/FDCE.v" Line 160: Timing violation in scope /TB_TOP_PIX/uut/RGB[2].TO_HW_i/TO_MULTI_WC/gen[1].booth_enc_i/b1_p_reg/TChk160_30145 at time 334514 ps $recrem (negedge CLR,posedge C,(0:0:0),(0:0:0),notifier,rst_clk_enable_p,rst_clk_enable_p,CLR_dly,C_dly) 
WARNING: "C:\Xilinx\Vivado\2018.3\data/verilog/src/unisims/FDCE.v" Line 160: Timing violation in scope /TB_TOP_PIX/uut/RGB[2].TO_HW_i/TO_MULTI_WC/gen[1].booth_enc_i/b2_p_reg/TChk160_30145 at time 334514 ps $recrem (negedge CLR,posedge C,(0:0:0),(0:0:0),notifier,rst_clk_enable_p,rst_clk_enable_p,CLR_dly,C_dly) 
WARNING: "C:\Xilinx\Vivado\2018.3\data/verilog/src/unisims/FDCE.v" Line 160: Timing violation in scope /TB_TOP_PIX/uut/RGB[2].TO_HW_i/TO_MULTI_WC/gen[2].booth_enc_i/b0_p_reg/TChk160_30145 at time 334514 ps $recrem (negedge CLR,posedge C,(0:0:0),(0:0:0),notifier,rst_clk_enable_p,rst_clk_enable_p,CLR_dly,C_dly) 
WARNING: "C:\Xilinx\Vivado\2018.3\data/verilog/src/unisims/FDCE.v" Line 160: Timing violation in scope /TB_TOP_PIX/uut/RGB[2].TO_HW_i/TO_MULTI_WC/gen[2].booth_enc_i/b1_p_reg/TChk160_30145 at time 334514 ps $recrem (negedge CLR,posedge C,(0:0:0),(0:0:0),notifier,rst_clk_enable_p,rst_clk_enable_p,CLR_dly,C_dly) 
WARNING: "C:\Xilinx\Vivado\2018.3\data/verilog/src/unisims/FDCE.v" Line 160: Timing violation in scope /TB_TOP_PIX/uut/RGB[2].TO_HW_i/TO_MULTI_WC/gen[2].booth_enc_i/b2_p_reg/TChk160_30145 at time 334514 ps $recrem (negedge CLR,posedge C,(0:0:0),(0:0:0),notifier,rst_clk_enable_p,rst_clk_enable_p,CLR_dly,C_dly) 
WARNING: "C:\Xilinx\Vivado\2018.3\data/verilog/src/unisims/FDCE.v" Line 160: Timing violation in scope /TB_TOP_PIX/uut/RGB[2].TO_HW_i/TO_PROD_W/booth_enc_0/b1_p_reg/TChk160_30145 at time 334514 ps $recrem (negedge CLR,posedge C,(0:0:0),(0:0:0),notifier,rst_clk_enable_p,rst_clk_enable_p,CLR_dly,C_dly) 
WARNING: "C:\Xilinx\Vivado\2018.3\data/verilog/src/unisims/FDCE.v" Line 160: Timing violation in scope /TB_TOP_PIX/uut/RGB[2].TO_HW_i/TO_PROD_W/booth_enc_0/b2_p_reg/TChk160_30145 at time 334514 ps $recrem (negedge CLR,posedge C,(0:0:0),(0:0:0),notifier,rst_clk_enable_p,rst_clk_enable_p,CLR_dly,C_dly) 
WARNING: "C:\Xilinx\Vivado\2018.3\data/verilog/src/unisims/FDCE.v" Line 160: Timing violation in scope /TB_TOP_PIX/uut/RGB[2].TO_HW_i/TO_PROD_W/gen[0].booth_enc_i/b0_p_reg/TChk160_30145 at time 334514 ps $recrem (negedge CLR,posedge C,(0:0:0),(0:0:0),notifier,rst_clk_enable_p,rst_clk_enable_p,CLR_dly,C_dly) 
WARNING: "C:\Xilinx\Vivado\2018.3\data/verilog/src/unisims/FDCE.v" Line 160: Timing violation in scope /TB_TOP_PIX/uut/RGB[2].TO_HW_i/TO_PROD_W/gen[0].booth_enc_i/b2_p_reg/TChk160_30145 at time 334514 ps $recrem (negedge CLR,posedge C,(0:0:0),(0:0:0),notifier,rst_clk_enable_p,rst_clk_enable_p,CLR_dly,C_dly) 
WARNING: "C:\Xilinx\Vivado\2018.3\data/verilog/src/unisims/FDCE.v" Line 160: Timing violation in scope /TB_TOP_PIX/uut/RGB[2].TO_HW_i/TO_PROD_W/gen[1].booth_enc_i/b0_p_reg/TChk160_30145 at time 334514 ps $recrem (negedge CLR,posedge C,(0:0:0),(0:0:0),notifier,rst_clk_enable_p,rst_clk_enable_p,CLR_dly,C_dly) 
WARNING: "C:\Xilinx\Vivado\2018.3\data/verilog/src/unisims/FDCE.v" Line 160: Timing violation in scope /TB_TOP_PIX/uut/RGB[2].TO_HW_i/TO_PROD_WL/booth_enc_0/b1_p_reg/TChk160_30145 at time 334514 ps $recrem (negedge CLR,posedge C,(0:0:0),(0:0:0),notifier,rst_clk_enable_p,rst_clk_enable_p,CLR_dly,C_dly) 
WARNING: "C:\Xilinx\Vivado\2018.3\data/verilog/src/unisims/FDCE.v" Line 160: Timing violation in scope /TB_TOP_PIX/uut/RGB[2].TO_HW_i/TO_PROD_WL/booth_enc_0/b2_p_reg/TChk160_30145 at time 334514 ps $recrem (negedge CLR,posedge C,(0:0:0),(0:0:0),notifier,rst_clk_enable_p,rst_clk_enable_p,CLR_dly,C_dly) 
WARNING: "C:\Xilinx\Vivado\2018.3\data/verilog/src/unisims/FDCE.v" Line 160: Timing violation in scope /TB_TOP_PIX/uut/RGB[2].TO_HW_i/TO_PROD_WL/gen[0].booth_enc_i/b0_p_reg/TChk160_30145 at time 334514 ps $recrem (negedge CLR,posedge C,(0:0:0),(0:0:0),notifier,rst_clk_enable_p,rst_clk_enable_p,CLR_dly,C_dly) 
WARNING: "C:\Xilinx\Vivado\2018.3\data/verilog/src/unisims/FDCE.v" Line 160: Timing violation in scope /TB_TOP_PIX/uut/RGB[2].TO_HW_i/TO_PROD_WL/gen[0].booth_enc_i/b1_p_reg/TChk160_30145 at time 334514 ps $recrem (negedge CLR,posedge C,(0:0:0),(0:0:0),notifier,rst_clk_enable_p,rst_clk_enable_p,CLR_dly,C_dly) 
WARNING: "C:\Xilinx\Vivado\2018.3\data/verilog/src/unisims/FDCE.v" Line 160: Timing violation in scope /TB_TOP_PIX/uut/RGB[2].TO_HW_i/TO_PROD_WL/gen[0].booth_enc_i/b2_p_reg/TChk160_30145 at time 334514 ps $recrem (negedge CLR,posedge C,(0:0:0),(0:0:0),notifier,rst_clk_enable_p,rst_clk_enable_p,CLR_dly,C_dly) 
WARNING: "C:\Xilinx\Vivado\2018.3\data/verilog/src/unisims/FDCE.v" Line 160: Timing violation in scope /TB_TOP_PIX/uut/RGB[2].TO_HW_i/TO_PROD_WL/gen[1].booth_enc_i/b0_p_reg/TChk160_30145 at time 334514 ps $recrem (negedge CLR,posedge C,(0:0:0),(0:0:0),notifier,rst_clk_enable_p,rst_clk_enable_p,CLR_dly,C_dly) 
WARNING: "C:\Xilinx\Vivado\2018.3\data/verilog/src/unisims/FDCE.v" Line 160: Timing violation in scope /TB_TOP_PIX/uut/RGB[2].TO_HW_i/TO_PROD_WL/gen[1].booth_enc_i/b1_p_reg/TChk160_30145 at time 334514 ps $recrem (negedge CLR,posedge C,(0:0:0),(0:0:0),notifier,rst_clk_enable_p,rst_clk_enable_p,CLR_dly,C_dly) 
WARNING: "C:\Xilinx\Vivado\2018.3\data/verilog/src/unisims/FDCE.v" Line 160: Timing violation in scope /TB_TOP_PIX/uut/RGB[2].TO_HW_i/TO_PROD_WL/gen[1].booth_enc_i/b2_p_reg/TChk160_30145 at time 334514 ps $recrem (negedge CLR,posedge C,(0:0:0),(0:0:0),notifier,rst_clk_enable_p,rst_clk_enable_p,CLR_dly,C_dly) 
WARNING: "C:\Xilinx\Vivado\2018.3\data/verilog/src/unisims/FDCE.v" Line 160: Timing violation in scope /TB_TOP_PIX/uut/RGB[2].TO_HW_i/TO_PROD_WL/gen[2].booth_enc_i/b0_p_reg/TChk160_30145 at time 334514 ps $recrem (negedge CLR,posedge C,(0:0:0),(0:0:0),notifier,rst_clk_enable_p,rst_clk_enable_p,CLR_dly,C_dly) 
WARNING: "C:\Xilinx\Vivado\2018.3\data/verilog/src/unisims/FDCE.v" Line 160: Timing violation in scope /TB_TOP_PIX/uut/RGB[2].TO_HW_i/TO_PROD_WL/gen[2].booth_enc_i/b1_p_reg/TChk160_30145 at time 334514 ps $recrem (negedge CLR,posedge C,(0:0:0),(0:0:0),notifier,rst_clk_enable_p,rst_clk_enable_p,CLR_dly,C_dly) 
WARNING: "C:\Xilinx\Vivado\2018.3\data/verilog/src/unisims/FDCE.v" Line 160: Timing violation in scope /TB_TOP_PIX/uut/RGB[2].TO_HW_i/TO_PROD_WL/gen[2].booth_enc_i/b2_p_reg/TChk160_30145 at time 334514 ps $recrem (negedge CLR,posedge C,(0:0:0),(0:0:0),notifier,rst_clk_enable_p,rst_clk_enable_p,CLR_dly,C_dly) 
