INFO: [VRFC 10-2263] Analyzing Verilog file "C:/Users/matte/Downloads/project_pixV2.xpr/project_pix/project_pix.sim/sim_1/synth/timing/xsim/TB_TOP_PIX_time_synth.v" into library xil_defaultlib
INFO: [VRFC 10-311] analyzing module ADDER12
INFO: [VRFC 10-311] analyzing module ADDER12__1
INFO: [VRFC 10-311] analyzing module ADDER12__2
INFO: [VRFC 10-311] analyzing module ADDER12__3
INFO: [VRFC 10-311] analyzing module ADDER12__4
INFO: [VRFC 10-311] analyzing module ADDER12__5
INFO: [VRFC 10-311] analyzing module ADDER20
INFO: [VRFC 10-311] analyzing module ADDER20__1
INFO: [VRFC 10-311] analyzing module ADDER20__10
INFO: [VRFC 10-311] analyzing module ADDER20__11
INFO: [VRFC 10-311] analyzing module ADDER20__2
INFO: [VRFC 10-311] analyzing module ADDER20__3
INFO: [VRFC 10-311] analyzing module ADDER20__4
INFO: [VRFC 10-311] analyzing module ADDER20__5
INFO: [VRFC 10-311] analyzing module ADDER20__6
INFO: [VRFC 10-311] analyzing module ADDER20__7
INFO: [VRFC 10-311] analyzing module ADDER20__8
INFO: [VRFC 10-311] analyzing module ADDER20__9
INFO: [VRFC 10-311] analyzing module CARRY_SAVE
INFO: [VRFC 10-311] analyzing module CARRY_SAVE4_8
INFO: [VRFC 10-311] analyzing module CARRY_SAVE4_8__1
INFO: [VRFC 10-311] analyzing module CARRY_SAVE4_8__2
INFO: [VRFC 10-311] analyzing module CARRY_SAVE4_8__3
INFO: [VRFC 10-311] analyzing module CARRY_SAVE4_8__4
INFO: [VRFC 10-311] analyzing module CARRY_SAVE4_8__5
INFO: [VRFC 10-311] analyzing module CARRY_SAVE_3
INFO: [VRFC 10-311] analyzing module CARRY_SAVE_3__1
INFO: [VRFC 10-311] analyzing module CARRY_SAVE_3__2
INFO: [VRFC 10-311] analyzing module CARRY_SAVE__1
INFO: [VRFC 10-311] analyzing module CARRY_SAVE__2
INFO: [VRFC 10-311] analyzing module CARRY_SAVE__3
INFO: [VRFC 10-311] analyzing module CARRY_SAVE__4
INFO: [VRFC 10-311] analyzing module CARRY_SAVE__5
INFO: [VRFC 10-311] analyzing module CARRY_SAVE__6
INFO: [VRFC 10-311] analyzing module CARRY_SAVE__7
INFO: [VRFC 10-311] analyzing module CARRY_SAVE__8
INFO: [VRFC 10-311] analyzing module FA
INFO: [VRFC 10-311] analyzing module FA__1
INFO: [VRFC 10-311] analyzing module FA__10
INFO: [VRFC 10-311] analyzing module FA__100
INFO: [VRFC 10-311] analyzing module FA__101
INFO: [VRFC 10-311] analyzing module FA__102
INFO: [VRFC 10-311] analyzing module FA__103
INFO: [VRFC 10-311] analyzing module FA__107
INFO: [VRFC 10-311] analyzing module FA__108
INFO: [VRFC 10-311] analyzing module FA__109
INFO: [VRFC 10-311] analyzing module FA__11
INFO: [VRFC 10-311] analyzing module FA__110
INFO: [VRFC 10-311] analyzing module FA__111
INFO: [VRFC 10-311] analyzing module FA__112
INFO: [VRFC 10-311] analyzing module FA__113
INFO: [VRFC 10-311] analyzing module FA__114
INFO: [VRFC 10-311] analyzing module FA__115
INFO: [VRFC 10-311] analyzing module FA__116
INFO: [VRFC 10-311] analyzing module FA__117
INFO: [VRFC 10-311] analyzing module FA__118
INFO: [VRFC 10-311] analyzing module FA__119
INFO: [VRFC 10-311] analyzing module FA__12
INFO: [VRFC 10-311] analyzing module FA__120
INFO: [VRFC 10-311] analyzing module FA__121
INFO: [VRFC 10-311] analyzing module FA__122
INFO: [VRFC 10-311] analyzing module FA__123
INFO: [VRFC 10-311] analyzing module FA__126
INFO: [VRFC 10-311] analyzing module FA__127
INFO: [VRFC 10-311] analyzing module FA__128
INFO: [VRFC 10-311] analyzing module FA__129
INFO: [VRFC 10-311] analyzing module FA__13
INFO: [VRFC 10-311] analyzing module FA__130
INFO: [VRFC 10-311] analyzing module FA__131
INFO: [VRFC 10-311] analyzing module FA__132
INFO: [VRFC 10-311] analyzing module FA__133
INFO: [VRFC 10-311] analyzing module FA__134
INFO: [VRFC 10-311] analyzing module FA__135
INFO: [VRFC 10-311] analyzing module FA__136
INFO: [VRFC 10-311] analyzing module FA__137
INFO: [VRFC 10-311] analyzing module FA__138
INFO: [VRFC 10-311] analyzing module FA__139
INFO: [VRFC 10-311] analyzing module FA__14
INFO: [VRFC 10-311] analyzing module FA__144
INFO: [VRFC 10-311] analyzing module FA__145
INFO: [VRFC 10-311] analyzing module FA__146
INFO: [VRFC 10-311] analyzing module FA__147
INFO: [VRFC 10-311] analyzing module FA__148
INFO: [VRFC 10-311] analyzing module FA__149
INFO: [VRFC 10-311] analyzing module FA__15
INFO: [VRFC 10-311] analyzing module FA__150
INFO: [VRFC 10-311] analyzing module FA__151
INFO: [VRFC 10-311] analyzing module FA__152
INFO: [VRFC 10-311] analyzing module FA__153
INFO: [VRFC 10-311] analyzing module FA__154
INFO: [VRFC 10-311] analyzing module FA__155
INFO: [VRFC 10-311] analyzing module FA__156
INFO: [VRFC 10-311] analyzing module FA__157
INFO: [VRFC 10-311] analyzing module FA__158
INFO: [VRFC 10-311] analyzing module FA__159
INFO: [VRFC 10-311] analyzing module FA__16
INFO: [VRFC 10-311] analyzing module FA__160
INFO: [VRFC 10-311] analyzing module FA__161
INFO: [VRFC 10-311] analyzing module FA__162
INFO: [VRFC 10-311] analyzing module FA__163
INFO: [VRFC 10-311] analyzing module FA__164
INFO: [VRFC 10-311] analyzing module FA__165
INFO: [VRFC 10-311] analyzing module FA__166
INFO: [VRFC 10-311] analyzing module FA__167
INFO: [VRFC 10-311] analyzing module FA__168
INFO: [VRFC 10-311] analyzing module FA__169
INFO: [VRFC 10-311] analyzing module FA__170
INFO: [VRFC 10-311] analyzing module FA__171
INFO: [VRFC 10-311] analyzing module FA__172
INFO: [VRFC 10-311] analyzing module FA__173
INFO: [VRFC 10-311] analyzing module FA__174
INFO: [VRFC 10-311] analyzing module FA__175
INFO: [VRFC 10-311] analyzing module FA__176
INFO: [VRFC 10-311] analyzing module FA__177
INFO: [VRFC 10-311] analyzing module FA__178
INFO: [VRFC 10-311] analyzing module FA__179
INFO: [VRFC 10-311] analyzing module FA__180
INFO: [VRFC 10-311] analyzing module FA__181
INFO: [VRFC 10-311] analyzing module FA__182
INFO: [VRFC 10-311] analyzing module FA__183
INFO: [VRFC 10-311] analyzing module FA__184
INFO: [VRFC 10-311] analyzing module FA__185
INFO: [VRFC 10-311] analyzing module FA__186
INFO: [VRFC 10-311] analyzing module FA__187
INFO: [VRFC 10-311] analyzing module FA__188
INFO: [VRFC 10-311] analyzing module FA__189
INFO: [VRFC 10-311] analyzing module FA__190
INFO: [VRFC 10-311] analyzing module FA__191
INFO: [VRFC 10-311] analyzing module FA__192
INFO: [VRFC 10-311] analyzing module FA__193
INFO: [VRFC 10-311] analyzing module FA__194
INFO: [VRFC 10-311] analyzing module FA__197
INFO: [VRFC 10-311] analyzing module FA__198
INFO: [VRFC 10-311] analyzing module FA__199
INFO: [VRFC 10-311] analyzing module FA__2
INFO: [VRFC 10-311] analyzing module FA__200
INFO: [VRFC 10-311] analyzing module FA__201
INFO: [VRFC 10-311] analyzing module FA__202
INFO: [VRFC 10-311] analyzing module FA__203
INFO: [VRFC 10-311] analyzing module FA__204
INFO: [VRFC 10-311] analyzing module FA__205
INFO: [VRFC 10-311] analyzing module FA__206
INFO: [VRFC 10-311] analyzing module FA__207
INFO: [VRFC 10-311] analyzing module FA__208
INFO: [VRFC 10-311] analyzing module FA__209
INFO: [VRFC 10-311] analyzing module FA__21
INFO: [VRFC 10-311] analyzing module FA__210
INFO: [VRFC 10-311] analyzing module FA__214
INFO: [VRFC 10-311] analyzing module FA__215
INFO: [VRFC 10-311] analyzing module FA__216
INFO: [VRFC 10-311] analyzing module FA__217
INFO: [VRFC 10-311] analyzing module FA__218
INFO: [VRFC 10-311] analyzing module FA__219
INFO: [VRFC 10-311] analyzing module FA__22
INFO: [VRFC 10-311] analyzing module FA__220
INFO: [VRFC 10-311] analyzing module FA__221
INFO: [VRFC 10-311] analyzing module FA__222
INFO: [VRFC 10-311] analyzing module FA__223
INFO: [VRFC 10-311] analyzing module FA__224
INFO: [VRFC 10-311] analyzing module FA__225
INFO: [VRFC 10-311] analyzing module FA__226
INFO: [VRFC 10-311] analyzing module FA__227
INFO: [VRFC 10-311] analyzing module FA__228
INFO: [VRFC 10-311] analyzing module FA__229
INFO: [VRFC 10-311] analyzing module FA__23
INFO: [VRFC 10-311] analyzing module FA__230
INFO: [VRFC 10-311] analyzing module FA__233
INFO: [VRFC 10-311] analyzing module FA__234
INFO: [VRFC 10-311] analyzing module FA__235
INFO: [VRFC 10-311] analyzing module FA__236
INFO: [VRFC 10-311] analyzing module FA__237
INFO: [VRFC 10-311] analyzing module FA__238
INFO: [VRFC 10-311] analyzing module FA__239
INFO: [VRFC 10-311] analyzing module FA__24
INFO: [VRFC 10-311] analyzing module FA__240
INFO: [VRFC 10-311] analyzing module FA__241
INFO: [VRFC 10-311] analyzing module FA__242
INFO: [VRFC 10-311] analyzing module FA__243
INFO: [VRFC 10-311] analyzing module FA__244
INFO: [VRFC 10-311] analyzing module FA__245
INFO: [VRFC 10-311] analyzing module FA__246
INFO: [VRFC 10-311] analyzing module FA__25
INFO: [VRFC 10-311] analyzing module FA__250
INFO: [VRFC 10-311] analyzing module FA__251
INFO: [VRFC 10-311] analyzing module FA__252
INFO: [VRFC 10-311] analyzing module FA__253
INFO: [VRFC 10-311] analyzing module FA__254
INFO: [VRFC 10-311] analyzing module FA__255
INFO: [VRFC 10-311] analyzing module FA__256
INFO: [VRFC 10-311] analyzing module FA__257
INFO: [VRFC 10-311] analyzing module FA__258
INFO: [VRFC 10-311] analyzing module FA__259
INFO: [VRFC 10-311] analyzing module FA__26
INFO: [VRFC 10-311] analyzing module FA__260
INFO: [VRFC 10-311] analyzing module FA__261
INFO: [VRFC 10-311] analyzing module FA__262
INFO: [VRFC 10-311] analyzing module FA__263
INFO: [VRFC 10-311] analyzing module FA__264
INFO: [VRFC 10-311] analyzing module FA__265
INFO: [VRFC 10-311] analyzing module FA__266
INFO: [VRFC 10-311] analyzing module FA__269
INFO: [VRFC 10-311] analyzing module FA__27
INFO: [VRFC 10-311] analyzing module FA__270
INFO: [VRFC 10-311] analyzing module FA__271
INFO: [VRFC 10-311] analyzing module FA__272
INFO: [VRFC 10-311] analyzing module FA__273
INFO: [VRFC 10-311] analyzing module FA__274
INFO: [VRFC 10-311] analyzing module FA__275
INFO: [VRFC 10-311] analyzing module FA__276
INFO: [VRFC 10-311] analyzing module FA__277
INFO: [VRFC 10-311] analyzing module FA__278
INFO: [VRFC 10-311] analyzing module FA__279
INFO: [VRFC 10-311] analyzing module FA__28
INFO: [VRFC 10-311] analyzing module FA__280
INFO: [VRFC 10-311] analyzing module FA__281
INFO: [VRFC 10-311] analyzing module FA__282
INFO: [VRFC 10-311] analyzing module FA__287
INFO: [VRFC 10-311] analyzing module FA__288
INFO: [VRFC 10-311] analyzing module FA__289
INFO: [VRFC 10-311] analyzing module FA__29
INFO: [VRFC 10-311] analyzing module FA__290
INFO: [VRFC 10-311] analyzing module FA__291
INFO: [VRFC 10-311] analyzing module FA__292
INFO: [VRFC 10-311] analyzing module FA__293
INFO: [VRFC 10-311] analyzing module FA__294
INFO: [VRFC 10-311] analyzing module FA__295
INFO: [VRFC 10-311] analyzing module FA__296
INFO: [VRFC 10-311] analyzing module FA__297
INFO: [VRFC 10-311] analyzing module FA__298
INFO: [VRFC 10-311] analyzing module FA__299
INFO: [VRFC 10-311] analyzing module FA__3
INFO: [VRFC 10-311] analyzing module FA__30
INFO: [VRFC 10-311] analyzing module FA__300
INFO: [VRFC 10-311] analyzing module FA__301
INFO: [VRFC 10-311] analyzing module FA__302
INFO: [VRFC 10-311] analyzing module FA__304
INFO: [VRFC 10-311] analyzing module FA__305
INFO: [VRFC 10-311] analyzing module FA__306
INFO: [VRFC 10-311] analyzing module FA__307
INFO: [VRFC 10-311] analyzing module FA__308
INFO: [VRFC 10-311] analyzing module FA__309
INFO: [VRFC 10-311] analyzing module FA__31
INFO: [VRFC 10-311] analyzing module FA__310
INFO: [VRFC 10-311] analyzing module FA__311
INFO: [VRFC 10-311] analyzing module FA__312
INFO: [VRFC 10-311] analyzing module FA__313
INFO: [VRFC 10-311] analyzing module FA__314
INFO: [VRFC 10-311] analyzing module FA__315
INFO: [VRFC 10-311] analyzing module FA__316
INFO: [VRFC 10-311] analyzing module FA__317
INFO: [VRFC 10-311] analyzing module FA__318
INFO: [VRFC 10-311] analyzing module FA__319
INFO: [VRFC 10-311] analyzing module FA__32
INFO: [VRFC 10-311] analyzing module FA__320
INFO: [VRFC 10-311] analyzing module FA__321
INFO: [VRFC 10-311] analyzing module FA__322
INFO: [VRFC 10-311] analyzing module FA__323
INFO: [VRFC 10-311] analyzing module FA__324
INFO: [VRFC 10-311] analyzing module FA__325
INFO: [VRFC 10-311] analyzing module FA__326
INFO: [VRFC 10-311] analyzing module FA__327
INFO: [VRFC 10-311] analyzing module FA__328
INFO: [VRFC 10-311] analyzing module FA__329
INFO: [VRFC 10-311] analyzing module FA__33
INFO: [VRFC 10-311] analyzing module FA__330
INFO: [VRFC 10-311] analyzing module FA__331
INFO: [VRFC 10-311] analyzing module FA__332
INFO: [VRFC 10-311] analyzing module FA__333
INFO: [VRFC 10-311] analyzing module FA__334
INFO: [VRFC 10-311] analyzing module FA__335
INFO: [VRFC 10-311] analyzing module FA__336
INFO: [VRFC 10-311] analyzing module FA__337
INFO: [VRFC 10-311] analyzing module FA__338
INFO: [VRFC 10-311] analyzing module FA__339
INFO: [VRFC 10-311] analyzing module FA__34
INFO: [VRFC 10-311] analyzing module FA__340
INFO: [VRFC 10-311] analyzing module FA__341
INFO: [VRFC 10-311] analyzing module FA__342
INFO: [VRFC 10-311] analyzing module FA__343
INFO: [VRFC 10-311] analyzing module FA__344
INFO: [VRFC 10-311] analyzing module FA__345
INFO: [VRFC 10-311] analyzing module FA__346
INFO: [VRFC 10-311] analyzing module FA__347
INFO: [VRFC 10-311] analyzing module FA__348
INFO: [VRFC 10-311] analyzing module FA__349
INFO: [VRFC 10-311] analyzing module FA__350
INFO: [VRFC 10-311] analyzing module FA__351
INFO: [VRFC 10-311] analyzing module FA__352
INFO: [VRFC 10-311] analyzing module FA__353
INFO: [VRFC 10-311] analyzing module FA__354
INFO: [VRFC 10-311] analyzing module FA__357
INFO: [VRFC 10-311] analyzing module FA__358
INFO: [VRFC 10-311] analyzing module FA__359
INFO: [VRFC 10-311] analyzing module FA__360
INFO: [VRFC 10-311] analyzing module FA__361
INFO: [VRFC 10-311] analyzing module FA__362
INFO: [VRFC 10-311] analyzing module FA__363
INFO: [VRFC 10-311] analyzing module FA__364
INFO: [VRFC 10-311] analyzing module FA__365
INFO: [VRFC 10-311] analyzing module FA__366
INFO: [VRFC 10-311] analyzing module FA__367
INFO: [VRFC 10-311] analyzing module FA__368
INFO: [VRFC 10-311] analyzing module FA__369
INFO: [VRFC 10-311] analyzing module FA__37
INFO: [VRFC 10-311] analyzing module FA__370
INFO: [VRFC 10-311] analyzing module FA__374
INFO: [VRFC 10-311] analyzing module FA__375
INFO: [VRFC 10-311] analyzing module FA__376
INFO: [VRFC 10-311] analyzing module FA__377
INFO: [VRFC 10-311] analyzing module FA__378
INFO: [VRFC 10-311] analyzing module FA__379
INFO: [VRFC 10-311] analyzing module FA__38
INFO: [VRFC 10-311] analyzing module FA__380
INFO: [VRFC 10-311] analyzing module FA__381
INFO: [VRFC 10-311] analyzing module FA__382
INFO: [VRFC 10-311] analyzing module FA__383
INFO: [VRFC 10-311] analyzing module FA__384
INFO: [VRFC 10-311] analyzing module FA__385
INFO: [VRFC 10-311] analyzing module FA__386
INFO: [VRFC 10-311] analyzing module FA__387
INFO: [VRFC 10-311] analyzing module FA__388
INFO: [VRFC 10-311] analyzing module FA__389
INFO: [VRFC 10-311] analyzing module FA__39
INFO: [VRFC 10-311] analyzing module FA__390
INFO: [VRFC 10-311] analyzing module FA__393
INFO: [VRFC 10-311] analyzing module FA__394
INFO: [VRFC 10-311] analyzing module FA__395
INFO: [VRFC 10-311] analyzing module FA__396
INFO: [VRFC 10-311] analyzing module FA__397
INFO: [VRFC 10-311] analyzing module FA__398
INFO: [VRFC 10-311] analyzing module FA__399
INFO: [VRFC 10-311] analyzing module FA__4
INFO: [VRFC 10-311] analyzing module FA__40
INFO: [VRFC 10-311] analyzing module FA__400
INFO: [VRFC 10-311] analyzing module FA__401
INFO: [VRFC 10-311] analyzing module FA__402
INFO: [VRFC 10-311] analyzing module FA__403
INFO: [VRFC 10-311] analyzing module FA__404
INFO: [VRFC 10-311] analyzing module FA__405
INFO: [VRFC 10-311] analyzing module FA__406
INFO: [VRFC 10-311] analyzing module FA__41
INFO: [VRFC 10-311] analyzing module FA__410
INFO: [VRFC 10-311] analyzing module FA__411
INFO: [VRFC 10-311] analyzing module FA__412
INFO: [VRFC 10-311] analyzing module FA__413
INFO: [VRFC 10-311] analyzing module FA__414
INFO: [VRFC 10-311] analyzing module FA__415
INFO: [VRFC 10-311] analyzing module FA__416
INFO: [VRFC 10-311] analyzing module FA__417
INFO: [VRFC 10-311] analyzing module FA__418
INFO: [VRFC 10-311] analyzing module FA__419
INFO: [VRFC 10-311] analyzing module FA__42
INFO: [VRFC 10-311] analyzing module FA__420
INFO: [VRFC 10-311] analyzing module FA__421
INFO: [VRFC 10-311] analyzing module FA__422
INFO: [VRFC 10-311] analyzing module FA__423
INFO: [VRFC 10-311] analyzing module FA__424
INFO: [VRFC 10-311] analyzing module FA__425
INFO: [VRFC 10-311] analyzing module FA__426
INFO: [VRFC 10-311] analyzing module FA__429
INFO: [VRFC 10-311] analyzing module FA__43
INFO: [VRFC 10-311] analyzing module FA__430
INFO: [VRFC 10-311] analyzing module FA__431
INFO: [VRFC 10-311] analyzing module FA__432
INFO: [VRFC 10-311] analyzing module FA__433
INFO: [VRFC 10-311] analyzing module FA__434
INFO: [VRFC 10-311] analyzing module FA__435
INFO: [VRFC 10-311] analyzing module FA__436
INFO: [VRFC 10-311] analyzing module FA__437
INFO: [VRFC 10-311] analyzing module FA__438
INFO: [VRFC 10-311] analyzing module FA__439
INFO: [VRFC 10-311] analyzing module FA__44
INFO: [VRFC 10-311] analyzing module FA__440
INFO: [VRFC 10-311] analyzing module FA__441
INFO: [VRFC 10-311] analyzing module FA__442
INFO: [VRFC 10-311] analyzing module FA__447
INFO: [VRFC 10-311] analyzing module FA__448
INFO: [VRFC 10-311] analyzing module FA__449
INFO: [VRFC 10-311] analyzing module FA__45
INFO: [VRFC 10-311] analyzing module FA__450
INFO: [VRFC 10-311] analyzing module FA__451
INFO: [VRFC 10-311] analyzing module FA__452
INFO: [VRFC 10-311] analyzing module FA__453
INFO: [VRFC 10-311] analyzing module FA__454
INFO: [VRFC 10-311] analyzing module FA__455
INFO: [VRFC 10-311] analyzing module FA__456
INFO: [VRFC 10-311] analyzing module FA__457
INFO: [VRFC 10-311] analyzing module FA__458
INFO: [VRFC 10-311] analyzing module FA__459
INFO: [VRFC 10-311] analyzing module FA__46
INFO: [VRFC 10-311] analyzing module FA__460
INFO: [VRFC 10-311] analyzing module FA__461
INFO: [VRFC 10-311] analyzing module FA__462
INFO: [VRFC 10-311] analyzing module FA__464
INFO: [VRFC 10-311] analyzing module FA__465
INFO: [VRFC 10-311] analyzing module FA__466
INFO: [VRFC 10-311] analyzing module FA__467
INFO: [VRFC 10-311] analyzing module FA__468
INFO: [VRFC 10-311] analyzing module FA__469
INFO: [VRFC 10-311] analyzing module FA__47
INFO: [VRFC 10-311] analyzing module FA__470
INFO: [VRFC 10-311] analyzing module FA__471
INFO: [VRFC 10-311] analyzing module FA__472
INFO: [VRFC 10-311] analyzing module FA__473
INFO: [VRFC 10-311] analyzing module FA__474
INFO: [VRFC 10-311] analyzing module FA__475
INFO: [VRFC 10-311] analyzing module FA__476
INFO: [VRFC 10-311] analyzing module FA__477
INFO: [VRFC 10-311] analyzing module FA__478
INFO: [VRFC 10-311] analyzing module FA__479
INFO: [VRFC 10-311] analyzing module FA__48
INFO: [VRFC 10-311] analyzing module FA__49
INFO: [VRFC 10-311] analyzing module FA__5
INFO: [VRFC 10-311] analyzing module FA__50
INFO: [VRFC 10-311] analyzing module FA__51
INFO: [VRFC 10-311] analyzing module FA__52
INFO: [VRFC 10-311] analyzing module FA__53
INFO: [VRFC 10-311] analyzing module FA__54
INFO: [VRFC 10-311] analyzing module FA__55
INFO: [VRFC 10-311] analyzing module FA__56
INFO: [VRFC 10-311] analyzing module FA__57
INFO: [VRFC 10-311] analyzing module FA__58
INFO: [VRFC 10-311] analyzing module FA__59
INFO: [VRFC 10-311] analyzing module FA__6
INFO: [VRFC 10-311] analyzing module FA__60
INFO: [VRFC 10-311] analyzing module FA__61
INFO: [VRFC 10-311] analyzing module FA__62
INFO: [VRFC 10-311] analyzing module FA__63
INFO: [VRFC 10-311] analyzing module FA__64
INFO: [VRFC 10-311] analyzing module FA__65
INFO: [VRFC 10-311] analyzing module FA__66
INFO: [VRFC 10-311] analyzing module FA__67
INFO: [VRFC 10-311] analyzing module FA__68
INFO: [VRFC 10-311] analyzing module FA__69
INFO: [VRFC 10-311] analyzing module FA__7
INFO: [VRFC 10-311] analyzing module FA__70
INFO: [VRFC 10-311] analyzing module FA__71
INFO: [VRFC 10-311] analyzing module FA__72
INFO: [VRFC 10-311] analyzing module FA__73
INFO: [VRFC 10-311] analyzing module FA__74
INFO: [VRFC 10-311] analyzing module FA__75
INFO: [VRFC 10-311] analyzing module FA__76
INFO: [VRFC 10-311] analyzing module FA__77
INFO: [VRFC 10-311] analyzing module FA__78
INFO: [VRFC 10-311] analyzing module FA__79
INFO: [VRFC 10-311] analyzing module FA__8
INFO: [VRFC 10-311] analyzing module FA__80
INFO: [VRFC 10-311] analyzing module FA__81
INFO: [VRFC 10-311] analyzing module FA__82
INFO: [VRFC 10-311] analyzing module FA__83
INFO: [VRFC 10-311] analyzing module FA__84
INFO: [VRFC 10-311] analyzing module FA__85
INFO: [VRFC 10-311] analyzing module FA__86
INFO: [VRFC 10-311] analyzing module FA__87
INFO: [VRFC 10-311] analyzing module FA__9
INFO: [VRFC 10-311] analyzing module FA__90
INFO: [VRFC 10-311] analyzing module FA__91
INFO: [VRFC 10-311] analyzing module FA__92
INFO: [VRFC 10-311] analyzing module FA__93
INFO: [VRFC 10-311] analyzing module FA__94
INFO: [VRFC 10-311] analyzing module FA__95
INFO: [VRFC 10-311] analyzing module FA__96
INFO: [VRFC 10-311] analyzing module FA__97
INFO: [VRFC 10-311] analyzing module FA__98
INFO: [VRFC 10-311] analyzing module FA__99
INFO: [VRFC 10-311] analyzing module FIRST
INFO: [VRFC 10-311] analyzing module FIRST__1
INFO: [VRFC 10-311] analyzing module FIRST__2
INFO: [VRFC 10-311] analyzing module FIRST__3
INFO: [VRFC 10-311] analyzing module FIRST__4
INFO: [VRFC 10-311] analyzing module FIRST__5
INFO: [VRFC 10-311] analyzing module FastRCA_4bit
INFO: [VRFC 10-311] analyzing module FastRCA_4bit__1
INFO: [VRFC 10-311] analyzing module FastRCA_4bit__10
INFO: [VRFC 10-311] analyzing module FastRCA_4bit__11
INFO: [VRFC 10-311] analyzing module FastRCA_4bit__12
INFO: [VRFC 10-311] analyzing module FastRCA_4bit__13
INFO: [VRFC 10-311] analyzing module FastRCA_4bit__14
INFO: [VRFC 10-311] analyzing module FastRCA_4bit__15
INFO: [VRFC 10-311] analyzing module FastRCA_4bit__16
INFO: [VRFC 10-311] analyzing module FastRCA_4bit__17
INFO: [VRFC 10-311] analyzing module FastRCA_4bit__18
INFO: [VRFC 10-311] analyzing module FastRCA_4bit__19
INFO: [VRFC 10-311] analyzing module FastRCA_4bit__2
INFO: [VRFC 10-311] analyzing module FastRCA_4bit__20
INFO: [VRFC 10-311] analyzing module FastRCA_4bit__21
INFO: [VRFC 10-311] analyzing module FastRCA_4bit__22
INFO: [VRFC 10-311] analyzing module FastRCA_4bit__23
INFO: [VRFC 10-311] analyzing module FastRCA_4bit__24
INFO: [VRFC 10-311] analyzing module FastRCA_4bit__25
INFO: [VRFC 10-311] analyzing module FastRCA_4bit__26
INFO: [VRFC 10-311] analyzing module FastRCA_4bit__27
INFO: [VRFC 10-311] analyzing module FastRCA_4bit__28
INFO: [VRFC 10-311] analyzing module FastRCA_4bit__29
INFO: [VRFC 10-311] analyzing module FastRCA_4bit__3
INFO: [VRFC 10-311] analyzing module FastRCA_4bit__30
INFO: [VRFC 10-311] analyzing module FastRCA_4bit__31
INFO: [VRFC 10-311] analyzing module FastRCA_4bit__32
INFO: [VRFC 10-311] analyzing module FastRCA_4bit__33
INFO: [VRFC 10-311] analyzing module FastRCA_4bit__34
INFO: [VRFC 10-311] analyzing module FastRCA_4bit__35
INFO: [VRFC 10-311] analyzing module FastRCA_4bit__36
INFO: [VRFC 10-311] analyzing module FastRCA_4bit__37
INFO: [VRFC 10-311] analyzing module FastRCA_4bit__38
INFO: [VRFC 10-311] analyzing module FastRCA_4bit__39
INFO: [VRFC 10-311] analyzing module FastRCA_4bit__4
INFO: [VRFC 10-311] analyzing module FastRCA_4bit__40
INFO: [VRFC 10-311] analyzing module FastRCA_4bit__41
INFO: [VRFC 10-311] analyzing module FastRCA_4bit__42
INFO: [VRFC 10-311] analyzing module FastRCA_4bit__43
INFO: [VRFC 10-311] analyzing module FastRCA_4bit__44
INFO: [VRFC 10-311] analyzing module FastRCA_4bit__45
INFO: [VRFC 10-311] analyzing module FastRCA_4bit__46
INFO: [VRFC 10-311] analyzing module FastRCA_4bit__47
INFO: [VRFC 10-311] analyzing module FastRCA_4bit__48
INFO: [VRFC 10-311] analyzing module FastRCA_4bit__49
INFO: [VRFC 10-311] analyzing module FastRCA_4bit__5
INFO: [VRFC 10-311] analyzing module FastRCA_4bit__50
INFO: [VRFC 10-311] analyzing module FastRCA_4bit__51
INFO: [VRFC 10-311] analyzing module FastRCA_4bit__52
INFO: [VRFC 10-311] analyzing module FastRCA_4bit__53
INFO: [VRFC 10-311] analyzing module FastRCA_4bit__54
INFO: [VRFC 10-311] analyzing module FastRCA_4bit__55
INFO: [VRFC 10-311] analyzing module FastRCA_4bit__56
INFO: [VRFC 10-311] analyzing module FastRCA_4bit__57
INFO: [VRFC 10-311] analyzing module FastRCA_4bit__58
INFO: [VRFC 10-311] analyzing module FastRCA_4bit__59
INFO: [VRFC 10-311] analyzing module FastRCA_4bit__6
INFO: [VRFC 10-311] analyzing module FastRCA_4bit__60
INFO: [VRFC 10-311] analyzing module FastRCA_4bit__61
INFO: [VRFC 10-311] analyzing module FastRCA_4bit__62
INFO: [VRFC 10-311] analyzing module FastRCA_4bit__63
INFO: [VRFC 10-311] analyzing module FastRCA_4bit__64
INFO: [VRFC 10-311] analyzing module FastRCA_4bit__65
INFO: [VRFC 10-311] analyzing module FastRCA_4bit__66
INFO: [VRFC 10-311] analyzing module FastRCA_4bit__67
INFO: [VRFC 10-311] analyzing module FastRCA_4bit__68
INFO: [VRFC 10-311] analyzing module FastRCA_4bit__69
INFO: [VRFC 10-311] analyzing module FastRCA_4bit__7
INFO: [VRFC 10-311] analyzing module FastRCA_4bit__70
INFO: [VRFC 10-311] analyzing module FastRCA_4bit__71
INFO: [VRFC 10-311] analyzing module FastRCA_4bit__72
INFO: [VRFC 10-311] analyzing module FastRCA_4bit__73
INFO: [VRFC 10-311] analyzing module FastRCA_4bit__74
INFO: [VRFC 10-311] analyzing module FastRCA_4bit__75
INFO: [VRFC 10-311] analyzing module FastRCA_4bit__76
INFO: [VRFC 10-311] analyzing module FastRCA_4bit__77
INFO: [VRFC 10-311] analyzing module FastRCA_4bit__8
INFO: [VRFC 10-311] analyzing module FastRCA_4bit__9
INFO: [VRFC 10-311] analyzing module MUX
INFO: [VRFC 10-311] analyzing module MUX__1
INFO: [VRFC 10-311] analyzing module MUX__10
INFO: [VRFC 10-311] analyzing module MUX__11
INFO: [VRFC 10-311] analyzing module MUX__12
INFO: [VRFC 10-311] analyzing module MUX__13
INFO: [VRFC 10-311] analyzing module MUX__14
INFO: [VRFC 10-311] analyzing module MUX__15
INFO: [VRFC 10-311] analyzing module MUX__16
INFO: [VRFC 10-311] analyzing module MUX__17
INFO: [VRFC 10-311] analyzing module MUX__18
INFO: [VRFC 10-311] analyzing module MUX__19
INFO: [VRFC 10-311] analyzing module MUX__2
INFO: [VRFC 10-311] analyzing module MUX__20
INFO: [VRFC 10-311] analyzing module MUX__21
INFO: [VRFC 10-311] analyzing module MUX__22
INFO: [VRFC 10-311] analyzing module MUX__23
INFO: [VRFC 10-311] analyzing module MUX__24
INFO: [VRFC 10-311] analyzing module MUX__25
INFO: [VRFC 10-311] analyzing module MUX__26
INFO: [VRFC 10-311] analyzing module MUX__27
INFO: [VRFC 10-311] analyzing module MUX__28
INFO: [VRFC 10-311] analyzing module MUX__29
INFO: [VRFC 10-311] analyzing module MUX__3
INFO: [VRFC 10-311] analyzing module MUX__30
INFO: [VRFC 10-311] analyzing module MUX__31
INFO: [VRFC 10-311] analyzing module MUX__32
INFO: [VRFC 10-311] analyzing module MUX__33
INFO: [VRFC 10-311] analyzing module MUX__34
INFO: [VRFC 10-311] analyzing module MUX__35
INFO: [VRFC 10-311] analyzing module MUX__4
INFO: [VRFC 10-311] analyzing module MUX__5
INFO: [VRFC 10-311] analyzing module MUX__6
INFO: [VRFC 10-311] analyzing module MUX__7
INFO: [VRFC 10-311] analyzing module MUX__8
INFO: [VRFC 10-311] analyzing module MUX__9
INFO: [VRFC 10-311] analyzing module PIPE_TO_ADDER
INFO: [VRFC 10-311] analyzing module PIPE_TO_ADDER__1
INFO: [VRFC 10-311] analyzing module PIPE_TO_ADDER__2
INFO: [VRFC 10-311] analyzing module PIPE_TO_ADDER__3
INFO: [VRFC 10-311] analyzing module PIPE_TO_ADDER__4
INFO: [VRFC 10-311] analyzing module PIPE_TO_ADDER__5
INFO: [VRFC 10-311] analyzing module Partial_products
INFO: [VRFC 10-311] analyzing module Partial_products__1
INFO: [VRFC 10-311] analyzing module Partial_products__2
INFO: [VRFC 10-311] analyzing module Partial_products__3
INFO: [VRFC 10-311] analyzing module Partial_products__4
INFO: [VRFC 10-311] analyzing module Partial_products__5
INFO: [VRFC 10-311] analyzing module Partial_products__6
INFO: [VRFC 10-311] analyzing module Partial_products__7
INFO: [VRFC 10-311] analyzing module Partial_products__8
INFO: [VRFC 10-311] analyzing module Pipeline
INFO: [VRFC 10-311] analyzing module Pipeline_3
INFO: [VRFC 10-311] analyzing module Pipeline_3__1
INFO: [VRFC 10-311] analyzing module Pipeline_3__2
INFO: [VRFC 10-311] analyzing module Pipeline__1
INFO: [VRFC 10-311] analyzing module Pipeline__2
INFO: [VRFC 10-311] analyzing module Pipeline__3
INFO: [VRFC 10-311] analyzing module Pipeline__4
INFO: [VRFC 10-311] analyzing module Pipeline__5
INFO: [VRFC 10-311] analyzing module Pipeline__6
INFO: [VRFC 10-311] analyzing module Pipeline__7
INFO: [VRFC 10-311] analyzing module Pipeline__8
INFO: [VRFC 10-311] analyzing module REG8
INFO: [VRFC 10-311] analyzing module REG8__1
INFO: [VRFC 10-311] analyzing module REG8__10
INFO: [VRFC 10-311] analyzing module REG8__100
INFO: [VRFC 10-311] analyzing module REG8__101
INFO: [VRFC 10-311] analyzing module REG8__102
INFO: [VRFC 10-311] analyzing module REG8__103
INFO: [VRFC 10-311] analyzing module REG8__104
INFO: [VRFC 10-311] analyzing module REG8__105
INFO: [VRFC 10-311] analyzing module REG8__106
INFO: [VRFC 10-311] analyzing module REG8__107
INFO: [VRFC 10-311] analyzing module REG8__108
INFO: [VRFC 10-311] analyzing module REG8__109
INFO: [VRFC 10-311] analyzing module REG8__11
INFO: [VRFC 10-311] analyzing module REG8__110
INFO: [VRFC 10-311] analyzing module REG8__111
INFO: [VRFC 10-311] analyzing module REG8__112
INFO: [VRFC 10-311] analyzing module REG8__113
INFO: [VRFC 10-311] analyzing module REG8__114
INFO: [VRFC 10-311] analyzing module REG8__115
INFO: [VRFC 10-311] analyzing module REG8__116
INFO: [VRFC 10-311] analyzing module REG8__117
INFO: [VRFC 10-311] analyzing module REG8__118
INFO: [VRFC 10-311] analyzing module REG8__119
INFO: [VRFC 10-311] analyzing module REG8__12
INFO: [VRFC 10-311] analyzing module REG8__120
INFO: [VRFC 10-311] analyzing module REG8__121
INFO: [VRFC 10-311] analyzing module REG8__122
INFO: [VRFC 10-311] analyzing module REG8__123
INFO: [VRFC 10-311] analyzing module REG8__124
INFO: [VRFC 10-311] analyzing module REG8__125
INFO: [VRFC 10-311] analyzing module REG8__126
INFO: [VRFC 10-311] analyzing module REG8__127
INFO: [VRFC 10-311] analyzing module REG8__128
INFO: [VRFC 10-311] analyzing module REG8__129
INFO: [VRFC 10-311] analyzing module REG8__13
INFO: [VRFC 10-311] analyzing module REG8__130
INFO: [VRFC 10-311] analyzing module REG8__131
INFO: [VRFC 10-311] analyzing module REG8__132
INFO: [VRFC 10-311] analyzing module REG8__133
INFO: [VRFC 10-311] analyzing module REG8__134
INFO: [VRFC 10-311] analyzing module REG8__135
INFO: [VRFC 10-311] analyzing module REG8__136
INFO: [VRFC 10-311] analyzing module REG8__137
INFO: [VRFC 10-311] analyzing module REG8__138
INFO: [VRFC 10-311] analyzing module REG8__139
INFO: [VRFC 10-311] analyzing module REG8__14
INFO: [VRFC 10-311] analyzing module REG8__140
INFO: [VRFC 10-311] analyzing module REG8__141
INFO: [VRFC 10-311] analyzing module REG8__142
INFO: [VRFC 10-311] analyzing module REG8__143
INFO: [VRFC 10-311] analyzing module REG8__144
INFO: [VRFC 10-311] analyzing module REG8__145
INFO: [VRFC 10-311] analyzing module REG8__146
INFO: [VRFC 10-311] analyzing module REG8__147
INFO: [VRFC 10-311] analyzing module REG8__148
INFO: [VRFC 10-311] analyzing module REG8__149
INFO: [VRFC 10-311] analyzing module REG8__15
INFO: [VRFC 10-311] analyzing module REG8__150
INFO: [VRFC 10-311] analyzing module REG8__151
INFO: [VRFC 10-311] analyzing module REG8__152
INFO: [VRFC 10-311] analyzing module REG8__153
INFO: [VRFC 10-311] analyzing module REG8__154
INFO: [VRFC 10-311] analyzing module REG8__155
INFO: [VRFC 10-311] analyzing module REG8__156
INFO: [VRFC 10-311] analyzing module REG8__157
INFO: [VRFC 10-311] analyzing module REG8__158
INFO: [VRFC 10-311] analyzing module REG8__159
INFO: [VRFC 10-311] analyzing module REG8__16
INFO: [VRFC 10-311] analyzing module REG8__160
INFO: [VRFC 10-311] analyzing module REG8__161
INFO: [VRFC 10-311] analyzing module REG8__162
INFO: [VRFC 10-311] analyzing module REG8__163
INFO: [VRFC 10-311] analyzing module REG8__164
INFO: [VRFC 10-311] analyzing module REG8__165
INFO: [VRFC 10-311] analyzing module REG8__166
INFO: [VRFC 10-311] analyzing module REG8__167
INFO: [VRFC 10-311] analyzing module REG8__168
INFO: [VRFC 10-311] analyzing module REG8__169
INFO: [VRFC 10-311] analyzing module REG8__17
INFO: [VRFC 10-311] analyzing module REG8__170
INFO: [VRFC 10-311] analyzing module REG8__171
INFO: [VRFC 10-311] analyzing module REG8__172
INFO: [VRFC 10-311] analyzing module REG8__173
INFO: [VRFC 10-311] analyzing module REG8__174
INFO: [VRFC 10-311] analyzing module REG8__175
INFO: [VRFC 10-311] analyzing module REG8__176
INFO: [VRFC 10-311] analyzing module REG8__177
INFO: [VRFC 10-311] analyzing module REG8__178
INFO: [VRFC 10-311] analyzing module REG8__179
INFO: [VRFC 10-311] analyzing module REG8__18
INFO: [VRFC 10-311] analyzing module REG8__180
INFO: [VRFC 10-311] analyzing module REG8__181
INFO: [VRFC 10-311] analyzing module REG8__182
INFO: [VRFC 10-311] analyzing module REG8__183
INFO: [VRFC 10-311] analyzing module REG8__184
INFO: [VRFC 10-311] analyzing module REG8__185
INFO: [VRFC 10-311] analyzing module REG8__186
INFO: [VRFC 10-311] analyzing module REG8__187
INFO: [VRFC 10-311] analyzing module REG8__188
INFO: [VRFC 10-311] analyzing module REG8__189
INFO: [VRFC 10-311] analyzing module REG8__19
INFO: [VRFC 10-311] analyzing module REG8__190
INFO: [VRFC 10-311] analyzing module REG8__191
INFO: [VRFC 10-311] analyzing module REG8__192
INFO: [VRFC 10-311] analyzing module REG8__193
INFO: [VRFC 10-311] analyzing module REG8__194
INFO: [VRFC 10-311] analyzing module REG8__195
INFO: [VRFC 10-311] analyzing module REG8__196
INFO: [VRFC 10-311] analyzing module REG8__197
INFO: [VRFC 10-311] analyzing module REG8__198
INFO: [VRFC 10-311] analyzing module REG8__199
INFO: [VRFC 10-311] analyzing module REG8__2
INFO: [VRFC 10-311] analyzing module REG8__20
INFO: [VRFC 10-311] analyzing module REG8__200
INFO: [VRFC 10-311] analyzing module REG8__21
INFO: [VRFC 10-311] analyzing module REG8__22
INFO: [VRFC 10-311] analyzing module REG8__23
INFO: [VRFC 10-311] analyzing module REG8__24
INFO: [VRFC 10-311] analyzing module REG8__25
INFO: [VRFC 10-311] analyzing module REG8__26
INFO: [VRFC 10-311] analyzing module REG8__27
INFO: [VRFC 10-311] analyzing module REG8__28
INFO: [VRFC 10-311] analyzing module REG8__29
INFO: [VRFC 10-311] analyzing module REG8__3
INFO: [VRFC 10-311] analyzing module REG8__30
INFO: [VRFC 10-311] analyzing module REG8__31
INFO: [VRFC 10-311] analyzing module REG8__32
INFO: [VRFC 10-311] analyzing module REG8__33
INFO: [VRFC 10-311] analyzing module REG8__34
INFO: [VRFC 10-311] analyzing module REG8__35
INFO: [VRFC 10-311] analyzing module REG8__36
INFO: [VRFC 10-311] analyzing module REG8__37
INFO: [VRFC 10-311] analyzing module REG8__38
INFO: [VRFC 10-311] analyzing module REG8__39
INFO: [VRFC 10-311] analyzing module REG8__4
INFO: [VRFC 10-311] analyzing module REG8__40
INFO: [VRFC 10-311] analyzing module REG8__41
INFO: [VRFC 10-311] analyzing module REG8__42
INFO: [VRFC 10-311] analyzing module REG8__43
INFO: [VRFC 10-311] analyzing module REG8__44
INFO: [VRFC 10-311] analyzing module REG8__45
INFO: [VRFC 10-311] analyzing module REG8__46
INFO: [VRFC 10-311] analyzing module REG8__47
INFO: [VRFC 10-311] analyzing module REG8__48
INFO: [VRFC 10-311] analyzing module REG8__49
INFO: [VRFC 10-311] analyzing module REG8__5
INFO: [VRFC 10-311] analyzing module REG8__50
INFO: [VRFC 10-311] analyzing module REG8__51
INFO: [VRFC 10-311] analyzing module REG8__52
INFO: [VRFC 10-311] analyzing module REG8__53
INFO: [VRFC 10-311] analyzing module REG8__54
INFO: [VRFC 10-311] analyzing module REG8__55
INFO: [VRFC 10-311] analyzing module REG8__56
INFO: [VRFC 10-311] analyzing module REG8__57
INFO: [VRFC 10-311] analyzing module REG8__58
INFO: [VRFC 10-311] analyzing module REG8__59
INFO: [VRFC 10-311] analyzing module REG8__6
INFO: [VRFC 10-311] analyzing module REG8__60
INFO: [VRFC 10-311] analyzing module REG8__61
INFO: [VRFC 10-311] analyzing module REG8__62
INFO: [VRFC 10-311] analyzing module REG8__63
INFO: [VRFC 10-311] analyzing module REG8__64
INFO: [VRFC 10-311] analyzing module REG8__65
INFO: [VRFC 10-311] analyzing module REG8__66
INFO: [VRFC 10-311] analyzing module REG8__67
INFO: [VRFC 10-311] analyzing module REG8__68
INFO: [VRFC 10-311] analyzing module REG8__69
INFO: [VRFC 10-311] analyzing module REG8__7
INFO: [VRFC 10-311] analyzing module REG8__70
INFO: [VRFC 10-311] analyzing module REG8__71
INFO: [VRFC 10-311] analyzing module REG8__72
INFO: [VRFC 10-311] analyzing module REG8__73
INFO: [VRFC 10-311] analyzing module REG8__74
INFO: [VRFC 10-311] analyzing module REG8__75
INFO: [VRFC 10-311] analyzing module REG8__76
INFO: [VRFC 10-311] analyzing module REG8__77
INFO: [VRFC 10-311] analyzing module REG8__78
INFO: [VRFC 10-311] analyzing module REG8__79
INFO: [VRFC 10-311] analyzing module REG8__8
INFO: [VRFC 10-311] analyzing module REG8__80
INFO: [VRFC 10-311] analyzing module REG8__81
INFO: [VRFC 10-311] analyzing module REG8__82
INFO: [VRFC 10-311] analyzing module REG8__83
INFO: [VRFC 10-311] analyzing module REG8__84
INFO: [VRFC 10-311] analyzing module REG8__85
INFO: [VRFC 10-311] analyzing module REG8__86
INFO: [VRFC 10-311] analyzing module REG8__87
INFO: [VRFC 10-311] analyzing module REG8__88
INFO: [VRFC 10-311] analyzing module REG8__89
INFO: [VRFC 10-311] analyzing module REG8__9
INFO: [VRFC 10-311] analyzing module REG8__90
INFO: [VRFC 10-311] analyzing module REG8__91
INFO: [VRFC 10-311] analyzing module REG8__92
INFO: [VRFC 10-311] analyzing module REG8__93
INFO: [VRFC 10-311] analyzing module REG8__94
INFO: [VRFC 10-311] analyzing module REG8__95
INFO: [VRFC 10-311] analyzing module REG8__96
INFO: [VRFC 10-311] analyzing module REG8__97
INFO: [VRFC 10-311] analyzing module REG8__98
INFO: [VRFC 10-311] analyzing module REG8__99
INFO: [VRFC 10-311] analyzing module SATURATION
INFO: [VRFC 10-311] analyzing module SATURATION__1
INFO: [VRFC 10-311] analyzing module SATURATION__2
INFO: [VRFC 10-311] analyzing module SECOND
INFO: [VRFC 10-311] analyzing module SECOND__1
INFO: [VRFC 10-311] analyzing module SECOND__2
INFO: [VRFC 10-311] analyzing module SECOND__3
INFO: [VRFC 10-311] analyzing module SECOND__4
INFO: [VRFC 10-311] analyzing module SECOND__5
INFO: [VRFC 10-311] analyzing module STEP1
INFO: [VRFC 10-311] analyzing module STEP1_3
INFO: [VRFC 10-311] analyzing module STEP1_3__1
INFO: [VRFC 10-311] analyzing module STEP1_3__2
INFO: [VRFC 10-311] analyzing module STEP1__1
INFO: [VRFC 10-311] analyzing module STEP1__2
INFO: [VRFC 10-311] analyzing module STEP1__3
INFO: [VRFC 10-311] analyzing module STEP1__4
INFO: [VRFC 10-311] analyzing module STEP1__5
INFO: [VRFC 10-311] analyzing module STEP1__6
INFO: [VRFC 10-311] analyzing module STEP1__7
INFO: [VRFC 10-311] analyzing module STEP1__8
INFO: [VRFC 10-311] analyzing module STEP2
INFO: [VRFC 10-311] analyzing module STEP2__1
INFO: [VRFC 10-311] analyzing module STEP2__2
INFO: [VRFC 10-311] analyzing module STEP2__3
INFO: [VRFC 10-311] analyzing module STEP2__4
INFO: [VRFC 10-311] analyzing module STEP2__5
INFO: [VRFC 10-311] analyzing module STEP2__6
INFO: [VRFC 10-311] analyzing module STEP2__7
INFO: [VRFC 10-311] analyzing module STEP2__8
INFO: [VRFC 10-311] analyzing module TOP
INFO: [VRFC 10-311] analyzing module TOP_BUF
INFO: [VRFC 10-311] analyzing module TOP_BUF__1
INFO: [VRFC 10-311] analyzing module TOP_BUF__2
INFO: [VRFC 10-311] analyzing module TOP_MULTI
INFO: [VRFC 10-311] analyzing module TOP_MULTI__1
INFO: [VRFC 10-311] analyzing module TOP_MULTI__2
INFO: [VRFC 10-311] analyzing module TOP_MULTI__3
INFO: [VRFC 10-311] analyzing module TOP_MULTI__4
INFO: [VRFC 10-311] analyzing module TOP_MULTI__5
INFO: [VRFC 10-311] analyzing module TOP_MULTI__6
INFO: [VRFC 10-311] analyzing module TOP_MULTI__7
INFO: [VRFC 10-311] analyzing module TOP_MULTI__8
INFO: [VRFC 10-311] analyzing module TOP_PIX
INFO: [VRFC 10-311] analyzing module TOP_PIX__1
INFO: [VRFC 10-311] analyzing module TOP_PIX__2
INFO: [VRFC 10-311] analyzing module booth
INFO: [VRFC 10-311] analyzing module booth__1
INFO: [VRFC 10-311] analyzing module booth__10
INFO: [VRFC 10-311] analyzing module booth__11
INFO: [VRFC 10-311] analyzing module booth__12
INFO: [VRFC 10-311] analyzing module booth__13
INFO: [VRFC 10-311] analyzing module booth__14
INFO: [VRFC 10-311] analyzing module booth__15
INFO: [VRFC 10-311] analyzing module booth__16
INFO: [VRFC 10-311] analyzing module booth__17
INFO: [VRFC 10-311] analyzing module booth__18
INFO: [VRFC 10-311] analyzing module booth__19
INFO: [VRFC 10-311] analyzing module booth__2
INFO: [VRFC 10-311] analyzing module booth__20
INFO: [VRFC 10-311] analyzing module booth__21
INFO: [VRFC 10-311] analyzing module booth__22
INFO: [VRFC 10-311] analyzing module booth__23
INFO: [VRFC 10-311] analyzing module booth__24
INFO: [VRFC 10-311] analyzing module booth__25
INFO: [VRFC 10-311] analyzing module booth__26
INFO: [VRFC 10-311] analyzing module booth__27
INFO: [VRFC 10-311] analyzing module booth__28
INFO: [VRFC 10-311] analyzing module booth__29
INFO: [VRFC 10-311] analyzing module booth__3
INFO: [VRFC 10-311] analyzing module booth__30
INFO: [VRFC 10-311] analyzing module booth__31
INFO: [VRFC 10-311] analyzing module booth__32
INFO: [VRFC 10-311] analyzing module booth__33
INFO: [VRFC 10-311] analyzing module booth__34
INFO: [VRFC 10-311] analyzing module booth__35
INFO: [VRFC 10-311] analyzing module booth__4
INFO: [VRFC 10-311] analyzing module booth__5
INFO: [VRFC 10-311] analyzing module booth__6
INFO: [VRFC 10-311] analyzing module booth__7
INFO: [VRFC 10-311] analyzing module booth__8
INFO: [VRFC 10-311] analyzing module booth__9
INFO: [VRFC 10-311] analyzing module bufgen
INFO: [VRFC 10-311] analyzing module bufgen__1
INFO: [VRFC 10-311] analyzing module bufgen__2
INFO: [VRFC 10-311] analyzing module fifo
INFO: [VRFC 10-311] analyzing module fifo__parameterized1
INFO: [VRFC 10-311] analyzing module fifo__parameterized3
INFO: [VRFC 10-311] analyzing module mirror
INFO: [VRFC 10-311] analyzing module mirror__1
INFO: [VRFC 10-311] analyzing module mirror__2
INFO: [VRFC 10-311] analyzing module mux8_72bit
INFO: [VRFC 10-311] analyzing module mux8_72bit__1
INFO: [VRFC 10-311] analyzing module mux8_72bit__2
INFO: [VRFC 10-311] analyzing module mux8_72bit__3
INFO: [VRFC 10-311] analyzing module mux8_72bit__4
INFO: [VRFC 10-311] analyzing module mux8_72bit__5
INFO: [VRFC 10-311] analyzing module mux8_72bit__6
INFO: [VRFC 10-311] analyzing module mux8_72bit__7
INFO: [VRFC 10-311] analyzing module mux8_72bit__8
INFO: [VRFC 10-311] analyzing module newbuf
INFO: [VRFC 10-311] analyzing module newbuf__1
INFO: [VRFC 10-311] analyzing module newbuf__2
INFO: [VRFC 10-311] analyzing module padd
INFO: [VRFC 10-311] analyzing module padd__1
INFO: [VRFC 10-311] analyzing module padd__2
INFO: [VRFC 10-311] analyzing module plus
INFO: [VRFC 10-311] analyzing module plus__1
INFO: [VRFC 10-311] analyzing module plus__2
INFO: [VRFC 10-311] analyzing module plus__3
INFO: [VRFC 10-311] analyzing module plus__4
INFO: [VRFC 10-311] analyzing module plus__5
INFO: [VRFC 10-311] analyzing module plus__6
INFO: [VRFC 10-311] analyzing module plus__7
INFO: [VRFC 10-311] analyzing module plus__8
INFO: [VRFC 10-311] analyzing module reg
INFO: [VRFC 10-311] analyzing module reg__710
INFO: [VRFC 10-311] analyzing module reg__711
INFO: [VRFC 10-311] analyzing module reg__712
INFO: [VRFC 10-311] analyzing module reg__713
INFO: [VRFC 10-311] analyzing module reg__714
INFO: [VRFC 10-311] analyzing module reg__715
INFO: [VRFC 10-311] analyzing module reg__716
INFO: [VRFC 10-311] analyzing module reg__717
INFO: [VRFC 10-311] analyzing module reg__718
INFO: [VRFC 10-311] analyzing module reg__719
INFO: [VRFC 10-311] analyzing module reg__720
INFO: [VRFC 10-311] analyzing module reg__721
INFO: [VRFC 10-311] analyzing module reg__722
INFO: [VRFC 10-311] analyzing module reg__723
INFO: [VRFC 10-311] analyzing module reg__724
INFO: [VRFC 10-311] analyzing module reg__725
INFO: [VRFC 10-311] analyzing module reg__726
INFO: [VRFC 10-311] analyzing module reg__727
INFO: [VRFC 10-311] analyzing module reg__728
INFO: [VRFC 10-311] analyzing module reg__729
INFO: [VRFC 10-311] analyzing module reg__730
INFO: [VRFC 10-311] analyzing module reg__731
INFO: [VRFC 10-311] analyzing module reg__732
INFO: [VRFC 10-311] analyzing module reg__733
INFO: [VRFC 10-311] analyzing module reg__734
INFO: [VRFC 10-311] analyzing module reg__735
INFO: [VRFC 10-311] analyzing module reg__736
INFO: [VRFC 10-311] analyzing module reg__737
INFO: [VRFC 10-311] analyzing module reg__738
INFO: [VRFC 10-311] analyzing module reg__739
INFO: [VRFC 10-311] analyzing module reg__740
INFO: [VRFC 10-311] analyzing module reg__741
INFO: [VRFC 10-311] analyzing module reg__742
INFO: [VRFC 10-311] analyzing module reg__743
INFO: [VRFC 10-311] analyzing module reg__744
INFO: [VRFC 10-311] analyzing module reg__745
INFO: [VRFC 10-311] analyzing module reg__746
INFO: [VRFC 10-311] analyzing module reg__747
INFO: [VRFC 10-311] analyzing module reg__748
INFO: [VRFC 10-311] analyzing module reg__749
INFO: [VRFC 10-311] analyzing module reg__750
INFO: [VRFC 10-311] analyzing module reg__751
INFO: [VRFC 10-311] analyzing module reg__752
INFO: [VRFC 10-311] analyzing module reg__753
INFO: [VRFC 10-311] analyzing module reg__754
INFO: [VRFC 10-311] analyzing module reg__755
INFO: [VRFC 10-311] analyzing module reg__756
INFO: [VRFC 10-311] analyzing module reg__757
INFO: [VRFC 10-311] analyzing module reg__758
INFO: [VRFC 10-311] analyzing module reg__759
INFO: [VRFC 10-311] analyzing module reg__760
INFO: [VRFC 10-311] analyzing module reg__761
INFO: [VRFC 10-311] analyzing module reg__762
INFO: [VRFC 10-311] analyzing module reg__763
INFO: [VRFC 10-311] analyzing module reg__764
INFO: [VRFC 10-311] analyzing module reg__765
INFO: [VRFC 10-311] analyzing module reg__766
INFO: [VRFC 10-311] analyzing module reg__767
INFO: [VRFC 10-311] analyzing module reg__768
INFO: [VRFC 10-311] analyzing module reg__769
INFO: [VRFC 10-311] analyzing module reg__770
INFO: [VRFC 10-311] analyzing module reg__771
INFO: [VRFC 10-311] analyzing module reg__772
INFO: [VRFC 10-311] analyzing module reg__773
INFO: [VRFC 10-311] analyzing module reg__774
INFO: [VRFC 10-311] analyzing module reg__775
INFO: [VRFC 10-311] analyzing module reg__776
INFO: [VRFC 10-311] analyzing module reg__777
INFO: [VRFC 10-311] analyzing module reg__778
INFO: [VRFC 10-311] analyzing module reg__779
INFO: [VRFC 10-311] analyzing module reg__780
INFO: [VRFC 10-311] analyzing module reg__781
INFO: [VRFC 10-311] analyzing module reg__782
INFO: [VRFC 10-311] analyzing module reg__783
INFO: [VRFC 10-311] analyzing module reg__784
INFO: [VRFC 10-311] analyzing module reg__785
INFO: [VRFC 10-311] analyzing module reg__786
INFO: [VRFC 10-311] analyzing module reg__787
INFO: [VRFC 10-311] analyzing module reg__788
INFO: [VRFC 10-311] analyzing module reg__789
INFO: [VRFC 10-311] analyzing module reg__790
INFO: [VRFC 10-311] analyzing module reg__791
INFO: [VRFC 10-311] analyzing module reg__792
INFO: [VRFC 10-311] analyzing module reg__793
INFO: [VRFC 10-311] analyzing module reg__794
INFO: [VRFC 10-311] analyzing module reg__795
INFO: [VRFC 10-311] analyzing module reg__796
INFO: [VRFC 10-311] analyzing module reg__797
INFO: [VRFC 10-311] analyzing module reg__798
INFO: [VRFC 10-311] analyzing module reg__799
INFO: [VRFC 10-311] analyzing module reg__800
INFO: [VRFC 10-311] analyzing module reg__801
INFO: [VRFC 10-311] analyzing module reg__802
INFO: [VRFC 10-311] analyzing module reg__803
INFO: [VRFC 10-311] analyzing module reg__804
INFO: [VRFC 10-311] analyzing module state_dec
INFO: [VRFC 10-311] analyzing module glbl
